06-06 17:47:57.569  3657  3722 D OmxCoreMaster: recordComponentAndRole() line 235: Comp OMX.Marvell.video_decoder.hevc.secure, have 1 roles
06-06 17:47:57.569  3657  3722 D CreateVideoComponentEntry: CreateComponentEntry() line 46: Omx Create Component OMX.Marvell.video_decoder.hevc.secure
06-06 17:47:57.569  3657  3722 D BerlinOmxAmpVideoDecoder: componentDeInit() line 483: Function Enter
06-06 17:47:57.569  3657  3722 D BerlinOmxAmpVideoDecoder: destroyHardwareResource() line 2090: Function Enter
06-06 17:47:57.569  3657  3722 D BerlinOmxAmpVideoDecoder: destroyHardwareResource() line 2109: Function Exit
06-06 17:47:57.569  3657  3722 D BerlinOmxAmpVideoDecoder: ~OmxAmpVideoDecoder() line 341: destroyed
06-06 17:47:57.569  3657  3722 D BerlinOmxAmpVideoDecoder: componentDeInit() line 489: Function Exit
06-06 17:47:57.569  3657  3722 D CreateVideoComponentEntry: CreateComponentEntry() line 46: Omx Create Component OMX.Marvell.video_decoder.mjpeg
06-06 17:47:57.569  3657  3722 D BerlinOmxAmpVideoDecoder: componentDeInit() line 483: Function Enter
06-06 17:47:57.569  3657  3722 D BerlinOmxAmpVideoDecoder: destroyHardwareResource() line 2090: Function Enter
06-06 17:47:57.569  3657  3722 D BerlinOmxAmpVideoDecoder: destroyHardwareResource() line 2109: Function Exit
06-06 17:47:57.569  3657  3722 D BerlinOmxAmpVideoDecoder: ~OmxAmpVideoDecoder() line 341: destroyed
06-06 17:47:57.569  3657  3722 D BerlinOmxAmpVideoDecoder: componentDeInit() line 489: Function Exit
06-06 17:47:57.569  3657  3722 D OmxCoreMaster: recordComponentAndRole() line 235: Comp OMX.Marvell.video_decoder.mjpeg, have 1 roles
06-06 17:47:57.569  3657  3722 D CreateVideoComponentEntry: CreateComponentEntry() line 46: Omx Create Component OMX.Marvell.video_decoder.mjpeg
06-06 17:47:57.569  3657  3722 D BerlinOmxAmpVideoDecoder: componentDeInit() line 483: Function Enter
06-06 17:47:57.569  3657  3722 D BerlinOmxAmpVideoDecoder: destroyHardwareResource() line 2090: Function Enter
06-06 17:47:57.569  3657  3722 D BerlinOmxAmpVideoDecoder: destroyHardwareResource() line 2109: Function Exit
06-06 17:47:57.569  3657  3722 D BerlinOmxAmpVideoDecoder: ~OmxAmpVideoDecoder() line 341: destroyed
06-06 17:47:57.569  3657  3722 D BerlinOmxAmpVideoDecoder: componentDeInit() line 489: Function Exit
06-06 17:47:57.569  3657  3722 D CreateVideoComponentEntry: CreateComponentEntry() line 46: Omx Create Component OMX.Marvell.video_decoder.wmv
06-06 17:47:57.569  3657  3722 D BerlinOmxAmpVideoDecoder: componentDeInit() line 483: Function Enter
06-06 17:47:57.569  3657  3722 D BerlinOmxAmpVideoDecoder: destroyHardwareResource() line 2090: Function Enter
06-06 17:47:57.569  3657  3722 D BerlinOmxAmpVideoDecoder: destroyHardwareResource() line 2109: Function Exit
06-06 17:47:57.569  3657  3722 D BerlinOmxAmpVideoDecoder: ~OmxAmpVideoDecoder() line 341: destroyed
06-06 17:47:57.569  3657  3722 D BerlinOmxAmpVideoDecoder: componentDeInit() line 489: Function Exit
06-06 17:47:57.569  3657  3722 D OmxCoreMaster: recordComponentAndRole() line 235: Comp OMX.Marvell.video_decoder.wmv, have 1 roles
06-06 17:47:57.569  3657  3722 D CreateVideoComponentEntry: CreateComponentEntry() line 46: Omx Create Component OMX.Marvell.video_decoder.wmv
06-06 17:47:57.569  3657  3722 D BerlinOmxAmpVideoDecoder: componentDeInit() line 483: Function Enter
06-06 17:47:57.569  3657  3722 D BerlinOmxAmpVideoDecoder: destroyHardwareResource() line 2090: Function Enter
06-06 17:47:57.569  3657  3722 D BerlinOmxAmpVideoDecoder: destroyHardwareResource() line 2109: Function Exit
06-06 17:47:57.569  3657  3722 D BerlinOmxAmpVideoDecoder: ~OmxAmpVideoDecoder() line 341: destroyed
06-06 17:47:57.569  3657  3722 D BerlinOmxAmpVideoDecoder: componentDeInit() line 489: Function Exit
06-06 17:47:57.569  3657  3722 D CreateVideoComponentEntry: CreateComponentEntry() line 46: Omx Create Component OMX.Marvell.video_decoder.wmv.secure
06-06 17:47:57.569  3657  3722 D BerlinOmxAmpVideoDecoder: componentDeInit() line 483: Function Enter
06-06 17:47:57.569  3657  3722 D BerlinOmxAmpVideoDecoder: destroyHardwareResource() line 2090: Function Enter
06-06 17:47:57.569  3657  3722 D BerlinOmxAmpVideoDecoder: destroyHardwareResource() line 2109: Function Exit
06-06 17:47:57.569  3657  3722 D BerlinOmxAmpVideoDecoder: ~OmxAmpVideoDecoder() line 341: destroyed
06-06 17:47:57.569  3657  3722 D BerlinOmxAmpVideoDecoder: componentDeInit() line 489: Function Exit
06-06 17:47:57.570  3657  3722 D OmxCoreMaster: recordComponentAndRole() line 235: Comp OMX.Marvell.video_decoder.wmv.secure, have 1 roles
06-06 17:47:57.570  3657  3722 D CreateVideoComponentEntry: CreateComponentEntry() line 46: Omx Create Component OMX.Marvell.video_decoder.wmv.secure
06-06 17:47:57.570  3657  3722 D BerlinOmxAmpVideoDecoder: componentDeInit() line 483: Function Enter
06-06 17:47:57.570  3657  3722 D BerlinOmxAmpVideoDecoder: destroyHardwareResource() line 2090: Function Enter
06-06 17:47:57.570  3657  3722 D BerlinOmxAmpVideoDecoder: destroyHardwareResource() line 2109: Function Exit
06-06 17:47:57.570  3657  3722 D BerlinOmxAmpVideoDecoder: ~OmxAmpVideoDecoder() line 341: destroyed
06-06 17:47:57.570  3657  3722 D BerlinOmxAmpVideoDecoder: componentDeInit() line 489: Function Exit
06-06 17:47:57.570  3657  3722 D CreateVideoComponentEntry: CreateComponentEntry() line 46: Omx Create Component OMX.Marvell.video_decoder.rv
06-06 17:47:57.570  3657  3722 D BerlinOmxAmpVideoDecoder: componentDeInit() line 483: Function Enter
06-06 17:47:57.570  3657  3722 D BerlinOmxAmpVideoDecoder: destroyHardwareResource() line 2090: Function Enter
06-06 17:47:57.570  3657  3722 D BerlinOmxAmpVideoDecoder: destroyHardwareResource() line 2109: Function Exit
06-06 17:47:57.570  3657  3722 D BerlinOmxAmpVideoDecoder: ~OmxAmpVideoDecoder() line 341: destroyed
06-06 17:47:57.570  3657  3722 D BerlinOmxAmpVideoDecoder: componentDeInit() line 489: Function Exit
06-06 17:47:57.570  3657  3722 D OmxCoreMaster: recordComponentAndRole() line 235: Comp OMX.Marvell.video_decoder.rv, have 1 roles
06-06 17:47:57.570  3657  3722 D CreateVideoComponentEntry: CreateComponentEntry() line 46: Omx Create Component OMX.Marvell.video_decoder.rv
06-06 17:47:57.570  3657  3722 D BerlinOmxAmpVideoDecoder: componentDeInit() line 483: Function Enter
06-06 17:47:57.570  3657  3722 D BerlinOmxAmpVideoDecoder: destroyHardwareResource() line 2090: Function Enter
06-06 17:47:57.570  3657  3722 D BerlinOmxAmpVideoDecoder: destroyHardwareResource() line 2109: Function Exit
06-06 17:47:57.570  3657  3722 D BerlinOmxAmpVideoDecoder: ~OmxAmpVideoDecoder() line 341: destroyed
06-06 17:47:57.570  3657  3722 D BerlinOmxAmpVideoDecoder: componentDeInit() line 489: Function Exit
06-06 17:47:57.570  3657  3722 D CreateVideoComponentEntry: CreateComponentEntry() line 46: Omx Create Component OMX.Marvell.video_encoder.avc
06-06 17:47:57.570  3657  3722 D BerlinOmxVideoEncoder: initPort() line 461: role video_encoder.avc
06-06 17:47:57.570  3657  3722 D BerlinOmxVideoEncoder: destroyAmpVenc() line 741: Enter
06-06 17:47:57.570  3657  3722 D BerlinOmxVideoEncoder: destroyAmpVenc() line 749: Exit
06-06 17:47:57.570  3657  3722 D OmxCoreMaster: recordComponentAndRole() line 235: Comp OMX.Marvell.video_encoder.avc, have 1 roles
06-06 17:47:57.570  3657  3722 D CreateVideoComponentEntry: CreateComponentEntry() line 46: Omx Create Component OMX.Marvell.video_encoder.avc
06-06 17:47:57.570  3657  3722 D BerlinOmxVideoEncoder: initPort() line 461: role video_encoder.avc
06-06 17:47:57.570  3657  3722 D BerlinOmxVideoEncoder: destroyAmpVenc() line 741: Enter
06-06 17:47:57.570  3657  3722 D BerlinOmxVideoEncoder: destroyAmpVenc() line 749: Exit
06-06 17:47:57.570  3657  3722 D CreateVideoComponentEntry: CreateComponentEntry() line 46: Omx Create Component OMX.Marvell.video_encoder.mpeg4
06-06 17:47:57.570  3657  3722 D BerlinOmxVideoEncoder: initPort() line 461: role video_encoder.mpeg4
06-06 17:47:57.571  3657  3722 D BerlinOmxVideoEncoder: destroyAmpVenc() line 741: Enter
06-06 17:47:57.571  3657  3722 D BerlinOmxVideoEncoder: destroyAmpVenc() line 749: Exit
06-06 17:47:57.571  3657  3722 D OmxCoreMaster: recordComponentAndRole() line 235: Comp OMX.Marvell.video_encoder.mpeg4, have 1 roles
06-06 17:47:57.571  3657  3722 D CreateVideoComponentEntry: CreateComponentEntry() line 46: Omx Create Component OMX.Marvell.video_encoder.mpeg4
06-06 17:47:57.571  3657  3722 D BerlinOmxVideoEncoder: initPort() line 461: role video_encoder.mpeg4
06-06 17:47:57.571  3657  3722 D BerlinOmxVideoEncoder: destroyAmpVenc() line 741: Enter
06-06 17:47:57.571  3657  3722 D BerlinOmxVideoEncoder: destroyAmpVenc() line 749: Exit
06-06 17:47:57.571  3657  3722 D CreateVideoComponentEntry: CreateComponentEntry() line 46: Omx Create Component OMX.Marvell.video_encoder.vp8
06-06 17:47:57.571  3657  3722 D BerlinOmxVideoEncoder: initPort() line 461: role video_encoder.vp8
06-06 17:47:57.571  3657  3722 D BerlinOmxVideoEncoder: destroyAmpVenc() line 741: Enter
06-06 17:47:57.571  3657  3722 D BerlinOmxVideoEncoder: destroyAmpVenc() line 749: Exit
06-06 17:47:57.571  3657  3722 D OmxCoreMaster: recordComponentAndRole() line 235: Comp OMX.Marvell.video_encoder.vp8, have 1 roles
06-06 17:47:57.571  3657  3722 D CreateVideoComponentEntry: CreateComponentEntry() line 46: Omx Create Component OMX.Marvell.video_encoder.vp8
06-06 17:47:57.571  3657  3722 D BerlinOmxVideoEncoder: initPort() line 461: role video_encoder.vp8
06-06 17:47:57.571  3657  3722 D BerlinOmxVideoEncoder: destroyAmpVenc() line 741: Enter
06-06 17:47:57.571  3657  3722 D BerlinOmxVideoEncoder: destroyAmpVenc() line 749: Exit
06-06 17:47:57.571  3657  3722 D CreateVideoComponentEntry: CreateComponentEntry() line 46: Omx Create Component OMX.Marvell.iv_processor.yuv
06-06 17:47:57.571  3657  3722 D BerlinOmxVideoProcessor: ~OmxVideoProcessor() line 34: destroyed
06-06 17:47:57.571  3657  3722 D OmxCoreMaster: recordComponentAndRole() line 235: Comp OMX.Marvell.iv_processor.yuv, have 1 roles
06-06 17:47:57.571  3657  3722 D CreateVideoComponentEntry: CreateComponentEntry() line 46: Omx Create Component OMX.Marvell.iv_processor.yuv
06-06 17:47:57.571  3657  3722 D BerlinOmxVideoProcessor: ~OmxVideoProcessor() line 34: destroyed
06-06 17:47:57.571  3657  3722 D CreateVideoComponentEntry: CreateComponentEntry() line 46: Omx Create Component OMX.Marvell.iv_renderer.yuv.overlay
06-06 17:47:57.571  3657  3722 D BerlinOmxVideoRender: ~OmxVideoRender() line 36: destroyed
06-06 17:47:57.571  3657  3722 D OmxCoreMaster: recordComponentAndRole() line 235: Comp OMX.Marvell.iv_renderer.yuv.overlay, have 1 roles
06-06 17:47:57.571  3657  3722 D CreateVideoComponentEntry: CreateComponentEntry() line 46: Omx Create Component OMX.Marvell.iv_renderer.yuv.overlay
06-06 17:47:57.571  3657  3722 D BerlinOmxVideoRender: ~OmxVideoRender() line 36: destroyed
06-06 17:47:57.571  3657  3722 D CreateVideoComponentEntry: CreateComponentEntry() line 46: Omx Create Component OMX.Marvell.video_scheduler.binary
06-06 17:47:57.571  3657  3722 D BerlinOmxVideoScheduler: ~OmxVideoScheduler() line 33: destroyed
06-06 17:47:57.571  3657  3722 D OmxCoreMaster: recordComponentAndRole() line 235: Comp OMX.Marvell.video_scheduler.binary, have 1 roles
06-06 17:47:57.571  3657  3722 D CreateVideoComponentEntry: CreateComponentEntry() line 46: Omx Create Component OMX.Marvell.video_scheduler.binary
06-06 17:47:57.571  3657  3722 D BerlinOmxVideoScheduler: ~OmxVideoScheduler() line 33: destroyed
06-06 17:47:57.571  3657  3722 D CreateAudioComponentEntry: CreateComponentEntry() line 40: Omx Create Component OMX.Marvell.audio_decoder.aac
06-06 17:47:57.571  3657  3722 D BerlinOmxAmpAudioDecoder: createAmpAudioDecoder() line 2728: createAmpAudioDecoder
06-06 17:47:57.571  3657  3722 D BerlinOmxAmpAudioDecoder: initPort() line 244: initPort
06-06 17:47:57.571  3657  3722 D BerlinOmxAmpAudioDecoder: componentDeInit() line 2742: Function Enter
06-06 17:47:57.571  3657  3722 D BerlinOmxAmpAudioDecoder: ~OmxAmpAudioDecoder() line 142: destroyed
06-06 17:47:57.571  3657  3722 D OmxCoreMaster: recordComponentAndRole() line 235: Comp OMX.Marvell.audio_decoder.aac, have 1 roles
06-06 17:47:57.571  3657  3722 D CreateAudioComponentEntry: CreateComponentEntry() line 40: Omx Create Component OMX.Marvell.audio_decoder.aac
06-06 17:47:57.571  3657  3722 D BerlinOmxAmpAudioDecoder: createAmpAudioDecoder() line 2728: createAmpAudioDecoder
06-06 17:47:57.571  3657  3722 D BerlinOmxAmpAudioDecoder: initPort() line 244: initPort
06-06 17:47:57.572  3657  3722 D BerlinOmxAmpAudioDecoder: componentDeInit() line 2742: Function Enter
06-06 17:47:57.572  3657  3722 D BerlinOmxAmpAudioDecoder: ~OmxAmpAudioDecoder() line 142: destroyed
06-06 17:47:57.572  3657  3722 D CreateAudioComponentEntry: CreateComponentEntry() line 40: Omx Create Component OMX.Marvell.audio_decoder.aac.secure
06-06 17:47:57.572  3657  3722 D BerlinOmxAmpAudioDecoder: createAmpAudioDecoder() line 2728: createAmpAudioDecoder
06-06 17:47:57.572  3657  3722 D BerlinOmxAmpAudioDecoder: initPort() line 244: initPort
06-06 17:47:57.572  3657  3722 D BerlinOmxAmpAudioDecoder: componentDeInit() line 2742: Function Enter
06-06 17:47:57.572  3657  3722 D BerlinOmxAmpAudioDecoder: ~OmxAmpAudioDecoder() line 142: destroyed
06-06 17:47:57.572  3657  3722 D OmxCoreMaster: recordComponentAndRole() line 235: Comp OMX.Marvell.audio_decoder.aac.secure, have 1 roles
06-06 17:47:57.572  3657  3722 D CreateAudioComponentEntry: CreateComponentEntry() line 40: Omx Create Component OMX.Marvell.audio_decoder.aac.secure
06-06 17:47:57.572  3657  3722 D BerlinOmxAmpAudioDecoder: createAmpAudioDecoder() line 2728: createAmpAudioDecoder
06-06 17:47:57.572  3657  3722 D BerlinOmxAmpAudioDecoder: initPort() line 244: initPort
06-06 17:47:57.572  3657  3722 D BerlinOmxAmpAudioDecoder: componentDeInit() line 2742: Function Enter
06-06 17:47:57.572  3657  3722 D BerlinOmxAmpAudioDecoder: ~OmxAmpAudioDecoder() line 142: destroyed
06-06 17:47:57.572  3657  3722 D CreateAudioComponentEntry: CreateComponentEntry() line 40: Omx Create Component OMX.Marvell.audio_decoder.vorbis
06-06 17:47:57.572  3657  3722 D BerlinOmxAmpAudioDecoder: createAmpAudioDecoder() line 2728: createAmpAudioDecoder
06-06 17:47:57.572  3657  3722 D BerlinOmxAmpAudioDecoder: initPort() line 244: initPort
06-06 17:47:57.572  3657  3722 D BerlinOmxAmpAudioDecoder: componentDeInit() line 2742: Function Enter
06-06 17:47:57.572  3657  3722 D BerlinOmxAmpAudioDecoder: ~OmxAmpAudioDecoder() line 142: destroyed
06-06 17:47:57.572  3657  3722 D OmxCoreMaster: recordComponentAndRole() line 235: Comp OMX.Marvell.audio_decoder.vorbis, have 1 roles
06-06 17:47:57.572  3657  3722 D CreateAudioComponentEntry: CreateComponentEntry() line 40: Omx Create Component OMX.Marvell.audio_decoder.vorbis
06-06 17:47:57.572  3657  3722 D BerlinOmxAmpAudioDecoder: createAmpAudioDecoder() line 2728: createAmpAudioDecoder
06-06 17:47:57.572  3657  3722 D BerlinOmxAmpAudioDecoder: initPort() line 244: initPort
06-06 17:47:57.572  3657  3722 D BerlinOmxAmpAudioDecoder: componentDeInit() line 2742: Function Enter
06-06 17:47:57.572  3657  3722 D BerlinOmxAmpAudioDecoder: ~OmxAmpAudioDecoder() line 142: destroyed
06-06 17:47:57.572  3657  3722 D CreateAudioComponentEntry: CreateComponentEntry() line 40: Omx Create Component OMX.Marvell.audio_decoder.g711
06-06 17:47:57.572  3657  3722 D BerlinOmxAmpAudioDecoder: createAmpAudioDecoder() line 2728: createAmpAudioDecoder
06-06 17:47:57.572  3657  3722 D BerlinOmxAmpAudioDecoder: initPort() line 244: initPort
06-06 17:47:57.572  3657  3722 D BerlinOmxAmpAudioDecoder: componentDeInit() line 2742: Function Enter
06-06 17:47:57.572  3657  3722 D BerlinOmxAmpAudioDecoder: ~OmxAmpAudioDecoder() line 142: destroyed
06-06 17:47:57.572  3657  3722 D OmxCoreMaster: recordComponentAndRole() line 235: Comp OMX.Marvell.audio_decoder.g711, have 1 roles
06-06 17:47:57.572  3657  3722 D CreateAudioComponentEntry: CreateComponentEntry() line 40: Omx Create Component OMX.Marvell.audio_decoder.g711
06-06 17:47:57.572  3657  3722 D BerlinOmxAmpAudioDecoder: createAmpAudioDecoder() line 2728: createAmpAudioDecoder
06-06 17:47:57.572  3657  3722 D BerlinOmxAmpAudioDecoder: initPort() line 244: initPort
06-06 17:47:57.572  3657  3722 D BerlinOmxAmpAudioDecoder: componentDeInit() line 2742: Function Enter
06-06 17:47:57.572  3657  3722 D BerlinOmxAmpAudioDecoder: ~OmxAmpAudioDecoder() line 142: destroyed
06-06 17:47:57.572  3657  3722 D CreateAudioComponentEntry: CreateComponentEntry() line 40: Omx Create Component OMX.Marvell.audio_decoder.ac3
06-06 17:47:57.572  3657  3722 D BerlinOmxAmpAudioDecoder: createAmpAudioDecoder() line 2728: createAmpAudioDecoder
06-06 17:47:57.572  3657  3722 D BerlinOmxAmpAudioDecoder: initPort() line 244: initPort
06-06 17:47:57.572  3657  3722 D BerlinOmxAmpAudioDecoder: componentDeInit() line 2742: Function Enter
06-06 17:47:57.572  3657  3722 D BerlinOmxAmpAudioDecoder: ~OmxAmpAudioDecoder() line 142: destroyed
06-06 17:47:57.572  3657  3722 D OmxCoreMaster: recordComponentAndRole() line 235: Comp OMX.Marvell.audio_decoder.ac3, have 1 roles
06-06 17:47:57.572  3657  3722 D CreateAudioComponentEntry: CreateComponentEntry() line 40: Omx Create Component OMX.Marvell.audio_decoder.ac3
06-06 17:47:57.572  3657  3722 D BerlinOmxAmpAudioDecoder: createAmpAudioDecoder() line 2728: createAmpAudioDecoder
06-06 17:47:57.572  3657  3722 D BerlinOmxAmpAudioDecoder: initPort() line 244: initPort
06-06 17:47:57.572  3657  3722 D BerlinOmxAmpAudioDecoder: componentDeInit() line 2742: Function Enter
06-06 17:47:57.572  3657  3722 D BerlinOmxAmpAudioDecoder: ~OmxAmpAudioDecoder() line 142: destroyed
06-06 17:47:57.572  3657  3722 D CreateAudioComponentEntry: CreateComponentEntry() line 40: Omx Create Component OMX.Marvell.audio_decoder.ac3.secure
06-06 17:47:57.572  3657  3722 D BerlinOmxAmpAudioDecoder: createAmpAudioDecoder() line 2728: createAmpAudioDecoder
06-06 17:47:57.572  3657  3722 D BerlinOmxAmpAudioDecoder: initPort() line 244: initPort
06-06 17:47:57.572  3657  3722 D BerlinOmxAmpAudioDecoder: componentDeInit() line 2742: Function Enter
06-06 17:47:57.572  3657  3722 D BerlinOmxAmpAudioDecoder: ~OmxAmpAudioDecoder() line 142: destroyed
06-06 17:47:57.572  3657  3722 D OmxCoreMaster: recordComponentAndRole() line 235: Comp OMX.Marvell.audio_decoder.ac3.secure, have 1 roles
06-06 17:47:57.572  3657  3722 D CreateAudioComponentEntry: CreateComponentEntry() line 40: Omx Create Component OMX.Marvell.audio_decoder.ac3.secure
06-06 17:47:57.572  3657  3722 D BerlinOmxAmpAudioDecoder: createAmpAudioDecoder() line 2728: createAmpAudioDecoder
06-06 17:47:57.573  3657  3722 D BerlinOmxAmpAudioDecoder: initPort() line 244: initPort
06-06 17:47:57.573  3657  3722 D BerlinOmxAmpAudioDecoder: componentDeInit() line 2742: Function Enter
06-06 17:47:57.573  3657  3722 D BerlinOmxAmpAudioDecoder: ~OmxAmpAudioDecoder() line 142: destroyed
06-06 17:47:57.573  3657  3722 D CreateAudioComponentEntry: CreateComponentEntry() line 40: Omx Create Component OMX.Marvell.audio_decoder.dts
06-06 17:47:57.573  3657  3722 D BerlinOmxAmpAudioDecoder: createAmpAudioDecoder() line 2728: createAmpAudioDecoder
06-06 17:47:57.573  3657  3722 D BerlinOmxAmpAudioDecoder: initPort() line 244: initPort
06-06 17:47:57.573  3657  3722 D BerlinOmxAmpAudioDecoder: componentDeInit() line 2742: Function Enter
06-06 17:47:57.573  3657  3722 D BerlinOmxAmpAudioDecoder: ~OmxAmpAudioDecoder() line 142: destroyed
06-06 17:47:57.573  3657  3722 D OmxCoreMaster: recordComponentAndRole() line 235: Comp OMX.Marvell.audio_decoder.dts, have 1 roles
06-06 17:47:57.573  3657  3722 D CreateAudioComponentEntry: CreateComponentEntry() line 40: Omx Create Component OMX.Marvell.audio_decoder.dts
06-06 17:47:57.573  3657  3722 D BerlinOmxAmpAudioDecoder: createAmpAudioDecoder() line 2728: createAmpAudioDecoder
06-06 17:47:57.573  3657  3722 D BerlinOmxAmpAudioDecoder: initPort() line 244: initPort
06-06 17:47:57.573  3657  3722 D BerlinOmxAmpAudioDecoder: componentDeInit() line 2742: Function Enter
06-06 17:47:57.573  3657  3722 D BerlinOmxAmpAudioDecoder: ~OmxAmpAudioDecoder() line 142: destroyed
06-06 17:47:57.573  3657  3722 D CreateAudioComponentEntry: CreateComponentEntry() line 40: Omx Create Component OMX.Marvell.audio_decoder.wma
06-06 17:47:57.573  3657  3722 D BerlinOmxAmpAudioDecoder: createAmpAudioDecoder() line 2728: createAmpAudioDecoder
06-06 17:47:57.573  3657  3722 D BerlinOmxAmpAudioDecoder: initPort() line 244: initPort
06-06 17:47:57.573  3657  3722 D BerlinOmxAmpAudioDecoder: componentDeInit() line 2742: Function Enter
06-06 17:47:57.573  3657  3722 D BerlinOmxAmpAudioDecoder: ~OmxAmpAudioDecoder() line 142: destroyed
06-06 17:47:57.573  3657  3722 D OmxCoreMaster: recordComponentAndRole() line 235: Comp OMX.Marvell.audio_decoder.wma, have 1 roles
06-06 17:47:57.573  3657  3722 D CreateAudioComponentEntry: CreateComponentEntry() line 40: Omx Create Component OMX.Marvell.audio_decoder.wma
06-06 17:47:57.573  3657  3722 D BerlinOmxAmpAudioDecoder: createAmpAudioDecoder() line 2728: createAmpAudioDecoder
06-06 17:47:57.573  3657  3722 D BerlinOmxAmpAudioDecoder: initPort() line 244: initPort
06-06 17:47:57.573  3657  3722 D BerlinOmxAmpAudioDecoder: componentDeInit() line 2742: Function Enter
06-06 17:47:57.573  3657  3722 D BerlinOmxAmpAudioDecoder: ~OmxAmpAudioDecoder() line 142: destroyed
06-06 17:47:57.573  3657  3722 D CreateAudioComponentEntry: CreateComponentEntry() line 40: Omx Create Component OMX.Marvell.audio_decoder.wma.secure
06-06 17:47:57.573  3657  3722 D BerlinOmxAmpAudioDecoder: createAmpAudioDecoder() line 2728: createAmpAudioDecoder
06-06 17:47:57.573  3657  3722 D BerlinOmxAmpAudioDecoder: initPort() line 244: initPort
06-06 17:47:57.573  3657  3722 D BerlinOmxAmpAudioDecoder: componentDeInit() line 2742: Function Enter
06-06 17:47:57.573  3657  3722 D BerlinOmxAmpAudioDecoder: ~OmxAmpAudioDecoder() line 142: destroyed
06-06 17:47:57.573  3657  3722 D OmxCoreMaster: recordComponentAndRole() line 235: Comp OMX.Marvell.audio_decoder.wma.secure, have 1 roles
06-06 17:47:57.573  3657  3722 D CreateAudioComponentEntry: CreateComponentEntry() line 40: Omx Create Component OMX.Marvell.audio_decoder.wma.secure
06-06 17:47:57.573  3657  3722 D BerlinOmxAmpAudioDecoder: createAmpAudioDecoder() line 2728: createAmpAudioDecoder
06-06 17:47:57.573  3657  3722 D BerlinOmxAmpAudioDecoder: initPort() line 244: initPort
06-06 17:47:57.573  3657  3722 D BerlinOmxAmpAudioDecoder: componentDeInit() line 2742: Function Enter
06-06 17:47:57.573  3657  3722 D BerlinOmxAmpAudioDecoder: ~OmxAmpAudioDecoder() line 142: destroyed
06-06 17:47:57.573  3657  3722 D CreateAudioComponentEntry: CreateComponentEntry() line 40: Omx Create Component OMX.Marvell.audio_decoder.mp3
06-06 17:47:57.573  3657  3722 D BerlinOmxAmpAudioDecoder: createAmpAudioDecoder() line 2728: createAmpAudioDecoder
06-06 17:47:57.573  3657  3722 D BerlinOmxAmpAudioDecoder: initPort() line 244: initPort
06-06 17:47:57.573  3657  3722 D BerlinOmxAmpAudioDecoder: componentDeInit() line 2742: Function Enter
06-06 17:47:57.573  3657  3722 D BerlinOmxAmpAudioDecoder: ~OmxAmpAudioDecoder() line 142: destroyed
06-06 17:47:57.573  3657  3722 D OmxCoreMaster: recordComponentAndRole() line 235: Comp OMX.Marvell.audio_decoder.mp3, have 1 roles
06-06 17:47:57.573  3657  3722 D CreateAudioComponentEntry: CreateComponentEntry() line 40: Omx Create Component OMX.Marvell.audio_decoder.mp3
06-06 17:47:57.573  3657  3722 D BerlinOmxAmpAudioDecoder: createAmpAudioDecoder() line 2728: createAmpAudioDecoder
06-06 17:47:57.573  3657  3722 D BerlinOmxAmpAudioDecoder: initPort() line 244: initPort
06-06 17:47:57.573  3657  3722 D BerlinOmxAmpAudioDecoder: componentDeInit() line 2742: Function Enter
06-06 17:47:57.575  3657  3722 D BerlinOmxAmpAudioDecoder: ~OmxAmpAudioDecoder() line 142: destroyed
06-06 17:47:57.575  3657  3722 D CreateAudioComponentEntry: CreateComponentEntry() line 40: Omx Create Component OMX.Marvell.audio_decoder.mp2
06-06 17:47:57.575  3657  3722 D BerlinOmxAmpAudioDecoder: createAmpAudioDecoder() line 2728: createAmpAudioDecoder
06-06 17:47:57.575  3657  3722 D BerlinOmxAmpAudioDecoder: initPort() line 244: initPort
06-06 17:47:57.575  3657  3722 D BerlinOmxAmpAudioDecoder: componentDeInit() line 2742: Function Enter
06-06 17:47:57.575  3657  3722 D BerlinOmxAmpAudioDecoder: ~OmxAmpAudioDecoder() line 142: destroyed
06-06 17:47:57.575  3657  3722 D OmxCoreMaster: recordComponentAndRole() line 235: Comp OMX.Marvell.audio_decoder.mp2, have 1 roles
06-06 17:47:57.575  3657  3722 D CreateAudioComponentEntry: CreateComponentEntry() line 40: Omx Create Component OMX.Marvell.audio_decoder.mp2
06-06 17:47:57.575  3657  3722 D BerlinOmxAmpAudioDecoder: createAmpAudioDecoder() line 2728: createAmpAudioDecoder
06-06 17:47:57.575  3657  3722 D BerlinOmxAmpAudioDecoder: initPort() line 244: initPort
06-06 17:47:57.575  3657  3722 D BerlinOmxAmpAudioDecoder: componentDeInit() line 2742: Function Enter
06-06 17:47:57.575  3657  3722 D BerlinOmxAmpAudioDecoder: ~OmxAmpAudioDecoder() line 142: destroyed
06-06 17:47:57.575  3657  3722 D CreateAudioComponentEntry: CreateComponentEntry() line 40: Omx Create Component OMX.Marvell.audio_decoder.mp1
06-06 17:47:57.575  3657  3722 D BerlinOmxAmpAudioDecoder: createAmpAudioDecoder() line 2728: createAmpAudioDecoder
06-06 17:47:57.575  3657  3722 D BerlinOmxAmpAudioDecoder: initPort() line 244: initPort
06-06 17:47:57.575  3657  3722 D BerlinOmxAmpAudioDecoder: componentDeInit() line 2742: Function Enter
06-06 17:47:57.575  3657  3722 D BerlinOmxAmpAudioDecoder: ~OmxAmpAudioDecoder() line 142: destroyed
06-06 17:47:57.575  3657  3722 D OmxCoreMaster: recordComponentAndRole() line 235: Comp OMX.Marvell.audio_decoder.mp1, have 1 roles
06-06 17:47:57.575  3657  3722 D CreateAudioComponentEntry: CreateComponentEntry() line 40: Omx Create Component OMX.Marvell.audio_decoder.mp1
06-06 17:47:57.575  3657  3722 D BerlinOmxAmpAudioDecoder: createAmpAudioDecoder() line 2728: createAmpAudioDecoder
06-06 17:47:57.575  3657  3722 D BerlinOmxAmpAudioDecoder: initPort() line 244: initPort
06-06 17:47:57.575  3657  3722 D BerlinOmxAmpAudioDecoder: componentDeInit() line 2742: Function Enter
06-06 17:47:57.575  3657  3722 D BerlinOmxAmpAudioDecoder: ~OmxAmpAudioDecoder() line 142: destroyed
06-06 17:47:57.575  3657  3722 D CreateAudioComponentEntry: CreateComponentEntry() line 40: Omx Create Component OMX.Marvell.audio_decoder.raw
06-06 17:47:57.575  3657  3722 D BerlinOmxAmpAudioDecoder: createAmpAudioDecoder() line 2728: createAmpAudioDecoder
06-06 17:47:57.575  3657  3722 D BerlinOmxAmpAudioDecoder: initPort() line 244: initPort
06-06 17:47:57.575  3657  3722 D BerlinOmxAmpAudioDecoder: componentDeInit() line 2742: Function Enter
06-06 17:47:57.575  3657  3722 D BerlinOmxAmpAudioDecoder: ~OmxAmpAudioDecoder() line 142: destroyed
06-06 17:47:57.575  3657  3722 D OmxCoreMaster: recordComponentAndRole() line 235: Comp OMX.Marvell.audio_decoder.raw, have 1 roles
06-06 17:47:57.575  3657  3722 D CreateAudioComponentEntry: CreateComponentEntry() line 40: Omx Create Component OMX.Marvell.audio_decoder.raw
06-06 17:47:57.575  3657  3722 D BerlinOmxAmpAudioDecoder: createAmpAudioDecoder() line 2728: createAmpAudioDecoder
06-06 17:47:57.575  3657  3722 D BerlinOmxAmpAudioDecoder: initPort() line 244: initPort
06-06 17:47:57.575  3657  3722 D BerlinOmxAmpAudioDecoder: componentDeInit() line 2742: Function Enter
06-06 17:47:57.575  3657  3722 D BerlinOmxAmpAudioDecoder: ~OmxAmpAudioDecoder() line 142: destroyed
06-06 17:47:57.575  3657  3722 D CreateAudioComponentEntry: CreateComponentEntry() line 40: Omx Create Component OMX.Marvell.audio_decoder.ra
06-06 17:47:57.575  3657  3722 D BerlinOmxAmpAudioDecoder: createAmpAudioDecoder() line 2728: createAmpAudioDecoder
06-06 17:47:57.575  3657  3722 D BerlinOmxAmpAudioDecoder: initPort() line 244: initPort
06-06 17:47:57.575  3657  3722 D BerlinOmxAmpAudioDecoder: componentDeInit() line 2742: Function Enter
06-06 17:47:57.575  3657  3722 D BerlinOmxAmpAudioDecoder: ~OmxAmpAudioDecoder() line 142: destroyed
06-06 17:47:57.576  3657  3722 D OmxCoreMaster: recordComponentAndRole() line 235: Comp OMX.Marvell.audio_decoder.ra, have 1 roles
06-06 17:47:57.576  3657  3722 D CreateAudioComponentEntry: CreateComponentEntry() line 40: Omx Create Component OMX.Marvell.audio_decoder.ra
06-06 17:47:57.576  3657  3722 D BerlinOmxAmpAudioDecoder: createAmpAudioDecoder() line 2728: createAmpAudioDecoder
06-06 17:47:57.576  3657  3722 D BerlinOmxAmpAudioDecoder: initPort() line 244: initPort
06-06 17:47:57.576  3657  3722 D BerlinOmxAmpAudioDecoder: componentDeInit() line 2742: Function Enter
06-06 17:47:57.576  3657  3722 D BerlinOmxAmpAudioDecoder: ~OmxAmpAudioDecoder() line 142: destroyed
06-06 17:47:57.576  3657  3722 D CreateAudioComponentEntry: CreateComponentEntry() line 40: Omx Create Component OMX.Marvell.audio_renderer.pcm
06-06 17:47:57.576  3657  3722 D BerlinOmxAmpAudioRenderer: createComponent() line 1612: ENTER
06-06 17:47:57.576  3657  3722 D BerlinOmxAmpAudioRenderer: OmxAmpAudioRenderer() line 102: ENTER
06-06 17:47:57.576  3657  3722 D BerlinOmxAmpAudioRenderer: OmxAmpAudioRenderer() line 130: EXIT
06-06 17:47:57.576  3657  3722 D BerlinOmxAmpAudioRenderer: initRole() line 428: Function Enter
06-06 17:47:57.576  3657  3722 D BerlinOmxAmpAudioRenderer: initRole() line 442: Function Exit
06-06 17:47:57.576  3657  3722 D BerlinOmxAmpAudioRenderer: initPort() line 447: Function Enter
06-06 17:47:57.576  3657  3722 D BerlinOmxAmpAudioRenderer: initPort() line 465: Function Exit
06-06 17:47:57.576  3657  3722 D BerlinOmxAmpAudioRenderer: createComponent() line 1617: EXIT
06-06 17:47:57.576  3657  3722 D BerlinOmxAmpAudioRenderer: componentDeInit() line 143: Function Enter
06-06 17:47:57.576  3657  3722 D BerlinOmxAmpAudioRenderer: ~OmxAmpAudioRenderer() line 134: ~OmxAmpAudioRenderer() line 134
06-06 17:47:57.576  3657  3722 D BerlinOmxAmpAudioRenderer: componentDeInit() line 149: Function Exit
06-06 17:47:57.576  3657  3722 D OmxCoreMaster: recordComponentAndRole() line 235: Comp OMX.Marvell.audio_renderer.pcm, have 1 roles
06-06 17:47:57.576  3657  3722 D CreateAudioComponentEntry: CreateComponentEntry() line 40: Omx Create Component OMX.Marvell.audio_renderer.pcm
06-06 17:47:57.577  3657  3722 D BerlinOmxAmpAudioRenderer: createComponent() line 1612: ENTER
06-06 17:47:57.577  3657  3722 D BerlinOmxAmpAudioRenderer: OmxAmpAudioRenderer() line 102: ENTER
06-06 17:47:57.577  3657  3722 D BerlinOmxAmpAudioRenderer: OmxAmpAudioRenderer() line 130: EXIT
06-06 17:47:57.577  3657  3722 D BerlinOmxAmpAudioRenderer: initRole() line 428: Function Enter
06-06 17:47:57.577  3657  3722 D BerlinOmxAmpAudioRenderer: initRole() line 442: Function Exit
06-06 17:47:57.577  3657  3722 D BerlinOmxAmpAudioRenderer: initPort() line 447: Function Enter
06-06 17:47:57.577  3657  3722 D BerlinOmxAmpAudioRenderer: initPort() line 465: Function Exit
06-06 17:47:57.577  3657  3722 D BerlinOmxAmpAudioRenderer: createComponent() line 1617: EXIT
06-06 17:47:57.577  3657  3722 D BerlinOmxAmpAudioRenderer: componentDeInit() line 143: Function Enter
06-06 17:47:57.577  3657  3722 D BerlinOmxAmpAudioRenderer: ~OmxAmpAudioRenderer() line 134: ~OmxAmpAudioRenderer() line 134
06-06 17:47:57.577  3657  3722 D BerlinOmxAmpAudioRenderer: componentDeInit() line 149: Function Exit
06-06 17:47:57.577  3657  3722 D BerlinOmxAmpClock: CreateComponentEntry() line 603: Omx Create Component OMX.Marvell.clock.binary
06-06 17:47:57.577  3657  3722 D BerlinOmxAmpClock: ~OmxAmpClock() line 41: destroyed
06-06 17:47:57.577  3657  3722 D OmxCoreMaster: recordComponentAndRole() line 235: Comp OMX.Marvell.clock.binary, have 1 roles
06-06 17:47:57.577  3657  3722 D BerlinOmxAmpClock: CreateComponentEntry() line 603: Omx Create Component OMX.Marvell.clock.binary
06-06 17:47:57.577  3657  3722 D BerlinOmxAmpClock: ~OmxAmpClock() line 41: destroyed
06-06 17:47:57.577  3657  3722 D CreateAudioComponentEntry: CreateComponentEntry() line 40: Omx Create Component OMX.ffmpeg.audio_decoder.mp3
06-06 17:47:57.577  3657  3722 D OmxFFmpegAudioDecoder: createFFmpegAudioDecoder() line 737: createFFmpegAudioDecoder
06-06 17:47:57.577  3657  3722 D OmxFFmpegAudioDecoder: initRole() line 203: 
06-06 17:47:57.577  3657  3722 D OmxFFmpegAudioDecoder: initRole() line 210: 
06-06 17:47:57.577  3657  3722 D OmxFFmpegAudioDecoder: initPort() line 228: 
06-06 17:47:57.577  3657  3722 D OmxCoreMaster: recordComponentAndRole() line 235: Comp OMX.ffmpeg.audio_decoder.mp3, have 1 roles
06-06 17:47:57.577  3657  3722 D CreateAudioComponentEntry: CreateComponentEntry() line 40: Omx Create Component OMX.ffmpeg.audio_decoder.mp3
06-06 17:47:57.577  3657  3722 D OmxFFmpegAudioDecoder: createFFmpegAudioDecoder() line 737: createFFmpegAudioDecoder
06-06 17:47:57.577  3657  3722 D OmxFFmpegAudioDecoder: initRole() line 203: 
06-06 17:47:57.577  3657  3722 D OmxFFmpegAudioDecoder: initRole() line 210: 
06-06 17:47:57.578  3657  3722 D OmxFFmpegAudioDecoder: initPort() line 228: 
06-06 17:47:57.578  3657  3722 D CreateAudioComponentEntry: CreateComponentEntry() line 40: Omx Create Component OMX.ffmpeg.audio_decoder.aac
06-06 17:47:57.578  3657  3722 D OmxFFmpegAudioDecoder: createFFmpegAudioDecoder() line 737: createFFmpegAudioDecoder
06-06 17:47:57.578  3657  3722 D OmxFFmpegAudioDecoder: initRole() line 203: 
06-06 17:47:57.578  3657  3722 D OmxFFmpegAudioDecoder: initRole() line 213: 
06-06 17:47:57.578  3657  3722 D OmxFFmpegAudioDecoder: initPort() line 231: 
06-06 17:47:57.578  3657  3722 D OmxCoreMaster: recordComponentAndRole() line 235: Comp OMX.ffmpeg.audio_decoder.aac, have 1 roles
06-06 17:47:57.578  3657  3722 D CreateAudioComponentEntry: CreateComponentEntry() line 40: Omx Create Component OMX.ffmpeg.audio_decoder.aac
06-06 17:47:57.578  3657  3722 D OmxFFmpegAudioDecoder: createFFmpegAudioDecoder() line 737: createFFmpegAudioDecoder
06-06 17:47:57.578  3657  3722 D OmxFFmpegAudioDecoder: initRole() line 203: 
06-06 17:47:57.578  3657  3722 D OmxFFmpegAudioDecoder: initRole() line 213: 
06-06 17:47:57.578  3657  3722 D OmxFFmpegAudioDecoder: initPort() line 231: 
06-06 17:47:57.578  3657  3722 D CreateVideoComponentEntry: CreateComponentEntry() line 46: Omx Create Component OMX.ffmpeg.video_decoder.avc
06-06 17:47:57.578  3657  3722 D OmxCoreMaster: recordComponentAndRole() line 235: Comp OMX.ffmpeg.video_decoder.avc, have 1 roles
06-06 17:47:57.578  3657  3722 D CreateVideoComponentEntry: CreateComponentEntry() line 46: Omx Create Component OMX.ffmpeg.video_decoder.avc
06-06 17:47:57.578  3657  3722 D OmxCoreMaster: recordComponentAndRole() line 274: Out recordComponentAndRole 274
06-06 17:47:57.578  3657  3722 D OmxCoreMaster: loadCore() line 338: Out loadCore 338
06-06 17:47:57.719   137   611 I WVCdm   : CdmEngine::CloseSession
06-06 17:47:57.722   137   611 I WVCdm   : L3 Terminate.
06-06 17:47:57.729   551  1036 W art     : Long monitor contention event with owner method=boolean com.android.server.accounts.AccountManagerService.saveAuthTokenToDatabase(com.android.server.accounts.AccountManagerService$UserAccounts, android.accounts.Account, java.lang.String, java.lang.String) from AccountManagerService.java:1327 waiters=0 for 1.891s
06-06 17:47:57.729   551  1113 W art     : Long monitor contention event with owner method=boolean com.android.server.accounts.AccountManagerService.saveAuthTokenToDatabase(com.android.server.accounts.AccountManagerService$UserAccounts, android.accounts.Account, java.lang.String, java.lang.String) from AccountManagerService.java:1327 waiters=1 for 681ms
06-06 17:47:57.739  1495  2641 W art     : Long monitor contention event with owner method=void nrq.a(java.lang.String, nsi, nrz) from SourceFile:868 waiters=0 for 552ms
06-06 17:47:57.913   994  2307 W [0;1;33m[byt]PfsProxy::StorageMgr[0m::GetTokenFromStore: SSS_GetItem 'OAUTH-EXP' returns 4
06-06 17:47:57.913   994  2307 I [0;1;36m[byt]Comm::Pfs[0m::COMM_PFS_isAuthenticatedOAUTH: isAuthenticated[2]: [0;1;33mNO![0m
06-06 17:47:57.940  2917  3612 W MusicApiClient: No content in 'data' field in GET sync response for Track
06-06 17:47:58.101   551  1015 W art     : Long monitor contention event with owner method=void com.android.server.accounts.AccountManagerService.setUserdataInternal(com.android.server.accounts.AccountManagerService$UserAccounts, android.accounts.Account, java.lang.String, java.lang.String) from AccountManagerService.java:1486 waiters=0 for 370ms
06-06 17:47:58.139  2757  3688 I chromium: [2757:3688:INFO:mdns_app_filter.cc(1077)] MdnsAppFilter: Done probing.
06-06 17:47:58.181   464   464 I cpusvc  : [reduce_max_freq] max freq gonna reduce to: 1000000
06-06 17:47:58.207  1495  1510 I art     : Background sticky concurrent mark sweep GC freed 38053(3MB) AllocSpace objects, 8(128KB) LOS objects, 17% free, 9MB/11MB, paused 5.158ms total 130.160ms
06-06 17:47:58.252   551   551 I art     : Explicit concurrent mark sweep GC freed 24537(1398KB) AllocSpace objects, 12(4MB) LOS objects, 16% free, 19MB/23MB, paused 4.157ms total 237.699ms
06-06 17:47:58.325   551   916 W art     : Long monitor contention event with owner method=void com.android.server.accounts.AccountManagerService.setUserdataInternal(com.android.server.accounts.AccountManagerService$UserAccounts, android.accounts.Account, java.lang.String, java.lang.String) from AccountManagerService.java:1486 waiters=1 for 346ms
06-06 17:47:58.334   551  1113 W art     : Long monitor contention event with owner method=boolean com.android.server.accounts.AccountManagerService.saveAuthTokenToDatabase(com.android.server.accounts.AccountManagerService$UserAccounts, android.accounts.Account, java.lang.String, java.lang.String) from AccountManagerService.java:1327 waiters=1 for 227ms
06-06 17:47:58.419  2917  3612 I MusicSyncAdapter: Skipping periodic sync. Last sync was 25058 seconds ago. Frequency: 86400
06-06 17:47:58.609  2757  2757 D AutoStartListener: Starting Cast Receiver service if not started yet.
06-06 17:47:58.614   698   698 V AutoDiag.Receiver: Intent { act=android.net.wifi.RSSI_CHANGED flg=0x4000010 cmp=fr.bouyguestelecom.tv.autodiag/.receiver.AutoDiagReceiver (has extras) }
06-06 17:47:58.614   698   698 V AutoDiag.Receiver: newRssi=-55
06-06 17:47:58.625   698  1224 V AutoDiag.Probe: wifi_level=-56
06-06 17:47:58.628   698  1224 V AutoDiag.Probe: wifi_noise=-73
06-06 17:47:58.628   698  1224 V AutoDiag.Probe: wifi_link_speed=52000000
06-06 17:47:58.630   698  1224 V AutoDiag.Probe: wifi_quality=4
06-06 17:47:58.650   551  1049 W art     : Long monitor contention event with owner method=void com.android.server.accounts.AccountManagerService.setUserdataInternal(com.android.server.accounts.AccountManagerService$UserAccounts, android.accounts.Account, java.lang.String, java.lang.String) from AccountManagerService.java:1486 waiters=0 for 315ms
06-06 17:47:58.658  1495  3720 W IcingInternalCorpora: getNumBytesRead when not calculated.
06-06 17:47:58.660  1495  3710 D PkgBroadcastIntentOp: Received broadcast action=android.intent.action.PACKAGE_CHANGED and uri=fr.bouyguestelecom.agent.custo
06-06 17:47:58.669  1495  3710 D WearableController: Received broadcast action=android.intent.action.PACKAGE_CHANGED and uri=fr.bouyguestelecom.agent.custo
06-06 17:47:58.756  2757  2757 D RecommendationsService: onReceive: Intent { act=com.google.android.apps.mediashell.ACTION_RECOMMEND flg=0x14 (has extras) }
06-06 17:47:59.010  1495  3747 D DropBoxEntryAddedChimeraService: User is not opted-in to Usage & Diagnostics.
06-06 17:47:59.020  1495  3747 D DropBoxEntryAddedChimeraService: User is not opted-in to Usage & Diagnostics.
06-06 17:47:59.029  1477  1492 I art     : Background partial concurrent mark sweep GC freed 21714(1887KB) AllocSpace objects, 5(90KB) LOS objects, 35% free, 7MB/11MB, paused 99.015ms total 335.126ms
06-06 17:47:59.123   551  1075 W art     : Long monitor contention event with owner method=void com.android.server.accounts.AccountManagerService.setUserdataInternal(com.android.server.accounts.AccountManagerService$UserAccounts, android.accounts.Account, java.lang.String, java.lang.String) from AccountManagerService.java:1486 waiters=1 for 523ms
06-06 17:47:59.124   551  1076 W art     : Long monitor contention event with owner method=void com.android.server.accounts.AccountManagerService.setUserdataInternal(com.android.server.accounts.AccountManagerService$UserAccounts, android.accounts.Account, java.lang.String, java.lang.String) from AccountManagerService.java:1486 waiters=1 for 456ms
06-06 17:47:59.131   551   613 W art     : Long monitor contention event with owner method=void com.android.server.accounts.AccountManagerService.setUserdataInternal(com.android.server.accounts.AccountManagerService$UserAccounts, android.accounts.Account, java.lang.String, java.lang.String) from AccountManagerService.java:1486 waiters=2 for 384ms
06-06 17:47:59.174  2917  3749 I KeepOnUpdater: Updating SHOULDKEEPON
06-06 17:47:59.183  2917  3749 D KeepOnUpdater: insertFromAutoPlaylists
06-06 17:47:59.188  2917  3749 I KeepOnUpdater: Update of SHOULDKEEPON complete
06-06 17:47:59.192  1495  3720 E IcingInternalCorpora: Unknown Contacts update mode: MAYBE
06-06 17:47:59.210   104   115 E Vold    : Failed to find mounted volume for /storage/extSdCard/Android/data/com.google.android.music/files/
06-06 17:47:59.210   104   115 W Vold    : Returning OperationFailed - no handler for errno 0
06-06 17:47:59.232   551   604 E WifiStateMachine: WifiStateMachine CMD_START_SCAN source 1000 txSuccessRate=849,35 rxSuccessRate=1452,34 targetRoamBSSID=dc:71:44:c2:00:e8 RSSI=-55
06-06 17:47:59.233   551   604 D WifiNative-wlan0: doBoolean: SCAN TYPE=ONLY
06-06 17:47:59.234   551   604 D WifiNative-wlan0: SCAN TYPE=ONLY: returned true
06-06 17:47:59.257  2917  2974 W ContextImpl: Failed to ensure directory: /storage/extSdCard/Android/data/com.google.android.music/files
06-06 17:47:59.302   551   916 W art     : Long monitor contention event with owner method=void com.android.server.accounts.AccountManagerService.setUserdataInternal(com.android.server.accounts.AccountManagerService$UserAccounts, android.accounts.Account, java.lang.String, java.lang.String) from AccountManagerService.java:1486 waiters=0 for 166ms
06-06 17:47:59.354   104   115 E Vold    : Failed to find mounted volume for /storage/extSdCard/Android/data/com.google.android.music/cache/
06-06 17:47:59.355   104   115 W Vold    : Returning OperationFailed - no handler for errno 0
06-06 17:47:59.355  2917  2974 W ContextImpl: Failed to ensure directory: /storage/extSdCard/Android/data/com.google.android.music/cache
06-06 17:47:59.361  1443  1671 D TimeManager: [thread][ANDROID_TIME]
06-06 17:47:59.387  1477  1477 D WearableService: callingUid 10034, callindPid: 1477
06-06 17:47:59.404  2917  2917 E GmsUtils: Failed to connect to Google API client: ConnectionResult{statusCode=unknown status code 16, resolution=null}
06-06 17:47:59.405  2917  3755 E GmsUtils: Failed to connect to Google API client: ConnectionResult{statusCode=unknown status code 16, resolution=null}
06-06 17:47:59.465  1495  3753 E Auth.Api.Credentials: [CredentialSyncAdapter] Unknown sync event.
06-06 17:47:59.540   551   569 I ActivityManager: Start proc 3756:com.google.android.syncadapters.calendar/u0a35 for service com.google.android.syncadapters.calendar/.CalendarSyncAdapterService
06-06 17:47:59.549  2917  3750 I MusicLeanback: Conditions not met for autocaching.
06-06 17:47:59.550  2917  3750 I MusicLeanback: Stop autocaching.
06-06 17:47:59.555   551   604 D WifiNative-wlan0: doString: [SIGNAL_POLL]
06-06 17:47:59.671   551  1076 I ActivityManager: Start proc 3774:com.google.android.gms.unstable/u0a34 for service com.google.android.gms/.droidguard.DroidGuardService
06-06 17:47:59.789  3774  3774 W ResourcesManager: Asset path '/system/framework/com.android.location.provider.jar' does not exist or contains no resources.
06-06 17:47:59.900  3756  3756 W AbstractGoogleClient: Application name is not set. Call Builder#setApplicationName.
06-06 17:47:59.934  3774  3774 I MultiDex: VM with version 2.1.0 has multidex support
06-06 17:47:59.934  3774  3774 I MultiDex: install
06-06 17:47:59.934  3774  3774 I MultiDex: VM has multidex support, MultiDex support library is disabled.
06-06 17:47:59.990  3774  3774 W linker  : libgmscore.so: unused DT entry: type 0x7ffffffd arg 0x4ed
06-06 17:47:59.997  3774  3774 W linker  : libconscrypt_gmscore_jni.so: unused DT entry: type 0x1d arg 0xef
06-06 17:47:59.997  3774  3774 W linker  : libconscrypt_gmscore_jni.so: unused DT entry: type 0x7ffffffd arg 0x1d0
06-06 17:47:59.998  3774  3774 V JNIHelp : Registering com/google/android/gms/org/conscrypt/NativeCrypto's 254 native methods...
06-06 17:48:00.032  1151  1167 I art     : Explicit concurrent mark sweep GC freed 4008(193KB) AllocSpace objects, 0(0B) LOS objects, 52% free, 921KB/1945KB, paused 1.454ms total 45.761ms
06-06 17:48:00.099  1495  3037 I Icing   : Indexing 4367C94579CBC933C9C9647B4975767F18A49420 from com.google.android.gms
06-06 17:48:00.142  2757  3688 I chromium: [2757:3688:INFO:mdns_app_filter.cc(1199)] MdnsAppFilter: Done announcing.
06-06 17:48:00.157  3774  3774 I ProviderInstaller: Installed default security provider GmsCore_OpenSSL
06-06 17:48:00.265  3774  3774 D ChimeraCfgMgr: Reading stored module config
06-06 17:48:00.285   104   115 E Vold    : Failed to find mounted volume for /storage/extSdCard/Android/data/com.google.android.music/cache/
06-06 17:48:00.285   104   115 W Vold    : Returning OperationFailed - no handler for errno 0
06-06 17:48:00.286  2917  3752 W ContextImpl: Failed to ensure directory: /storage/extSdCard/Android/data/com.google.android.music/cache
06-06 17:48:00.293  3774  3789 I art     : Background partial concurrent mark sweep GC freed 13083(744KB) AllocSpace objects, 0(0B) LOS objects, 39% free, 1843KB/3MB, paused 3.049ms total 111.182ms
06-06 17:48:00.387  1495  1510 W art     : Suspending all threads took: 129.021ms
06-06 17:48:00.427  1495  1510 I art     : Background sticky concurrent mark sweep GC freed 16997(1630KB) AllocSpace objects, 4(64KB) LOS objects, 14% free, 9MB/11MB, paused 137.261ms total 259.839ms
06-06 17:48:00.438  3774  3789 I art     : Background sticky concurrent mark sweep GC freed 394(38KB) AllocSpace objects, 0(0B) LOS objects, 0% free, 3MB/3MB, paused 7.503ms total 52.123ms
06-06 17:48:00.528  3774  3774 I art     : Rejecting re-init on previously-failed class java.lang.Class<hsb>
06-06 17:48:00.530  3774  3774 I art     : Rejecting re-init on previously-failed class java.lang.Class<hsb>
06-06 17:48:00.543   130  3487 D iwedia/comedia3: _C_ eUT_TRC_PVR_PLU : PVR_GetVolumePath: Path not set
06-06 17:48:00.543   130  3487 D iwedia/comedia3: _C_  eUT_TRC_CM_PVR : cmPVR_GetVolumePath: Error in PVR_GetVolumePath
06-06 17:48:00.544   130  3487 D iwedia/mal: MAL_PVR_GetDevicePath - line: 339: MAL_PVR Error in cmPVR_GetVolumePath
06-06 17:48:00.544   130  3487 D TvService-Native: TvService::MAL_PVR_GetDevicePath() result = 1
06-06 17:48:00.666   137   137 I WVCdm   : CdmEngine::OpenSession
06-06 17:48:00.666   137   137 I WVCdm   : Level3 Library Dec 11 2014 16:13:16
06-06 17:48:00.714   137   137 W WVCdm   : Could not read /data/mediadrm/IDM1013/ay64.dat2: No such file or directory
06-06 17:48:00.763   551   604 D WifiNative-wlan0: doString: [BSS RANGE=0- MASK=0x21987]
06-06 17:48:00.776   551   604 D WifiNative-wlan0: doString: [STATUS-NO_EVENTS]
06-06 17:48:00.778   551   604 D WifiNative-wlan0:    returned bssid=dc:71:44:c2:00:e8 freq=2422 ssid=Bbox-33EAFECC id=3 mode=station pairwise_cipher=CCMP group_cipher=CCMP key_mgmt=WPA2-PSK wpa_state=COMPLETED ip_address=192.168.1.61 p2p_device_address=02:50:43:02:fe:01 address=9c:80:df:f3:d7:ff uuid=be793bdb-9fa9-5143-a620-7155828d6419
06-06 17:48:00.789   698   698 V AutoDiag.Receiver: Intent { act=android.net.wifi.SCAN_RESULTS flg=0x4000010 cmp=fr.bouyguestelecom.tv.autodiag/.receiver.AutoDiagReceiver }
06-06 17:48:00.797   698  1224 V AutoDiag.Probe: wifi_link_speed=39000000
06-06 17:48:00.798   698  1224 V AutoDiag.Probe: wifi_ssid=Bbox-33EAFECC
06-06 17:48:00.811  2917  3754 W MessageQueue: Handler (com.google.android.music.download.AbstractSchedulingService$ServiceWorker) {89e07df} sending message to a Handler on a dead thread
06-06 17:48:00.811  2917  3754 W MessageQueue: java.lang.IllegalStateException: Handler (com.google.android.music.download.AbstractSchedulingService$ServiceWorker) {89e07df} sending message to a Handler on a dead thread
06-06 17:48:00.811  2917  3754 W MessageQueue: 	at android.os.MessageQueue.enqueueMessage(MessageQueue.java:325)
06-06 17:48:00.811  2917  3754 W MessageQueue: 	at android.os.Handler.enqueueMessage(Handler.java:631)
06-06 17:48:00.811  2917  3754 W MessageQueue: 	at android.os.Handler.sendMessageAtTime(Handler.java:600)
06-06 17:48:00.811  2917  3754 W MessageQueue: 	at com.google.android.music.utils.LoggableHandler.sendMessageAtTime(LoggableHandler.java:91)
06-06 17:48:00.811  2917  3754 W MessageQueue: 	at android.os.Handler.sendMessageDelayed(Handler.java:570)
06-06 17:48:00.811  2917  3754 W MessageQueue: 	at android.os.Handler.sendMessage(Handler.java:507)
06-06 17:48:00.811  2917  3754 W MessageQueue: 	at com.google.android.music.download.AbstractSchedulingService.sendScheduleDownloadsMessage(AbstractSchedulingService.java:820)
06-06 17:48:00.811  2917  3754 W MessageQueue: 	at com.google.android.music.download.AbstractSchedulingService$ServiceWorker.handleUpdateEnabled(AbstractSchedulingService.java:586)
06-06 17:48:00.811  2917  3754 W MessageQueue: 	at com.google.android.music.download.AbstractSchedulingService$ServiceWorker.handleMessage(AbstractSchedulingService.java:282)
