10-15 09:00:29.023   551   599 W PackageManager: Not granting permission fr.bouyguestelecom.tv.partner.CUSTOMER_EMAIL to package com.abweb.catchup.miami (protectionLevel=2 flags=0x8be45)
10-15 09:00:29.023   551   599 W PackageManager: Unknown permission android.permission.OBSERVE_GRANT_REVOKE_PERMISSIONS in package com.google.android.gms
10-15 09:00:29.023   551   599 W PackageManager: Unknown permission android.permission.MANAGE_SOUND_TRIGGER in package com.google.android.gms
10-15 09:00:29.024   551   599 W PackageManager: Unknown permission com.google.android.apps.enterprise.dmagent.permission.AutoSyncPermission in package com.google.android.gms
10-15 09:00:29.024   551   599 W PackageManager: Unknown permission com.google.android.googlequicksearchbox.permission.PAUSE_HOTWORD in package com.google.android.gms
10-15 09:00:29.024   551   599 W PackageManager: Unknown permission android.permission.TETHER_PRIVILEGED in package com.google.android.gms
10-15 09:00:29.024   551   599 W PackageManager: Unknown permission com.google.android.hangouts.START_HANGOUT in package com.google.android.gms
10-15 09:00:29.024   551   599 W PackageManager: Unknown permission android.permission.OVERRIDE_WIFI_CONFIG in package com.google.android.gms
10-15 09:00:29.024   551   599 W PackageManager: Unknown permission com.google.android.wearable.READ_SETTINGS in package com.google.android.gms
10-15 09:00:29.024   551   599 W PackageManager: Unknown permission android.permission.INTENT_FILTER_VERIFICATION_AGENT in package com.google.android.gms
10-15 09:00:29.024   551   599 W PackageManager: Unknown permission android.permission.LOCAL_MAC_ADDRESS in package com.google.android.gms
10-15 09:00:29.024   551   599 W PackageManager: Unknown permission android.permission.CHANGE_DEVICE_IDLE_TEMP_WHITELIST in package com.google.android.gms
10-15 09:00:29.024   551   599 W PackageManager: Unknown permission com.google.android.wh.supervisor.permission.ACCESS_METADATA_SERVICE in package com.google.android.gms
10-15 09:00:29.024   551   599 W PackageManager: Unknown permission android.permission.SUBSTITUTE_NOTIFICATION_APP_NAME in package com.google.android.gms
10-15 09:00:29.024   551   599 W PackageManager: Unknown permission com.google.android.gms.auth.authzen.permission.DEVICE_SYNC_FINISHED in package com.google.android.gms
10-15 09:00:29.025   551   599 W PackageManager: Unknown permission com.google.android.gms.auth.authzen.permission.GCM_DEVICE_PROXIMITY in package com.google.android.gms
10-15 09:00:29.025   551   599 W PackageManager: Unknown permission com.google.android.launcher.permission.RECEIVE_LAUNCH_BROADCASTS in package com.google.android.gms
10-15 09:00:29.025   551   599 W PackageManager: Unknown permission android.permission.NOTIFY_PENDING_SYSTEM_UPDATE in package com.google.android.gms
10-15 09:00:29.025   551   599 W PackageManager: Unknown permission com.google.android.gm.permission.READ_GMAIL in package com.google.android.gms
10-15 09:00:29.025   551   599 W PackageManager: Unknown permission com.google.android.googleapps.permission.ACCESS_GOOGLE_PASSWORD in package com.google.android.gsf
10-15 09:00:29.025   551   599 W PackageManager: Unknown permission com.google.android.googleapps.permission.GOOGLE_MAIL_SWITCH in package com.google.android.gsf
10-15 09:00:29.026   551   599 W PackageManager: Unknown permission com.android.launcher.permission.PRELOAD_WORKSPACE in package com.google.android.partnersetup
10-15 09:00:29.026   551   599 W PackageManager: Unknown permission com.android.browser.permission.READ_EXTERNAL_STORAGE in package fr.bouyguestelecom.agent.custo
10-15 09:00:29.026   551   599 W PackageManager: Unknown permission android.Manifest.permission.GET_TASKS in package com.rtrk.comedia.service
10-15 09:00:29.026   551   599 W PackageManager: Unknown permission com.google.android.leanbacklauncher.recommendations.permission.RECOMMENDATIONS in package com.google.android.leanbacklauncher
10-15 09:00:29.026   551   599 W PackageManager: Not granting permission android.permission.SET_ORIENTATION to package fr.tf1.mytf1 (protectionLevel=2 flags=0x18bec5)
10-15 09:00:29.027   551   599 W PackageManager: Not granting permission fr.bouyguestelecom.tv.partner.CHECK_PAYMENT to package com.abweb.msvj.miami (protectionLevel=2 flags=0x8bec5)
10-15 09:00:29.027   551   599 W PackageManager: Not granting permission fr.bouyguestelecom.tv.partner.CHECK_CODE to package com.abweb.msvj.miami (protectionLevel=2 flags=0x8bec5)
10-15 09:00:29.027   551   599 W PackageManager: Unknown permission com.android.smspush.WAPPUSH_MANAGER_BIND in package com.android.phone
10-15 09:00:29.028   551   599 W PackageManager: Unknown permission com.google.android.gallery3d.permission.GALLERY_PROVIDER in package com.android.bluetooth
10-15 09:00:29.028   551   599 W PackageManager: Unknown permission com.android.gallery3d.permission.GALLERY_PROVIDER in package com.android.bluetooth
10-15 09:00:29.028   551   599 W PackageManager: Unknown permission android.permission.MMS_SEND_OUTBOX_MSG in package com.android.bluetooth
10-15 09:00:29.028   551   599 W PackageManager: Unknown permission android.permission.RS_INPUT in package com.rsupport.rs.activity.rsupport.bg
10-15 09:00:29.028   551   599 W PackageManager: Unknown permission android.permission.RS_GRAPHICS in package com.rsupport.rs.activity.rsupport.bg
10-15 09:00:29.028   551   599 W PackageManager: Unknown permission android.permission.RS_BLUETOOTH in package com.rsupport.rs.activity.rsupport.bg
10-15 09:00:29.028   551   599 W PackageManager: Unknown permission android.permission.ACCESS_COARSE_UPDATES in package com.rsupport.rs.activity.rsupport.bg
10-15 09:00:29.028   551   599 W PackageManager: Not granting permission android.permission.READ_LOGS to package com.rsupport.rs.activity.rsupport.bg (protectionLevel=50 flags=0x183e45)
10-15 09:00:29.028   551   599 W PackageManager: Not granting permission android.permission.WRITE_SECURE_SETTINGS to package com.rsupport.rs.activity.rsupport.bg (protectionLevel=50 flags=0x183e45)
10-15 09:00:29.028   551   599 W PackageManager: Not granting permission android.permission.BIND_WALLPAPER to package com.rsupport.rs.activity.rsupport.bg (protectionLevel=18 flags=0x183e45)
10-15 09:00:29.028   551   599 W PackageManager: Not granting permission android.permission.INSTALL_PACKAGES to package com.rsupport.rs.activity.rsupport.bg (protectionLevel=18 flags=0x183e45)
10-15 09:00:29.028   551   599 W PackageManager: Not granting permission android.permission.INSTALL_LOCATION_PROVIDER to package com.rsupport.rs.activity.rsupport.bg (protectionLevel=18 flags=0x183e45)
10-15 09:00:29.028   551   599 W PackageManager: Not granting permission android.permission.READ_INPUT_STATE to package com.rsupport.rs.activity.rsupport.bg (protectionLevel=2 flags=0x183e45)
10-15 09:00:29.029   551   599 W PackageManager: Not granting permission android.permission.REBOOT to package com.rsupport.rs.activity.rsupport.bg (protectionLevel=18 flags=0x183e45)
10-15 09:00:29.029   551   599 W PackageManager: Not granting permission android.permission.MASTER_CLEAR to package com.rsupport.rs.activity.rsupport.bg (protectionLevel=18 flags=0x183e45)
10-15 09:00:29.029   551   599 W PackageManager: Not granting permission android.permission.SET_ANIMATION_SCALE to package com.rsupport.rs.activity.rsupport.bg (protectionLevel=50 flags=0x183e45)
10-15 09:00:29.029   551   599 W PackageManager: Not granting permission android.permission.CHANGE_BACKGROUND_DATA_SETTING to package com.rsupport.rs.activity.rsupport.bg (protectionLevel=2 flags=0x183e45)
10-15 09:00:29.029   551   599 W PackageManager: Not granting permission android.permission.CHANGE_CONFIGURATION to package com.rsupport.rs.activity.rsupport.bg (protectionLevel=50 flags=0x183e45)
10-15 09:00:29.029   551   599 W PackageManager: Not granting permission android.permission.SET_PROCESS_LIMIT to package com.rsupport.rs.activity.rsupport.bg (protectionLevel=50 flags=0x183e45)
10-15 09:00:29.029   551   599 W PackageManager: Not granting permission android.permission.SET_ALWAYS_FINISH to package com.rsupport.rs.activity.rsupport.bg (protectionLevel=50 flags=0x183e45)
10-15 09:00:29.029   551   599 W PackageManager: Unknown permission android.permission.RAISED_THREAD_PRIORITY in package com.rsupport.rs.activity.rsupport.bg
10-15 09:00:29.213   551   551 I SystemServer: Status Bar
10-15 09:00:29.216   551   551 I SystemServer: Clipboard Service
10-15 09:00:29.219   551   551 I SystemServer: NetworkManagement Service
10-15 09:00:29.232   551   551 I SystemServer: Text Service Manager Service
10-15 09:00:29.238   551   551 W TextServicesManagerService: no available spell checker services found
10-15 09:00:29.239   551   551 I SystemServer: Network Score Service
10-15 09:00:29.242   551   551 I SystemServer: NetworkStats Service
10-15 09:00:29.268   551   551 I SystemServer: NetworkPolicy Service
10-15 09:00:29.300   551   551 I SystemServiceManager: Starting com.android.server.wifi.p2p.WifiP2pService
10-15 09:00:29.366   551   603 D WifiP2pService: P2pDisabledState
10-15 09:00:29.369   551   551 I SystemServiceManager: Starting com.android.server.wifi.WifiService
10-15 09:00:29.589   551   551 I SystemServiceManager: Starting com.android.server.wifi.WifiScanningService
10-15 09:00:29.591   551   551 I SystemServiceManager: Starting com.android.server.wifi.RttService
10-15 09:00:29.593   551   551 I SystemServiceManager: Starting com.android.server.ethernet.EthernetService
10-15 09:00:29.599   551   551 I SystemServer: Connectivity Service
10-15 09:00:29.603   551   551 D ConnectivityService: ConnectivityService starting up
10-15 09:00:29.607   551   551 D ConnectivityService: wifiOnly=false
10-15 09:00:29.608   551   551 E ConnectivityService: Ignoring protectedNetwork 10
10-15 09:00:29.608   551   551 E ConnectivityService: Ignoring protectedNetwork 11
10-15 09:00:29.608   551   551 E ConnectivityService: Ignoring protectedNetwork 12
10-15 09:00:29.608   551   551 E ConnectivityService: Ignoring protectedNetwork 14
10-15 09:00:29.608   551   551 E ConnectivityService: Ignoring protectedNetwork 15
10-15 09:00:29.632   551   551 I SystemServer: Network Service Discovery Service
10-15 09:00:29.638   551   551 D NsdService: Network service discovery enabled true
10-15 09:00:29.640   551   551 I SystemServer: UpdateLock Service
10-15 09:00:29.735   551   551 I SystemServiceManager: Starting com.android.server.notification.NotificationManagerService
10-15 09:00:29.780   551   603 D WifiP2pService: P2pDisabledState{ when=-1ms what=69633 target=com.android.internal.util.StateMachine$SmHandler }
10-15 09:00:29.781   551   603 D WifiP2pService: DefaultState{ when=-2ms what=69633 target=com.android.internal.util.StateMachine$SmHandler }
10-15 09:00:29.781   551   603 D WifiP2pService: P2pDisabledState{ when=0 what=69632 obj=com.android.internal.util.AsyncChannel@1e3ce8ab target=com.android.internal.util.StateMachine$SmHandler }
10-15 09:00:29.781   551   603 D WifiP2pService: DefaultState{ when=0 what=69632 obj=com.android.internal.util.AsyncChannel@1e3ce8ab target=com.android.internal.util.StateMachine$SmHandler }
10-15 09:00:29.781   551   603 D WifiP2pService: Full connection with WifiStateMachine established
10-15 09:00:29.791   551   551 D ZenLog  : set_zen_mode: off,setting
10-15 09:00:29.794   551   551 I SystemServiceManager: Starting com.android.server.storage.DeviceStorageMonitorService
10-15 09:00:29.797   551   551 I SystemServer: Location Manager
10-15 09:00:29.805   551   551 I SystemServer: Country Detector
10-15 09:00:29.806   551   551 I SystemServer: Search Service
10-15 09:00:29.809   551   551 I SystemServer: DropBox Service
10-15 09:00:29.813   551   551 I SystemServer: Wallpaper Service
10-15 09:00:29.818   551   551 I SystemServer: Audio Service
10-15 09:00:29.850   551   551 I SystemServiceManager: Starting com.android.server.DockObserver
10-15 09:00:29.851   551   551 W DockObserver: This kernel does not have dock station support
10-15 09:00:29.852   551   551 I SystemServer: Wired Accessory Manager
10-15 09:00:29.854   551   551 W WiredAccessoryManager: This kernel does not have wired headset support
10-15 09:00:29.854   551   551 W WiredAccessoryManager: This kernel does not have usb audio support
10-15 09:00:29.854   551   551 W WiredAccessoryManager: This kernel does not have HDMI audio support
10-15 09:00:29.855   551   551 I SystemServiceManager: Starting com.android.server.usb.UsbService$Lifecycle
10-15 09:00:29.860   551   551 E UsbDeviceManager: failed to write to /sys/class/android_usb/android0/f_rndis/ethaddr
10-15 09:00:29.862   551   551 E UsbDeviceManager: unknown state fakestate
10-15 09:00:29.866   551   551 I SystemServer: Serial Service
10-15 09:00:29.867   551   551 I SystemServiceManager: Starting com.android.server.twilight.TwilightService
10-15 09:00:29.872   551   551 I SystemServiceManager: Starting com.android.server.UiModeManagerService
10-15 09:00:29.879   551   551 I SystemServiceManager: Starting com.android.server.job.JobSchedulerService
10-15 09:00:29.894   551   551 I SystemServiceManager: Starting com.android.server.backup.BackupManagerService$Lifecycle
10-15 09:00:29.899   551   551 I SystemServiceManager: Starting com.android.server.appwidget.AppWidgetService
10-15 09:00:29.907   551   551 I SystemServiceManager: Starting com.android.server.voiceinteraction.VoiceInteractionManagerService
10-15 09:00:29.914   551   551 W SoundTriggerHelper: listModules status=0, # of modules=0
10-15 09:00:29.915   551   551 I SystemServer: DiskStats Service
10-15 09:00:29.915   551   551 I SystemServer: SamplingProfiler Service
10-15 09:00:29.932   551   551 I SystemServer: NetworkTimeUpdateService
10-15 09:00:29.936   551   551 I SystemServer: CommonTimeManagementService
10-15 09:00:29.940   551   551 I SystemServer: CertBlacklister
10-15 09:00:29.942   551   551 I SystemServiceManager: Starting com.android.server.dreams.DreamManagerService
10-15 09:00:29.948   551   551 I SystemServer: Assets Atlas Service
10-15 09:00:29.950   551   551 I SystemServiceManager: Starting com.android.server.print.PrintManagerService
10-15 09:00:29.956   551   551 I SystemServiceManager: Starting com.android.server.restrictions.RestrictionsManagerService
10-15 09:00:29.959   551   551 I SystemServiceManager: Starting com.android.server.media.MediaSessionService
10-15 09:00:29.971   551   551 I SystemServiceManager: Starting com.android.server.hdmi.HdmiControlService
10-15 09:00:29.997   551   551 I HdmiControlService: Device does not support MHL-control.
10-15 09:00:30.008   551   551 I SystemServiceManager: Starting com.android.server.tv.TvInputManagerService
10-15 09:00:30.031   551   551 I SystemServer: Media Router Service
10-15 09:00:30.034   551   551 I SystemServiceManager: Starting com.android.server.trust.TrustManagerService
10-15 09:00:30.037   551   551 I SystemServiceManager: Starting com.android.server.fingerprint.FingerprintService
10-15 09:00:30.040   551   551 I SystemServer: BackgroundDexOptService
10-15 09:00:30.048   551   551 I SystemServiceManager: Starting com.android.server.pm.LauncherAppsService
10-15 09:00:30.051   551   551 I SystemServiceManager: Starting com.android.server.media.projection.MediaProjectionManagerService
10-15 09:00:30.067   551   551 I SystemServiceManager: Starting com.android.server.MmsServiceBroker
10-15 09:00:30.087   551   551 E LockSettingsStorage: Cannot read file java.io.FileNotFoundException: /data/system/password.key: open failed: ENOENT (No such file or directory)
10-15 09:00:30.087   551   551 E LockSettingsStorage: Cannot read file java.io.FileNotFoundException: /data/system/gesture.key: open failed: ENOENT (No such file or directory)
10-15 09:00:30.087   551   551 I SystemServiceManager: Starting phase 480
10-15 09:00:30.087   551   551 I SystemServiceManager: Starting phase 500
10-15 09:00:30.087   551   551 I WifiService: WifiService starting up with Wi-Fi enabled
10-15 09:00:30.089   551   551 D WifiService: setWifiEnabled: true pid=551, uid=1000
10-15 09:00:30.089   551   551 E WifiService: Invoking mWifiStateMachine.setWifiEnabled
10-15 09:00:30.096   551   605 D WifiService: New client listening to asynchronous messages
10-15 09:00:30.103   551   551 D WifiScanningService: New client, channel: null messenger: null
10-15 09:00:30.109   551   606 D ConnectivityService: Got NetworkFactory Messenger for Ethernet
10-15 09:00:30.327   551   551 I ActivityManager: Config changes=200 {1.0 ?mcc?mnc fr_FR ?layoutDir sw540dp w960dp h540dp 320dpi lrg long land television -touch -keyb/v/h dpad/v s.3}
10-15 09:00:30.340   551   551 V BackupManagerService: No ancestral data
10-15 09:00:30.346   551   551 D BackupManagerService: Now staging backup of com.android.vending
10-15 09:00:30.375   551   551 D BackupManagerService: Now staging backup of com.google.android.marvin.talkback
10-15 09:00:30.379   551   551 D BackupManagerService: Now staging backup of android
10-15 09:00:30.383   551   551 D BackupManagerService: Now staging backup of com.android.providers.settings
10-15 09:00:30.387   551   551 D BackupManagerService: Now staging backup of com.android.sharedstoragebackup
10-15 09:00:30.393   551   551 D BackupManagerService: Now staging backup of com.google.android.videos
10-15 09:00:30.396   551   551 D BackupManagerService: Now staging backup of com.android.providers.userdictionary
10-15 09:00:30.400   551   551 V BackupManagerService: Starting with transport com.google.android.gms/.backup.BackupTransportService
10-15 09:00:30.400   551   551 V BackupManagerService: Found transports: 2
10-15 09:00:30.400   551   551 I BackupManagerService: Binding to transport host ComponentInfo{android/com.android.internal.backup.LocalTransportService}
10-15 09:00:30.406   551   551 I BackupManagerService: Binding to transport host ComponentInfo{com.google.android.gms/com.google.android.gms.backup.BackupTransportService}
10-15 09:00:30.408   551   551 I BackupManagerService: Found stale backup journal, scheduling
10-15 09:00:30.489   551   575 I DisplayManagerService: Display device changed: DisplayDeviceInfo{"Écran intégré": uniqueId="local:0", 1920 x 1080, 50.0 fps, supportedRefreshRates [50.0], density 320, 84.082 x 85.725 dpi, appVsyncOff 7500000, presDeadline 16000000, touch INTERNAL, rotation 0, type BUILT_IN, state ON, FLAG_DEFAULT_DISPLAY, FLAG_ROTATES_WITH_CONTENT, FLAG_SECURE, FLAG_SUPPORTS_PROTECTED_BUFFERS}
10-15 09:00:30.497   551   551 I ActivityManager: System now ready
10-15 09:00:30.500   551   551 I SystemServer: Making services ready
10-15 09:00:30.500   551   551 I SystemServiceManager: Starting phase 550
10-15 09:00:30.502   551   551 W ActivityManager: Unable to start service Intent { act=com.android.ITelecomService cmp=com.android.server.telecom/.TelecomService } U=0: not found
10-15 09:00:30.504   551   551 I SystemServer: WebViewFactory preparation
10-15 09:00:30.523   551   638 D UsbHostManager: Added device UsbDevice[mName=/dev/bus/usb/001/003,mVendorId=4742,mProductId=8260,mClass=224,mSubclass=1,mProtocol=1,mManufacturerName=Marvell,mProductName=Bluetooth and Wireless LAN Composite Device,mSerialNumber=00504302FE01,mConfigurations=[
10-15 09:00:30.523   551   638 D UsbHostManager: UsbConfiguration[mId=1,mName=null,mAttributes=160,mMaxPower=250,mInterfaces=[
10-15 09:00:30.523   551   638 D UsbHostManager: UsbInterface[mId=0,mAlternateSetting=0,mName=null,mClass=224,mSubclass=1,mProtocol=1,mEndpoints=[
10-15 09:00:30.523   551   638 D UsbHostManager: UsbEndpoint[mAddress=131,mAttributes=3,mMaxPacketSize=64,mInterval=1]
10-15 09:00:30.523   551   638 D UsbHostManager: UsbEndpoint[mAddress=132,mAttributes=2,mMaxPacketSize=512,mInterval=0]
10-15 09:00:30.523   551   638 D UsbHostManager: UsbEndpoint[mAddress=4,mAttributes=2,mMaxPacketSize=512,mInterval=255]]
10-15 09:00:30.523   551   638 D UsbHostManager: UsbInterface[mId=1,mAlternateSetting=0,mName=null,mClass=224,mSubclass=1,mProtocol=1,mEndpoints=[
10-15 09:00:30.523   551   638 D UsbHostManager: UsbEndpoint[mAddress=133,mAttributes=1,mMaxPacketSize=0,mInterval=4]
10-15 09:00:30.523   551   638 D UsbHostManager: UsbEndpoint[mAddress=5,mAttributes=1,mMaxPacketSize=0,mInterval=4]]
10-15 09:00:30.523   551   638 D UsbHostManager: UsbInterface[mId=1,mAlternateSetting=1,mName=null,mClass=224,mSubclass=1,mProtocol=1,mEndpoints=[
10-15 09:00:30.523   551   638 D UsbHostManager: UsbEndpoint[mAddress=133,mAttributes=1,mMaxPacketSize=9,mInterval=4]
10-15 09:00:30.523   551   638 D UsbHostManager: UsbEndpoint[mAddress=5,mAttributes=1,mMaxPacketSize=9,mInterval=4]]
10-15 09:00:30.523   551   638 D UsbHostManager: UsbInterface[mId=1,mAlternateSetting=2,mName=null,mClass=224,mSubclass=1,mProtocol=1,mEndpoints=[
10-15 09:00:30.523   551   638 D UsbHostManager: UsbEndpoint[mAddress=133,mAttributes=1,mMaxPacketSize=17,mInterval=4]
10-15 09:00:30.523   551   638 D UsbHostManager: UsbEndpoint[mAddress=5,mAttributes=1,mMaxPacketSize=17,mInterval=4]]
10-15 09:00:30.523   551   638 D UsbHostManager: UsbInterface[mId=1,mAlternateSetting=3,mName=null,mClass=224,mSubclass=1,mProtocol=1,mEndpoints=[
10-15 09:00:30.523   551   638 D UsbHostManager: UsbEndpoint[mAddress=133,mAttributes=1,mMaxPacketSize=25,mInterval=4]
10-15 09:00:30.523   551   638 D UsbHostManager: UsbEndpoint[mAddress=5,mAttributes=1,mMaxPacketSize=25,mInterval=4]]
10-15 09:00:30.523   551   638 D UsbHostManager: UsbInterface[mId=1,mAlternateSetting=4,mName=null,mClass=224,mSubclass=1,mProtocol=1,mEndpoints=[
10-15 09:00:30.523   551   638 D UsbHostManager: UsbEndpoint[mAddress=133,mAttributes=1,mMaxPacketSize=33,mInterval=4]
10-15 09:00:30.523   551   638 D UsbHostManager: UsbEndpoint[mAddress=5,mAttributes=1,mMaxPacketSize=33,mInterval=4]]
10-15 09:00:30.523   551   638 D UsbHostManager: UsbInterface[mId=1,mAlternateSetting=5,mName=null,mClass=224,mSubclass=1,mProtocol=1,mEndpoints=[
10-15 09:00:30.523   551   638 D UsbHostManager: UsbEndpoint[mAddress=133,mAttributes=1,mMaxPacketSize=49,mInterval=4]
10-15 09:00:30.523   551   638 D UsbHostManager: UsbEndpoint[mAddress=5,mAttributes=1,mMaxPacketSize=49,mInterval=4]]
10-15 09:00:30.523   551   638 D UsbHostManager: UsbInterface[mId=2,mAlternateSetting=0,mName=Wireless LAN Interface,mClass=255,mSubclass=255,mProtocol=255,mEndpoints=[
10-15 09:00:30.523   551   638 D UsbHostManager: UsbEndpoint[mAddress=1,mAttributes=2,mMaxPacketSize=512,mInterval=0]
10-15 09:00:30.523   551   638 D UsbHostManager: UsbEndpoint[mAddress=129,mAttributes=2,mMaxPacketSize=512,mInterval=0]
10-15 09:00:30.523   551   638 D UsbHostManager: UsbEndpoint[mAddress=2,mAttributes=2,mMaxPacketSize=512,mInterval=0]
10-15 09:00:30.523   551   638 D UsbHostManager: UsbEndpoint[mAddress=130,mAttributes=2,mMaxPacketSize=512,mInterval=0]]]]
10-15 09:00:30.526   551   638 W ContextImpl: Calling a method in the system process without a qualified user: android.app.ContextImpl.sendBroadcast:1327 com.android.server.usb.UsbSettingsManager.deviceAttached:741 com.android.server.usb.UsbHostManager.endUsbDeviceAdded:224 com.android.server.usb.UsbHostManager.monitorUsbHostBus:-2 com.android.server.usb.UsbHostManager.access$000:42 
10-15 09:00:30.565   551   570 I ActivityManager: Start proc 640:android.process.media/u0a24 for broadcast com.android.providers.media/.MtpReceiver
10-15 09:00:30.605   551   551 I ActivityManager: Start proc 658:WebViewLoader-armeabi-v7a/1037 [android.webkit.WebViewFactory$RelroFileCreator] for 
10-15 09:00:30.652   551   551 I ActivityManager: Start proc 676:com.android.systemui/u0a101 for service com.android.systemui/.SystemUIService
10-15 09:00:30.653   551   597 W MountService: Duplicate state transition (mounted -> mounted) for /storage/emulated/0
10-15 09:00:30.653   551   551 D NetworkManagementService: enabling bandwidth control
10-15 09:00:30.710   551   570 I ActivityManager: Start proc 698:fr.bouyguestelecom.tv.autodiag/1000 for broadcast fr.bouyguestelecom.tv.autodiag/.receiver.AutoDiagReceiver
10-15 09:00:30.921   551   568 V FingerprintService: startListening(android.service.fingerprint.IFingerprintServiceReceiver$Stub$Proxy@9ab4d11)
10-15 09:00:31.253   551   551 I SystemServiceManager: Starting phase 600
10-15 09:00:31.254   551   551 V NotificationListeners: enabling notification listener for user 0: ComponentInfo{fr.bouyguestelecom.tv.autodiag/fr.bouyguestelecom.tv.autodiag.service.RefreshNotificationService}
10-15 09:00:31.258   551   551 V NotificationListeners: enabling notification listener for user 0: ComponentInfo{com.google.android.leanbacklauncher/com.google.android.leanbacklauncher.recommendations.NotificationsService}
10-15 09:00:31.293   551   551 I ActivityManager: Start proc 802:com.google.android.leanbacklauncher/u0a98 for service com.google.android.leanbacklauncher/.recommendations.NotificationsService
10-15 09:00:31.299   551   551 I BackupManagerService: Backup enabled => false
10-15 09:00:31.300   551   551 I BackupManagerService: Opting out of backup
10-15 09:00:31.353   551   551 I ActivityManager: Start proc 826:com.google.android.katniss:interactor/u0a96 for service com.google.android.katniss/.search.serviceapi.KatnissVoiceInteractionService
10-15 09:00:31.508   551   551 E InputMethodManagerService: Ignoring setImeWindowStatus due to an invalid token. uid:1000 token:null
10-15 09:00:31.629   551   551 I ActivityManager: Start proc 894:com.google.android.leanback.ime/u0a97 for service com.google.android.leanback.ime/com.google.leanback.ime.LeanbackImeService
10-15 09:00:31.632   551   551 V InputMethodManagerService: Adding window token: android.os.Binder@1e051aef
10-15 09:00:31.722   551   551 E LocationManagerService: FLP HAL not supported
10-15 09:00:31.731   551   551 E LocationManagerService: Hardware Activity-Recognition not supported.
10-15 09:00:31.757   551   551 I MmsServiceBroker: Delay connecting to MmsService until an API is called
10-15 09:00:31.819   551   551 I ActivityManager: Start proc 941:com.ifeelsmart.globalsearch.epg/1000 for added application com.ifeelsmart.globalsearch.epg
10-15 09:00:31.947   551   551 I ActivityManager: Start proc 976:com.ifeelsmart.globalsearch.vod/1000 for added application com.ifeelsmart.globalsearch.vod
10-15 09:00:32.001   551   551 I ActivityManager: Start proc 994:com.ifeelsmart.smartui/1000 for added application com.ifeelsmart.smartui
10-15 09:00:32.001   551   603 D WifiP2pService: P2pDisabledState{ when=0 what=131203 target=com.android.internal.util.StateMachine$SmHandler }
10-15 09:00:32.005   551   603 D WifiP2pService: P2pEnablingState
10-15 09:00:32.006   551   603 D WifiP2pService: P2pEnablingState{ when=0 what=147457 target=com.android.internal.util.StateMachine$SmHandler }
10-15 09:00:32.006   551   603 D WifiP2pService: P2p socket connection successful
10-15 09:00:32.006   551   603 D WifiP2pService: P2pEnabledState
10-15 09:00:32.021   826   967 W ResourcesManager: Asset path '/system/framework/com.android.location.provider.jar' does not exist or contains no resources.
10-15 09:00:32.056   551   551 I ActivityManager: Start proc 1016:com.awox.server/u0a50 for added application com.awox.server
10-15 09:00:32.104   551   551 I ActivityManager: Start proc 1037:fr.bouyguestelecom.agent.custo/u0a103 for added application fr.bouyguestelecom.agent.custo
10-15 09:00:32.134   551   551 I ActivityManager: Start proc 1057:com.ifeelsmart.globalsearch.channel/1000 for added application com.ifeelsmart.globalsearch.channel
10-15 09:00:32.171   551   551 I ActivityManager: Start proc 1077:fr.bouyguestelecom.bboxapi/u0a90 for added application fr.bouyguestelecom.bboxapi
10-15 09:00:32.208   551   551 I ActivityManager: Start proc 1095:com.android.phone/1001 for added application com.android.phone
10-15 09:00:32.246   551   551 I ActivityManager: Start proc 1114:insight.tr069.client/1000 for added application insight.tr069.client
10-15 09:00:32.247   551   551 I ActivityManager: START u0 {act=android.intent.action.MAIN cat=[android.intent.category.HOME] flg=0x10000000 cmp=com.google.android.leanbacklauncher/.MainActivity} from uid 0 on display 0
10-15 09:00:32.262   551   551 V WindowManager: addAppToken: AppWindowToken{21c5f976 token=Token{5d86411 ActivityRecord{cfbbc38 u0 com.google.android.leanbacklauncher/.MainActivity t1}}} to stack=0 task=1 at 0
10-15 09:00:32.269   551   551 I SystemServer: Enabled StrictMode for system server main thread.
10-15 09:00:32.308   551   569 I ActivityManager: Start proc 1132:com.android.printspooler/u0a120 for service com.android.printspooler/.model.PrintSpoolerService
10-15 09:00:32.317   551   603 D WifiP2pService: sending p2p connection changed broadcast
10-15 09:00:32.357   698  1143 W ContextImpl: Calling a method in the system process without a qualified user: android.app.ContextImpl.bindService:1756 android.content.ContextWrapper.bindService:539 fr.bouyguestelecom.tv.autodiag.receiver.StorageMeasurement$MeasurementHandler.handleMessage:321 android.os.Handler.dispatchMessage:102 android.os.Looper.loop:135 
10-15 09:00:32.396   551  1013 I ActivityManager: Start proc 1151:com.google.process.gapps/u0a34 for content provider com.google.android.gsf/.gservices.GservicesProvider
10-15 09:00:32.441   551  1015 I ActivityManager: Start proc 1169:fr.bouyguestelecom.tv.upnp/u0a5 for service fr.bouyguestelecom.tv.upnp/.services.UpnpNotificationService
10-15 09:00:32.479   551   551 V ActivityManager: Display changed displayId=0
10-15 09:00:32.479   551   551 V ActivityManager: Display changed displayId=0
10-15 09:00:32.636   551   568 I ActivityManager: Start proc 1187:com.android.defcontainer/u0a19 for service com.android.defcontainer/.DefaultContainerService
10-15 09:00:32.639   551   603 D WifiP2pService: DeviceAddress: 02:50:43:02:fe:01
10-15 09:00:32.654   551   603 D WifiP2pService: sending p2p persistent groups changed broadcast
10-15 09:00:32.654   551   603 D WifiP2pService: InactiveState
10-15 09:00:32.710   551   606 D ConnectivityService: Got NetworkFactory Messenger for WIFI
10-15 09:00:32.710   551   606 D ConnectivityService: Got NetworkFactory Messenger for WIFI_UT
10-15 09:00:33.149   551  1011 I ActivityManager: Start proc 1215:fr.bouyguestelecom.tv.eligibility/1000 for service fr.bouyguestelecom.tv.eligibility/.TvEligibilityService
10-15 09:00:33.149   464   464 I cpusvc  : [reduce_max_freq] max freq gonna reduce to: 1000000
10-15 09:00:33.170   551   568 I PackageManager: Adding preferred activity fr.bouyguestelecom.tv.miamivices/.MainActivity for user 0:
10-15 09:00:33.172   551   881 I PackageManager: Adding preferred activity fr.bouyguestelecom.tv.boutiqueaccessoires/.MainActivity for user 0:
10-15 09:00:33.213   551  1050 I ActivityManager: Start proc 1235:fr.bouyguestelecom.tv.middleware/1000 for service fr.bouyguestelecom.tv.middleware/.BytelMiddlewareService
10-15 09:00:33.374   551   551 V ActivityManager: Display changed displayId=0
10-15 09:00:33.377   551   551 D ZenLog  : downtime: Autotrigger skipped: not in downtime
10-15 09:00:33.380   551   551 V WiredAccessoryManager: init()
10-15 09:00:33.450   551   551 V BackupManagerService: Connected to transport ComponentInfo{android/com.android.internal.backup.LocalTransportService}
10-15 09:00:33.450   551   551 V BackupManagerService: Registering transport android/com.android.internal.backup.LocalTransportService::android/com.android.internal.backup.LocalTransport = android.app.backup.BackupTransport$TransportImpl@e522209
10-15 09:00:33.517   551   567 W ContextImpl: Calling a method in the system process without a qualified user: android.app.ContextImpl.sendBroadcast:1327 com.android.server.notification.NotificationManagerService.updateEffectsSuppressorLocked:1036 com.android.server.notification.NotificationManagerService.access$2700:124 com.android.server.notification.NotificationManagerService$6.requestHintsFromListener:1423 android.app.INotificationManager$Stub.onTransact:302 
10-15 09:00:33.589   551   570 I ActivityManager: Start proc 1265:fr.bouyguestelecom.tv.launcher/1000 for broadcast fr.bouyguestelecom.tv.launcher/.PartnerReceiver
10-15 09:00:33.590  1095  1095 E ActivityThread: Failed to find provider info for telephony
10-15 09:00:33.659   551   605 D WifiService: New client listening to asynchronous messages
10-15 09:00:33.746  1095  1289 E ActivityThread: Failed to find provider info for sms
10-15 09:00:33.842   551   606 E ConnectivityService: Failed to find Messenger in unregisterNetworkFactory
10-15 09:00:33.855   551   606 D ConnectivityService: Got NetworkFactory Messenger for Telephony
10-15 09:00:33.974   551   709 I ActivityManager: Start proc 1294:android.process.acore/u0a2 for content provider com.android.providers.contacts/.ContactsProvider2
10-15 09:00:34.220  1114  1114 W ActivityThread: ClassLoader.loadClass: The class loader returned by Thread.getContextClassLoader() may fail for processes that host multiple applications. You should explicitly specify a context class loader. For example: Thread.setContextClassLoader(getClass().getClassLoader());
10-15 09:00:34.386   551   551 D ZenLog  : disable_effects: 0|fr.bouyguestelecom.tv.autodiag|698|null|1000,listenerHints
10-15 09:00:34.448   551  1076 I ActivityManager: Start proc 1321:com.android.vending/u0a64 for broadcast com.android.vending/com.google.android.finsky.receivers.LocationProviderChangedReceiver
10-15 09:00:34.451   551   551 D ZenLog  : disable_effects: 0|fr.bouyguestelecom.tv.launcher|-1961930922|null|1000,listenerHints
10-15 09:00:34.600   551   551 D ZenLog  : disable_effects: 0|fr.bouyguestelecom.tv.launcher|963367070|null|1000,listenerHints
10-15 09:00:34.765   551   551 D ZenLog  : disable_effects: 0|fr.bouyguestelecom.tv.launcher|1608259406|null|1000,listenerHints
10-15 09:00:34.870   551   551 D ZenLog  : disable_effects: 0|fr.bouyguestelecom.tv.launcher|-1989301927|null|1000,listenerHints
10-15 09:00:34.968   551   551 D ZenLog  : disable_effects: 0|fr.bouyguestelecom.tv.launcher|10107|null|1000,listenerHints
10-15 09:00:35.358   551   568 I StatusBarManagerService: registerStatusBar bar=com.android.internal.statusbar.IStatusBar$Stub$Proxy@38519100
10-15 09:00:35.578   551   551 D ZenLog  : disable_effects: 0|fr.bouyguestelecom.tv.launcher|1608253871|null|1000,listenerHints
10-15 09:00:35.821   551  1049 I ActivityManager: Start proc 1357:com.android.providers.tv/u0a102 for content provider com.android.providers.tv/.TvProvider
10-15 09:00:36.095   551   613 I ActivityManager: START u0 {act=android.intent.action.VIEW dat=content://android.media.tv/channel/0 cmp=com.ifeelsmart.smartui/com.ifeelsmart.common.IFSNativeActivity (has extras)} from uid 10098 on display 0
10-15 09:00:36.105   551   613 V WindowManager: addAppToken: AppWindowToken{1fff8bcf token=Token{2c37d42e ActivityRecord{78296a9 u0 com.ifeelsmart.smartui/com.ifeelsmart.common.IFSNativeActivity t2}}} to stack=0 task=2 at 0
10-15 09:00:36.201   464   464 I cpusvc  : [restore_max_freq] max freq gonna restore to: 1200000
10-15 09:00:36.540   551   551 V ActivityManager: Display changed displayId=0
10-15 09:00:36.775   994   994 W ContextImpl: Calling a method in the system process without a qualified user: android.app.ContextImpl.startService:1692 android.content.ContextWrapper.startService:516 com.ifeelsmart.common.IFSNativeActivity.onCreate:135 android.app.Activity.performCreate:5990 android.app.Instrumentation.callActivityOnCreate:1106 
10-15 09:00:36.811   551  1049 I ActivityManager: Start proc 1443:com.rtrk.comedia.service/1000 for service com.rtrk.comedia.service/.RemoteServiceComedia
10-15 09:00:36.870  1114  1114 W ContextImpl: Calling a method in the system process without a qualified user: android.app.ContextImpl.bindService:1756 android.content.ContextWrapper.bindService:539 com.bytel.dtv.dtvmanager.DTVServiceLocator.bindToComedia:94 com.bytel.dtv.dtvmanager.DTVServiceLocator.connect:47 insight.tr069.client.TR069ClientService.connectToComediaService:527 
10-15 09:00:36.873  1114  1114 W ContextImpl: Calling a method in the system process without a qualified user: android.app.ContextImpl.bindService:1756 android.content.ContextWrapper.bindService:539 insight.tr069.client.TR069ClientService.connectToBytelMiddlewareService:519 insight.tr069.client.TR069ClientService.onCreate:231 android.app.ActivityThread.handleCreateService:2761 
10-15 09:00:37.384   551  1011 I ActivityManager: Start proc 1477:com.google.android.gms.persistent/u0a34 for broadcast com.google.android.gms/com.google.android.location.internal.NlpNetworkProviderSettingsUpdateReceiver
10-15 09:00:37.453  1477  1477 W ResourcesManager: Asset path '/system/framework/com.android.location.provider.jar' does not exist or contains no resources.
10-15 09:00:37.811   551   881 I ActivityManager: Start proc 1495:com.google.android.gms/u0a34 for service com.google.android.gms/.ads.identifier.service.AdvertisingIdService
10-15 09:00:37.853  1495  1495 W ResourcesManager: Asset path '/system/framework/com.android.location.provider.jar' does not exist or contains no resources.
10-15 09:00:38.657   551   551 V BackupManagerService: Connected to transport ComponentInfo{com.google.android.gms/com.google.android.gms.backup.BackupTransportService}
10-15 09:00:38.658   551   551 V BackupManagerService: Registering transport com.google.android.gms/.backup.BackupTransportService::com.google.android.gms/.backup.BackupTransportService = com.android.internal.backup.IBackupTransport$Stub$Proxy@3d9adcdd
10-15 09:00:39.252   464   464 I cpusvc  : [reduce_max_freq] max freq gonna reduce to: 1000000
10-15 09:00:40.766   551   605 D WifiService: New client listening to asynchronous messages
10-15 09:00:41.387  1443  1472 W ContextImpl: Calling a method in the system process without a qualified user: android.app.ContextImpl.bindService:1756 android.content.ContextWrapper.bindService:539 com.bytel.dtv.power.PowerControl$1.onEngineInitialized:86 com.bytel.dtv.ComediaEngine.initialize:183 com.rtrk.comedia.service.RemoteServiceComedia$2.run:94 
10-15 09:00:42.078  1443  1472 W ContextImpl: Calling a method in the system process without a qualified user: android.app.ContextImpl.bindService:1756 android.content.ContextWrapper.bindService:539 com.bytel.comedia.service.GlobalKeyHandler.<init>:114 com.rtrk.comedia.service.RemoteServiceComedia$2.run:144 java.lang.Thread.run:818 
10-15 09:00:42.274   551   570 W ActivityManager: Unable to start service Intent { cmp=com.android.systemui/.keyguard.KeyguardService } U=0: not found
10-15 09:00:42.275   551   570 W KeyguardServiceDelegate: onScreenTurnedOn(): no keyguard service!
10-15 09:00:42.394   551  1049 V WindowManager: Based on layer: Adding window Window{4806f82 u0 com.ifeelsmart.smartui/com.ifeelsmart.common.IFSNativeActivity} at 1 of 2
10-15 09:00:42.926   551  1013 V WindowManager: Adding window Window{3e206d0 u0 SurfaceView} at 1 of 3 (before Window{4806f82 u0 com.ifeelsmart.smartui/com.ifeelsmart.common.IFSNativeActivity})
10-15 09:00:42.933   551  1011 V WindowManager: Adding window Window{134a01ce u0 SurfaceView} at 1 of 4 (before Window{3e206d0 u0 SurfaceView})
10-15 09:00:42.947   551  1036 V WindowManager: Adding window Window{2a8bffc u0 SurfaceView} at 1 of 5 (before Window{134a01ce u0 SurfaceView})
10-15 09:00:43.275   551   573 W WindowManager: Keyguard drawn timeout. Setting mKeyguardDrawComplete
10-15 09:00:45.355   464   464 I cpusvc  : [restore_max_freq] max freq gonna restore to: 1200000
10-15 09:00:45.493  1443  1472 W ContextImpl: Calling a method in the system process without a qualified user: android.app.ContextImpl.sendBroadcast:1327 android.content.ContextWrapper.sendBroadcast:377 com.rtrk.comedia.service.RemoteServiceComedia$2.run:167 java.lang.Thread.run:818 <bottom of call stack> 
10-15 09:00:45.499   698   698 W ContextImpl: Calling a method in the system process without a qualified user: android.app.ContextImpl.bindService:1756 android.content.ContextWrapper.bindService:539 com.bytel.dtv.dtvmanager.DTVServiceLocator.bindToComedia:94 com.bytel.dtv.dtvmanager.DTVServiceLocator.connect:47 fr.bouyguestelecom.tv.autodiag.AutoDiagApplication.bindDtvService:400 
10-15 09:00:45.515  1215  1215 W ContextImpl: Calling a method in the system process without a qualified user: android.app.ContextImpl.bindService:1756 android.content.ContextWrapper.bindService:539 com.bytel.dtv.dtvmanager.DTVServiceLocator.bindToComedia:94 com.bytel.dtv.dtvmanager.DTVServiceLocator.connect:47 fr.bouyguestelecom.tv.eligibility.TvEligibilityService.bindDtvService:245 
10-15 09:00:45.737   551   709 I ActivityManager: Start proc 1745:fr.bouyguestelecom.bboxapi.rest/u0a135 for service fr.bouyguestelecom.bboxapi.rest/.BboxApiRestService
10-15 09:00:45.738   551   551 D ZenLog  : disable_effects: 0|fr.bouyguestelecom.bboxapi|1|null|10090,listenerHints
10-15 09:00:46.396   551  1050 W ActivityManager: Unable to start service Intent { act=fr.bouyguestelecom.tv.bboxiot.main.StartService cmp=fr.bouyguestelecom.tv.bboxiot.main/.IBboxIotService } U=0: not found
10-15 09:00:46.445   551   551 D ZenLog  : disable_effects: 0|fr.bouyguestelecom.bboxapi.rest|1|null|10135,listenerHints
10-15 09:00:46.491   551  1113 I ActivityManager: Start proc 1781:fr.bouyguestelecom.tv.bboxiot.main/u0a20 for service fr.bouyguestelecom.tv.bboxiot.main/.IotService
10-15 09:00:46.716   551   607 D NsdService: startMDnsDaemon
10-15 09:00:46.771   551   568 W ActivityManager: getRunningAppProcesses: caller 10020 does not hold REAL_GET_TASKS; limiting output
10-15 09:00:46.918   551   607 D NsdService: New client listening to asynchronous messages
10-15 09:00:46.919   551   607 D NsdService: New client, channel: com.android.internal.util.AsyncChannel@2e2767d5 messenger: android.os.Messenger@c284bea
10-15 09:00:46.923   551   607 D NsdService: Register service
10-15 09:00:46.923   551   607 D NsdService: registerService: 2 name: Bboxapi, type: _http._tcp., host: null, port: 8080
10-15 09:00:46.930   551   607 D NsdService: Register 1 2
10-15 09:00:47.072   551   574 I ActivityManager: Start proc 1836:com.android.bluetooth/1002 for service com.android.bluetooth/.btservice.AdapterService
10-15 09:00:47.123  1836  1836 W ResourcesManager: Asset path '/system/framework/javax.obex.jar' does not exist or contains no resources.
10-15 09:00:47.498   551  1075 I ActivityManager: Start proc 1871:com.android.tv.settings/1000 for broadcast com.android.tv.settings/.accessories.BluetoothConnectionsManager
10-15 09:00:47.767   551   607 D NsdService: SERVICE_REGISTERED Raw: 606 2 "Bboxapi"
10-15 09:00:48.124   551   613 W ActivityManager: Unable to start service Intent { act=com.google.android.gms.auth.authzen.api.service.internaldata.START pkg=com.google.android.gms } U=0: not found
10-15 09:00:48.124   551   567 W ActivityManager: Unbind failed: could not find connection for android.os.BinderProxy@2534e9b
10-15 09:00:48.405   464   464 I cpusvc  : [reduce_max_freq] max freq gonna reduce to: 1000000
10-15 09:00:50.498   551   575 I SystemServiceManager: Starting phase 1000
10-15 09:00:50.653  1443  1931 W ContextImpl: Calling a method in the system process without a qualified user: android.app.ContextImpl.startService:1692 android.content.ContextWrapper.startService:516 android.content.ContextWrapper.startService:516 com.bytel.comedia.service.BootUpReceiver$1.run:109 java.lang.Thread.run:818 
10-15 09:00:50.716   551  1076 I ActivityManager: Start proc 1932:com.google.android.play.games/u0a119 for broadcast com.google.android.play.games/com.google.android.gms.games.pano.recommendation.GamesPanoBroadcastReceiver
10-15 09:00:50.720   551  1929 I BootReceiver: Value of ro.runtime.firstboot is 1461665133099
10-15 09:00:51.292   551   567 I ActivityManager: Start proc 1953:com.google.android.marvin.talkback/u0a88 for broadcast com.google.android.marvin.talkback/com.android.talkback.BootReceiver
10-15 09:00:51.447   551   709 I ActivityManager: Start proc 1971:com.google.android.remote.tv.services/1002 for broadcast com.google.android.tv.remote/.BootReceiver
10-15 09:00:51.641   551   916 I ActivityManager: Start proc 1992:com.android.providers.calendar/u0a12 for broadcast com.android.providers.calendar/.CalendarReceiver
10-15 09:00:51.715  1992  1992 W ResourcesManager: Asset path '/system/framework/android.test.runner.jar' does not exist or contains no resources.
10-15 09:00:51.896   551  1015 I ActivityManager: Start proc 2023:com.google.android.onetimeinitializer/u0a95 for broadcast com.google.android.onetimeinitializer/.OneTimeInitializerReceiver
10-15 09:00:51.987   551   607 D NsdService: New client listening to asynchronous messages
10-15 09:00:51.987   551   607 D NsdService: New client, channel: com.android.internal.util.AsyncChannel@f877461 messenger: android.os.Messenger@6284b86
10-15 09:00:52.002   551   607 D NsdService: Register service
10-15 09:00:52.002   551   607 D NsdService: registerService: 3 name: Bbox Miami, type: _androidtvremote._tcp., host: null, port: 6466, txtRecord: bt=9C:80:DF:F3:D8:00
10-15 09:00:52.005   551   607 D NsdService: Register 1 3
10-15 09:00:52.049   551   567 I ActivityManager: Start proc 2047:com.google.android.partnersetup/u0a37 for broadcast com.google.android.partnersetup/.GooglePartnerSetup
10-15 09:00:52.196   551   568 I ActivityManager: Delay finish: com.google.android.partnersetup/.RlzPingBroadcastReceiver
10-15 09:00:52.207   551   916 I ActivityManager: Resuming delayed broadcast
10-15 09:00:52.369  1871  1871 W ContextImpl: Calling a method in the system process without a qualified user: android.app.ContextImpl.startService:1692 android.content.ContextWrapper.startService:516 android.content.ContextWrapper.startService:516 com.android.tv.settings.users.UserSwitchListenerService$BootReceiver.onReceive:53 android.app.ActivityThread.handleReceiver:2609 
10-15 09:00:52.692   551   607 D NsdService: SERVICE_REGISTERED Raw: 606 3 "Bbox Miami"
10-15 09:00:53.265   551  1015 I ActivityManager: Start proc 2095:fr.bouyguestelecom.tv.live/u0a108 for broadcast fr.bouyguestelecom.tv.live/.receiver.NotificationReceiver
10-15 09:00:53.360   551  1011 I PackageManager: Adding preferred activity com.ifeelsmart.smartui/com.ifeelsmart.common.IFSNativeActivity for user 0:
10-15 09:00:53.390   551   551 D ZenLog  : disable_effects: 0|fr.bouyguestelecom.tv.launcher|-1961930922|null|1000,listenerHints
10-15 09:00:53.510   551   551 D ZenLog  : disable_effects: 0|fr.bouyguestelecom.tv.launcher|963367070|null|1000,listenerHints
10-15 09:00:53.656   551   551 D ZenLog  : disable_effects: 0|fr.bouyguestelecom.tv.launcher|1608259406|null|1000,listenerHints
10-15 09:00:53.779   551   551 D ZenLog  : disable_effects: 0|fr.bouyguestelecom.tv.launcher|-1989301927|null|1000,listenerHints
10-15 09:00:53.830  1235  1235 W ContextImpl: Calling a method in the system process without a qualified user: android.app.ContextImpl.startService:1692 android.content.ContextWrapper.startService:516 android.content.ContextWrapper.startService:516 fr.bouyguestelecom.tv.middleware.BytelMiddlewareReceiver.onReceive:-1 android.app.ActivityThread.handleReceiver:2609 
10-15 09:00:53.872   551  1014 I ActivityManager: Start proc 2124:fr.bouyguestelecom.tv.security.partner/u0a10 for broadcast fr.bouyguestelecom.tv.security.partner/.BytelPartnerPermissionsReceiver
10-15 09:00:53.962   551   551 D ZenLog  : disable_effects: 0|fr.bouyguestelecom.tv.launcher|10107|null|1000,listenerHints
10-15 09:00:54.089   551  1036 I ActivityManager: Start proc 2144:com.neosesame.comfm.tv/u0a16 for broadcast com.neosesame.comfm.tv/.recommendation.BootListener
10-15 09:00:54.145   551  1075 I ActivityManager: Start proc 2162:com.google.android.play.games.ui/u0a119 for service com.google.android.play.games/com.google.android.gms.games.service.PlayGamesBridgeService
10-15 09:00:54.191   551   551 D ZenLog  : disable_effects: 0|fr.bouyguestelecom.tv.launcher|1608253871|null|1000,listenerHints
10-15 09:00:54.390   551  1036 W BroadcastQueue: Permission Denial: receiving Intent { act=android.intent.action.BOOT_COMPLETED flg=0x8000010 (has extras) } to fr.francetv.info.tv/.services.receivers.BootReceiver requires android.permission.RECEIVE_BOOT_COMPLETED due to sender null (uid 1000)
10-15 09:00:54.460   551  1014 I ActivityManager: Start proc 2199:com.marvell.hdmiservice/1000 for broadcast com.marvell.hdmiservice/.BootCompleteReceiver
10-15 09:00:54.509   464   464 I cpusvc  : [restore_max_freq] max freq gonna restore to: 1200000
10-15 09:00:54.588  2199  2199 W ContextImpl: Calling a method in the system process without a qualified user: android.app.ContextImpl.startService:1692 android.content.ContextWrapper.startService:516 android.content.ContextWrapper.startService:516 com.marvell.hdmiservice.BootCompleteReceiver.onReceive:17 android.app.ActivityThread.handleReceiver:2609 
10-15 09:00:54.643   551  1113 I ActivityManager: Start proc 2222:fr.francetv.pluzz/u0a65 for broadcast fr.francetv.pluzz/.services.receivers.BootReceiver
10-15 09:00:54.877   551   551 W HdmiControlService: Local playback device not available
10-15 09:00:55.172   551   881 I ActivityManager: Start proc 2250:com.marvell.powersettings/1000 for broadcast com.marvell.powersettings/.BootCompleteReceiver
10-15 09:00:55.380   551  1011 I ActivityManager: Start proc 2270:fr.bouyguestelecom.tv.remotecontrol/1000 for broadcast fr.bouyguestelecom.tv.remotecontrol/.GlobalKeyReceiver
10-15 09:00:55.485   551  1113 I ActivityManager: Delay finish: fr.bouyguestelecom.tv.remotecontrol/.GlobalKeyReceiver
10-15 09:00:56.438   551   551 D ZenLog  : disable_effects: 0|fr.francetv.pluzz|140577809|null|10065,listenerHints
10-15 09:00:57.042   551   551 D ZenLog  : disable_effects: 0|fr.francetv.pluzz|140570307|null|10065,listenerHints
10-15 09:00:57.560   464   464 I cpusvc  : [reduce_max_freq] max freq gonna reduce to: 1000000
10-15 09:00:57.691   551   551 D ZenLog  : disable_effects: 0|fr.francetv.pluzz|140941777|null|10065,listenerHints
