10-15 09:00:58.285   551   551 D ZenLog  : disable_effects: 0|fr.francetv.pluzz|140941770|null|10065,listenerHints
10-15 09:00:58.951   551   551 D ZenLog  : disable_effects: 0|fr.francetv.pluzz|140570303|null|10065,listenerHints
10-15 09:01:01.424   551   551 D ZenLog  : disable_effects: 0|fr.francetv.pluzz|140577809|null|10065,listenerHints
10-15 09:01:02.180   551   551 D ZenLog  : disable_effects: 0|fr.francetv.pluzz|140570307|null|10065,listenerHints
10-15 09:01:02.372   551   605 D WifiService: New client listening to asynchronous messages
10-15 09:01:02.827   551   551 D ZenLog  : disable_effects: 0|fr.francetv.pluzz|140941777|null|10065,listenerHints
10-15 09:01:02.994   551   551 D BackupManagerService: Received broadcast Intent { act=android.intent.action.PACKAGE_CHANGED dat=package:fr.bouyguestelecom.agent.custo flg=0x4000010 (has extras) }
10-15 09:01:03.459   551   551 D ZenLog  : disable_effects: 0|fr.francetv.pluzz|140941770|null|10065,listenerHints
10-15 09:01:04.097   551   551 D ZenLog  : disable_effects: 0|fr.francetv.pluzz|140570303|null|10065,listenerHints
10-15 09:01:04.104   551  1075 I ActivityManager: Resuming delayed broadcast
10-15 09:01:04.112  1114  1114 W ContextImpl: Calling a method in the system process without a qualified user: android.app.ContextImpl.startService:1692 android.content.ContextWrapper.startService:516 android.content.ContextWrapper.startService:516 insight.tr069.client.TR069ClientOnBootReceiver.onReceive:38 android.app.ActivityThread.handleReceiver:2609 
10-15 09:01:04.161   551  1076 I ActivityManager: Start proc 2336:fr.tfou.max/u0a71 for broadcast fr.tfou.max/com.ubikod.capptain.android.sdk.reach.CapptainReachReceiver
10-15 09:01:04.499   551  1013 I ActivityManager: Start proc 2357:fr.tfou.max:Capptain/u0a71 for service fr.tfou.max/com.ubikod.capptain.android.service.CapptainService
10-15 09:01:04.596   551  1011 I ActivityManager: Killing 1132:com.android.printspooler/u0a120 (adj 15): empty #17
10-15 09:01:04.693   551  1036 W BroadcastQueue: Permission Denial: receiving Intent { act=android.intent.action.BOOT_COMPLETED flg=0x8000010 (has extras) } to fr.francetv.zouzous.tv/.services.receivers.BootReceiver requires android.permission.RECEIVE_BOOT_COMPLETED due to sender null (uid 1000)
10-15 09:01:04.751   551   613 I ActivityManager: Start proc 2377:com.rsupport.rs.activity.rsupport.bg/u0a86 for broadcast com.rsupport.rs.activity.rsupport.bg/com.rsupport.rs.receiver.SystemEventReceiver
10-15 09:01:04.971   551   916 D WifiService: acquireWifiLockLocked: WifiLock{capptain-service type=1 binder=android.os.BinderProxy@3d520d01}
10-15 09:01:05.007   551  1014 I ActivityManager: Start proc 2398:fr.tf1.mytf1/u0a56 for broadcast fr.tf1.mytf1/com.microsoft.azure.engagement.EngagementLocationBootReceiver
10-15 09:01:05.009   551  1014 I ActivityManager: Killing 1321:com.android.vending/u0a64 (adj 15): empty #17
10-15 09:01:05.487   551   916 W ActivityManager: getRunningAppProcesses: caller 10056 does not hold REAL_GET_TASKS; limiting output
10-15 09:01:06.587   551   570 I ActivityManager: Waited long enough for: ServiceRecord{28a70e0a u0 com.google.android.tv.remote/.RemoteService}
10-15 09:01:06.589   551   570 I ActivityManager: Waited long enough for: ServiceRecord{1b24367b u0 com.google.android.tv.remote/.DiscoveryService}
10-15 09:01:06.712   464   464 I cpusvc  : [restore_max_freq] max freq gonna restore to: 1200000
10-15 09:01:06.738   551  1049 I ActivityManager: Start proc 2432:fr.tf1.mytf1:Engagement/u0a56 for service fr.tf1.mytf1/com.microsoft.azure.engagement.service.EngagementService
10-15 09:01:06.826   551  1036 W ActivityManager: getRunningAppProcesses: caller 10056 does not hold REAL_GET_TASKS; limiting output
10-15 09:01:06.861   551   881 D WifiService: acquireWifiLockLocked: WifiLock{engagement-service type=1 binder=android.os.BinderProxy@28dba656}
10-15 09:01:06.890   551   551 D ZenLog  : disable_effects: 0|fr.tf1.mytf1|-215669837|null|10056,listenerHints
10-15 09:01:06.994   551   613 I ActivityManager: Start proc 2453:com.android.vending/u0a64 for broadcast com.android.vending/com.google.android.finsky.receivers.BootCompletedReceiver
10-15 09:01:06.996   551   613 I ActivityManager: Killing 1932:com.google.android.play.games/u0a119 (adj 15): empty #17
10-15 09:01:07.145   994  1689 W ContextImpl: Calling a method in the system process without a qualified user: android.app.ContextImpl.sendBroadcast:1327 android.content.ContextWrapper.sendBroadcast:377 <bottom of call stack> <bottom of call stack> <bottom of call stack> 
10-15 09:01:07.295   551   551 D ZenLog  : disable_effects: 0|fr.tf1.mytf1|-215669837|null|10056,listenerHints
10-15 09:01:07.373   551   570 I ActivityManager: Waited long enough for: ServiceRecord{3ec7455e u0 com.android.tv.settings/.users.UserSwitchListenerService}
10-15 09:01:07.571   551   709 I ActivityManager: Start proc 2502:fr.ocsgo.android.tv.bytel/u0a117 for broadcast fr.ocsgo.android.tv.bytel/com.dotscreen.ocs.utils.recommendation.BootupActivity
10-15 09:01:07.573   551   709 I ActivityManager: Killing 1953:com.google.android.marvin.talkback/u0a88 (adj 15): empty #17
10-15 09:01:07.854   551  1013 W ActivityManager: getRunningAppProcesses: caller 10117 does not hold REAL_GET_TASKS; limiting output
10-15 09:01:08.151   551  1011 W ActivityManager: getRunningAppProcesses: caller 10117 does not hold REAL_GET_TASKS; limiting output
10-15 09:01:08.576   551   570 I ActivityManager: Waited long enough for: ServiceRecord{1e60a236 u0 fr.bouyguestelecom.tv.live/.recommendation.NotificationService}
10-15 09:01:08.757   551   605 D WifiService: New client listening to asynchronous messages
10-15 09:01:09.592   551   570 I ActivityManager: Waited long enough for: ServiceRecord{2a03c44b u0 com.marvell.hdmiservice/.HDMIStateService}
10-15 09:01:09.749   551  1014 D ConnectivityService: listenForNetwork for NetworkRequest [ id=2, legacyType=-1, [ Capabilities: INTERNET&NOT_RESTRICTED&TRUSTED&NOT_VPN] ]
10-15 09:01:09.764   464   464 I cpusvc  : [reduce_max_freq] max freq gonna reduce to: 1000000
10-15 09:01:10.124   551   570 I ActivityManager: Waited long enough for: ServiceRecord{20f2b741 u0 fr.francetv.pluzz/.services.UpdateProgramDatabaseIntentService}
10-15 09:01:10.484   551   570 I ActivityManager: Waited long enough for: ServiceRecord{387404e6 u0 fr.bouyguestelecom.tv.remotecontrol/.RemoteSolutionVoiceService}
10-15 09:01:11.220   551  1076 W BroadcastQueue: Permission Denial: receiving Intent { act=android.intent.action.BOOT_COMPLETED flg=0x8000010 (has extras) } to fr.francetv.ludo/.services.receivers.BootReceiver requires android.permission.RECEIVE_BOOT_COMPLETED due to sender null (uid 1000)
10-15 09:01:11.224   551  1076 I ActivityManager: Killing 1992:com.android.providers.calendar/u0a12 (adj 15): empty #17
10-15 09:01:11.284   551  1075 D ConnectivityService: listenForNetwork for NetworkRequest [ id=3, legacyType=-1, [ Capabilities: INTERNET&NOT_RESTRICTED&TRUSTED&NOT_VPN] ]
10-15 09:01:11.580   551  1075 I ActivityManager: Start proc 2583:com.google.android.videos/u0a77 for broadcast com.google.android.videos/.tv.service.nowtifications.NowtificationBroadcastReceiver
10-15 09:01:12.465   551  1049 W ActivityManager: Unable to start service Intent { act=com.google.android.gms.auth.authzen.api.service.internaldata.START pkg=com.google.android.gms } U=0: not found
10-15 09:01:12.468   551  1113 W ActivityManager: Unbind failed: could not find connection for android.os.BinderProxy@1c554133
10-15 09:01:12.716   551   606 D ConnectivityService: releasing NetworkRequest NetworkRequest [ id=2, legacyType=-1, [ Capabilities: INTERNET&NOT_RESTRICTED&TRUSTED&NOT_VPN] ]
10-15 09:01:12.817   464   464 I cpusvc  : [restore_max_freq] max freq gonna restore to: 1200000
10-15 09:01:13.130  1495  2641 E ActivityThread: Failed to find provider info for sms
10-15 09:01:13.132  1495  2641 E ActivityThread: Failed to find provider info for mms
10-15 09:01:13.170  1495  2641 E ActivityThread: Failed to find provider info for sms
10-15 09:01:13.172  1495  2641 E ActivityThread: Failed to find provider info for mms
10-15 09:01:14.051   551  1076 W ActivityManager: Unable to start service Intent { cmp=com.google.android.gms/iot } U=0: not found
10-15 09:01:14.076   551  1014 W ActivityManager: Unable to start service Intent { cmp=com.google.android.gms/vxq } U=0: not found
10-15 09:01:14.268   551  1015 I ActivityManager: Start proc 2691:com.google.android.youtube.tv/u0a125 for broadcast com.google.android.youtube.tv/com.google.android.apps.youtube.tv.activity.RecommendationService$BootReceiver
10-15 09:01:14.544   551   568 I ActivityManager: Killing 2023:com.google.android.onetimeinitializer/u0a95 (adj 15): empty #17
10-15 09:01:15.427  2691  2729 W ResourcesManager: Asset path '/system/framework/com.android.location.provider.jar' does not exist or contains no resources.
10-15 09:01:15.487   551   551 D ZenLog  : disable_effects: 0|com.google.android.videos|0|nowtification-prefix-yt:movie:_PPt_KBmu6E|10077,listenerHints
10-15 09:01:15.518   551   551 D ZenLog  : disable_effects: 0|com.google.android.videos|0|nowtification-prefix-yt:movie:sJbYUDiov4s|10077,listenerHints
10-15 09:01:15.869   464   464 I cpusvc  : [reduce_max_freq] max freq gonna reduce to: 1000000
10-15 09:01:15.870   104   115 E Vold    : Failed to find mounted volume for /storage/extSdCard/Android/data/com.google.android.videos/files/Movies/
10-15 09:01:15.871   104   115 W Vold    : Returning OperationFailed - no handler for errno 0
10-15 09:01:16.834   551   568 I ActivityManager: Start proc 2757:com.google.android.apps.mediashell/u0a93 for broadcast com.google.android.apps.mediashell/.AutoStartListener
10-15 09:01:16.891   551  1014 I ActivityManager: Killing 2047:com.google.android.partnersetup/u0a37 (adj 15): empty #17
10-15 09:01:17.220   551   613 I ActivityManager: Start proc 2792:com.google.android.katniss/u0a96 for broadcast com.google.android.katniss/.hotword.BootReceiver
10-15 09:01:17.221   551   613 I ActivityManager: Killing 640:android.process.media/u0a24 (adj 15): empty #17
10-15 09:01:17.487  2792  2812 W ResourcesManager: Asset path '/system/framework/com.android.location.provider.jar' does not exist or contains no resources.
10-15 09:01:17.739   551  1015 I ActivityManager: Start proc 2845:com.spotify.tv.android/u0a70 for broadcast com.spotify.tv.android/.service.SpotifyTVServiceStarter
10-15 09:01:17.744   551  1015 I ActivityManager: Killing 1265:fr.bouyguestelecom.tv.launcher/1000 (adj 15): empty #17
10-15 09:01:18.471   551  1113 W BroadcastQueue: Permission Denial: receiving Intent { act=android.intent.action.BOOT_COMPLETED flg=0x8000010 (has extras) } to fr.bouyguestelecom.tv.astuce/.activity.BootupActivity requires android.permission.RECEIVE_BOOT_COMPLETED due to sender null (uid 1000)
10-15 09:01:18.474   551  1113 I ActivityManager: Killing 1357:com.android.providers.tv/u0a102 (adj 15): empty #17
10-15 09:01:18.690   551  1050 I ActivityManager: Start proc 2895:fr.bouyguestelecom.tv.bridge.bluemix/u0a21 for broadcast fr.bouyguestelecom.tv.bridge.bluemix/.receiver.BootCompletedReceiver
10-15 09:01:18.924   551   551 D ZenLog  : disable_effects: 0|fr.bouyguestelecom.tv.bboxiot.main|4242|null|10020,listenerHints
10-15 09:01:19.210   551  1013 I ActivityManager: Start proc 2917:com.google.android.music:main/u0a53 for broadcast com.google.android.music/.store.MediaStoreImportService$Receiver
10-15 09:01:19.621  2895  2895 W ResourcesManager: Asset path '/system/framework/com.android.location.provider.jar' does not exist or contains no resources.
10-15 09:01:19.817   551   595 I ActivityManager: START u0 {act=android.intent.action.MAIN cat=[android.intent.category.HOME] flg=0x10200000 cmp=com.google.android.leanbacklauncher/.MainActivity} from uid 1000 on display 0
10-15 09:01:19.820   551   595 V WindowManager: addAppToken: AppWindowToken{1fd1032b token=Token{2be95f7a ActivityRecord{35594fa5 u0 com.google.android.leanbacklauncher/.MainActivity t3}}} to stack=0 task=3 at 0
10-15 09:01:20.506   551   916 W ActivityManager: getRunningAppProcesses: caller 10053 does not hold REAL_GET_TASKS; limiting output
10-15 09:01:20.650   104   115 E Vold    : Failed to find mounted volume for /storage/extSdCard/Android/data/fr.bouyguestelecom.tv.bridge.bluemix/files/MqttConnection/
10-15 09:01:20.651   104   115 W Vold    : Returning OperationFailed - no handler for errno 0
10-15 09:01:21.038   551  1014 V WindowManager: Adding window Window{fdabf3d u0 com.google.android.leanbacklauncher/com.google.android.leanbacklauncher.MainActivity} at 5 of 7 (after Window{4806f82 u0 com.ifeelsmart.smartui/com.ifeelsmart.common.IFSNativeActivity})
10-15 09:01:21.121  1495  1495 E ActivityThread: Service com.google.android.gms.chimera.GmsIntentOperationService has leaked IntentReceiver fgj@2e1813e5 that was originally registered here. Are you missing a call to unregisterReceiver()?
10-15 09:01:21.121  1495  1495 E ActivityThread: android.app.IntentReceiverLeaked: Service com.google.android.gms.chimera.GmsIntentOperationService has leaked IntentReceiver fgj@2e1813e5 that was originally registered here. Are you missing a call to unregisterReceiver()?
10-15 09:01:21.121  1495  1495 E ActivityThread: 	at android.app.LoadedApk$ReceiverDispatcher.<init>(LoadedApk.java:903)
10-15 09:01:21.121  1495  1495 E ActivityThread: 	at android.app.LoadedApk.getReceiverDispatcher(LoadedApk.java:704)
10-15 09:01:21.121  1495  1495 E ActivityThread: 	at android.app.ContextImpl.registerReceiverInternal(ContextImpl.java:1643)
10-15 09:01:21.121  1495  1495 E ActivityThread: 	at android.app.ContextImpl.registerReceiver(ContextImpl.java:1623)
10-15 09:01:21.121  1495  1495 E ActivityThread: 	at android.app.ContextImpl.registerReceiver(ContextImpl.java:1617)
10-15 09:01:21.121  1495  1495 E ActivityThread: 	at android.content.ContextWrapper.registerReceiver(ContextWrapper.java:489)
10-15 09:01:21.121  1495  1495 E ActivityThread: 	at android.content.ContextWrapper.registerReceiver(ContextWrapper.java:489)
10-15 09:01:21.121  1495  1495 E ActivityThread: 	at android.content.ContextWrapper.registerReceiver(ContextWrapper.java:489)
10-15 09:01:21.121  1495  1495 E ActivityThread: 	at com.google.android.gms.auth.setup.devicesignals.LockScreenChimeraReceiver.a(SourceFile:52)
10-15 09:01:21.121  1495  1495 E ActivityThread: 	at fgk.b(SourceFile:2036)
10-15 09:01:21.121  1495  1495 E ActivityThread: 	at com.google.android.gms.auth.account.AuthInitIntentOperation.a(SourceFile:62)
10-15 09:01:21.121  1495  1495 E ActivityThread: 	at fwj.onHandleIntent(SourceFile:60)
10-15 09:01:21.121  1495  1495 E ActivityThread: 	at com.google.android.chimera.IntentOperation.onHandleIntent(SourceFile:82)
10-15 09:01:21.121  1495  1495 E ActivityThread: 	at axj.run(SourceFile:1885)
10-15 09:01:21.121  1495  1495 E ActivityThread: 	at java.util.concurrent.ThreadPoolExecutor.runWorker(ThreadPoolExecutor.java:1112)
10-15 09:01:21.121  1495  1495 E ActivityThread: 	at java.util.concurrent.ThreadPoolExecutor$Worker.run(ThreadPoolExecutor.java:587)
10-15 09:01:21.121  1495  1495 E ActivityThread: 	at java.lang.Thread.run(Thread.java:818)
10-15 09:01:21.461   104   115 E Vold    : Failed to find mounted volume for /storage/extSdCard/Android/data/com.google.android.music/files/
10-15 09:01:21.461   104   115 W Vold    : Returning OperationFailed - no handler for errno 0
10-15 09:01:21.468   104   115 E Vold    : Failed to find mounted volume for /storage/extSdCard/Android/data/com.google.android.music/files/
10-15 09:01:21.468   104   115 W Vold    : Returning OperationFailed - no handler for errno 0
10-15 09:01:21.473   104   115 E Vold    : Failed to find mounted volume for /storage/extSdCard/Android/data/com.google.android.music/files/
10-15 09:01:21.473   104   115 W Vold    : Returning OperationFailed - no handler for errno 0
10-15 09:01:21.922  2917  2917 W ActivityThread: ClassLoader.loadClass: The class loader returned by Thread.getContextClassLoader() may fail for processes that host multiple applications. You should explicitly specify a context class loader. For example: Thread.setContextClassLoader(getClass().getClassLoader());
10-15 09:01:21.974   464   464 I cpusvc  : [restore_max_freq] max freq gonna restore to: 1200000
10-15 09:01:22.138   551   613 I ActivityManager: Start proc 2978:com.android.providers.calendar/u0a12 for broadcast com.android.providers.calendar/.CalendarProviderBroadcastReceiver
10-15 09:01:22.226  2978  2978 W ResourcesManager: Asset path '/system/framework/android.test.runner.jar' does not exist or contains no resources.
10-15 09:01:22.387   551  1075 I ActivityManager: Start proc 2996:android.process.media/u0a24 for content provider com.android.providers.media/.MediaProvider
10-15 09:01:22.758   802   802 W ViewRootImpl: Dropping event due to no window focus: KeyEvent { action=ACTION_DOWN, keyCode=KEYCODE_DPAD_DOWN, scanCode=108, metaState=0, flags=0x8, repeatCount=0, eventTime=83005, downTime=83005, deviceId=1, source=0x301 }
10-15 09:01:22.781   802   802 W ViewRootImpl: Cancelling event due to no window focus: KeyEvent { action=ACTION_UP, keyCode=KEYCODE_DPAD_DOWN, scanCode=108, metaState=0, flags=0x28, repeatCount=0, eventTime=83171, downTime=83005, deviceId=1, source=0x301 }
10-15 09:01:22.781   802   802 W ViewRootImpl: Cancelling event due to no window focus: KeyEvent { action=ACTION_UP, keyCode=KEYCODE_DPAD_DOWN, scanCode=108, metaState=0, flags=0x28, repeatCount=0, eventTime=83171, downTime=83005, deviceId=1, source=0x301 }
10-15 09:01:22.781   802   802 W ViewRootImpl: Cancelling event due to no window focus: KeyEvent { action=ACTION_UP, keyCode=KEYCODE_DPAD_DOWN, scanCode=108, metaState=0, flags=0x28, repeatCount=0, eventTime=83171, downTime=83005, deviceId=1, source=0x301 }
10-15 09:01:22.781   802   802 W ViewRootImpl: Cancelling event due to no window focus: KeyEvent { action=ACTION_UP, keyCode=KEYCODE_DPAD_DOWN, scanCode=108, metaState=0, flags=0x28, repeatCount=0, eventTime=83171, downTime=83005, deviceId=1, source=0x301 }
10-15 09:01:22.782   802   802 W ViewRootImpl: Cancelling event due to no window focus: KeyEvent { action=ACTION_UP, keyCode=KEYCODE_DPAD_DOWN, scanCode=108, metaState=0, flags=0x28, repeatCount=0, eventTime=83171, downTime=83005, deviceId=1, source=0x301 }
10-15 09:01:22.782   802   802 W ViewRootImpl: Cancelling event due to no window focus: KeyEvent { action=ACTION_UP, keyCode=KEYCODE_DPAD_DOWN, scanCode=108, metaState=0, flags=0x28, repeatCount=0, eventTime=83171, downTime=83005, deviceId=1, source=0x301 }
10-15 09:01:22.788   802   802 W ViewRootImpl: Cancelling event due to no window focus: KeyEvent { action=ACTION_UP, keyCode=KEYCODE_DPAD_DOWN, scanCode=108, metaState=0, flags=0x28, repeatCount=0, eventTime=83171, downTime=83005, deviceId=1, source=0x301 }
10-15 09:01:22.788   802   802 W ViewRootImpl: Cancelling event due to no window focus: KeyEvent { action=ACTION_UP, keyCode=KEYCODE_DPAD_DOWN, scanCode=108, metaState=0, flags=0x28, repeatCount=0, eventTime=83171, downTime=83005, deviceId=1, source=0x301 }
10-15 09:01:22.788   802   802 W ViewRootImpl: Cancelling event due to no window focus: KeyEvent { action=ACTION_UP, keyCode=KEYCODE_DPAD_DOWN, scanCode=108, metaState=0, flags=0x28, repeatCount=0, eventTime=83171, downTime=83005, deviceId=1, source=0x301 }
10-15 09:01:23.333   551   613 I ActivityManager: Killing 2124:fr.bouyguestelecom.tv.security.partner/u0a10 (adj 15): empty #17
10-15 09:01:23.502   551  1076 I ActivityManager: Killing 2144:com.neosesame.comfm.tv/u0a16 (adj 15): empty #17
10-15 09:01:23.582   551   551 D BackupManagerService: Received broadcast Intent { act=android.intent.action.PACKAGE_CHANGED dat=package:com.google.android.gms flg=0x4000010 (has extras) }
10-15 09:01:23.582   551   551 I BackupManagerService: Unbinding ComponentInfo{com.google.android.gms/com.google.android.gms.backup.BackupTransportService}
10-15 09:01:23.621   551  1011 I ActivityManager: Killing 2162:com.google.android.play.games.ui/u0a119 (adj 15): empty #17
10-15 09:01:23.742   551   551 I BackupManagerService: Binding to transport host ComponentInfo{com.google.android.gms/com.google.android.gms.backup.BackupTransportService}
10-15 09:01:24.157   551   551 V BackupManagerService: Connected to transport ComponentInfo{com.google.android.gms/com.google.android.gms.backup.BackupTransportService}
10-15 09:01:24.157   551   551 V BackupManagerService: Registering transport com.google.android.gms/.backup.BackupTransportService::com.google.android.gms/.backup.BackupTransportService = com.android.internal.backup.IBackupTransport$Stub$Proxy@14299ce5
10-15 09:01:25.027   464   464 I cpusvc  : [reduce_max_freq] max freq gonna reduce to: 1000000
10-15 09:01:25.228   551   551 D ZenLog  : disable_effects: 0|com.google.android.videos|0|nowtification-prefix-yt:movie:_PPt_KBmu6E|10077,listenerHints
10-15 09:01:25.319   551   551 D ZenLog  : disable_effects: 0|com.google.android.videos|0|nowtification-prefix-yt:movie:sJbYUDiov4s|10077,listenerHints
10-15 09:01:25.414   551   551 D ZenLog  : disable_effects: 0|com.google.android.videos|0|nowtification-prefix-yt:show:-MbbTnDsDGQ|10077,listenerHints
10-15 09:01:25.547   551   551 D ZenLog  : disable_effects: 0|com.google.android.videos|0|nowtification-prefix-yt:show:1TMRxgzLTD8|10077,listenerHints
--------- beginning of main Firmware version 2.50.04
10-15 09:01:27.607   994  2485 E ifs_default                : IFS#04 pc 00527ac7  /system/lib/libSmartMW.so (SmartMW::Content::TVReplay::TVReplayUpdater::onTVChannelListUpdated()+1338)
10-15 09:01:27.608   994  2485 E ifs_default                : IFS#05 pc 005281ef  /system/lib/libSmartMW.so (SmartMW::Content::TVReplay::TVReplayUpdater::run()+1202)
10-15 09:01:27.608   994  2485 E ifs_default                : IFS#06 pc 00074cd9  /system/lib/libQt5Core.so
10-15 09:01:27.608   994  2485 E ifs_default                : IFS#07 pc 00016ea3  /system/lib/libc.so (__pthread_start(void*)+30)
10-15 09:01:27.608   994  2485 E ifs_default                : IFS#08 pc 00014deb  /system/lib/libc.so (__start_thread+6)
10-15 09:01:27.608   994  2485 E ifs_default                : [0;0m
10-15 09:01:27.608   994  2485 E [0;1;31m[byt]Cat::Cup[0m::getProviderNameFromChannelId: ChannelId unknown
10-15 09:01:27.608   994  2485 E [0;1;31m[byt]Cat::Cup[0m::requestCatchup: ChannelId unknown. Can't get catalog of Id channel 1286
10-15 09:01:27.608   994  2485 E [0;1;31m[byt]Cat::Cup[0m::getData: Error on CUP GET command 1
10-15 09:01:27.608   994  2485 E ifs_default                : [0;0m[0;34m[09:01:27.608 (1408:2485:SmartMWTVReplayUpdater)src/IFSBTTVReplayServicesClient.cpp:0292->getContentsForService][1m[1;31m[4mIFS_ERROR: cannot setup tvreplay bytel catalog with error: [0;0m
10-15 09:01:27.608   994  2485 E ifs_default                : [1m[1;31mifsCallstack:[0;0m
10-15 09:01:27.610  1495  3037 I Icing   : Indexing 3A719AD171B568BB75EF36D60258AB75C4B2C1AD from com.google.android.music
10-15 09:01:27.625  1443  1732 D GlobalKeyHandler: [onGlobalKeyEvent][28][485d69228e24f5e46da1598745890b214130dbc4][1][1]
10-15 09:01:27.655   994  2485 E ifs_default                : [1m[1;31mIFS#00 pc 000031ad  /system/lib/libbacktrace.so (Backtrace::Unwind(unsigned int, ucontext*)+8)
10-15 09:01:27.655   994  2485 E ifs_default                : IFS#01 pc 0000d061  /system/lib/libutils.so (android::CallStack::update(int, int)+52)
10-15 09:01:27.655   994  2485 E ifs_default                : IFS#02 pc 000610a9  /system/lib/libIFSToolbox.so (ifsGetCallstack(int)+32)
10-15 09:01:27.655   994  2485 E ifs_default                : IFS#03 pc 006a816f  /system/lib/libSmartMW.so (IFSData::TVReplay::IFSBTTVReplayServicesClient::getContentsForService(long, bool)+914)
10-15 09:01:27.655   994  2485 E ifs_default                : IFS#04 pc 00527ac7  /system/lib/libSmartMW.so (SmartMW::Content::TVReplay::TVReplayUpdater::onTVChannelListUpdated()+1338)
10-15 09:01:27.655   994  2485 E ifs_default                : IFS#05 pc 005281ef  /system/lib/libSmartMW.so (SmartMW::Content::TVReplay::TVReplayUpdater::run()+1202)
10-15 09:01:27.655   994  2485 E ifs_default                : IFS#06 pc 00074cd9  /system/lib/libQt5Core.so
10-15 09:01:27.655   994  2485 E ifs_default                : IFS#07 pc 00016ea3  /system/lib/libc.so (__pthread_start(void*)+30)
10-15 09:01:27.655   994  2485 E ifs_default                : IFS#08 pc 00014deb  /system/lib/libc.so (__start_thread+6)
10-15 09:01:27.655   994  2485 E ifs_default                : [0;0m
10-15 09:01:27.656   994  2485 E [0;1;31m[byt]Cat::Cup[0m::getProviderNameFromChannelId: ChannelId unknown
10-15 09:01:27.656   994  2485 E [0;1;31m[byt]Cat::Cup[0m::requestCatchup: ChannelId unknown. Can't get catalog of Id channel 814
10-15 09:01:27.656   994  2485 E [0;1;31m[byt]Cat::Cup[0m::getData: Error on CUP GET command 1
10-15 09:01:27.657   994  2485 E ifs_default                : [0;0m[0;34m[09:01:27.657 (1408:2485:SmartMWTVReplayUpdater)src/IFSBTTVReplayServicesClient.cpp:0292->getContentsForService][1m[1;31m[4mIFS_ERROR: cannot setup tvreplay bytel catalog with error: [0;0m
10-15 09:01:27.657   994  2485 E ifs_default                : [1m[1;31mifsCallstack:[0;0m
10-15 09:01:27.694   994  2485 E ifs_default                : [1m[1;31mIFS#00 pc 000031ad  /system/lib/libbacktrace.so (Backtrace::Unwind(unsigned int, ucontext*)+8)
10-15 09:01:27.694   994  2485 E ifs_default                : IFS#01 pc 0000d061  /system/lib/libutils.so (android::CallStack::update(int, int)+52)
10-15 09:01:27.694   994  2485 E ifs_default                : IFS#02 pc 000610a9  /system/lib/libIFSToolbox.so (ifsGetCallstack(int)+32)
10-15 09:01:27.694   994  2485 E ifs_default                : IFS#03 pc 006a816f  /system/lib/libSmartMW.so (IFSData::TVReplay::IFSBTTVReplayServicesClient::getContentsForService(long, bool)+914)
10-15 09:01:27.694   994  2485 E ifs_default                : IFS#04 pc 00527ac7  /system/lib/libSmartMW.so (SmartMW::Content::TVReplay::TVReplayUpdater::onTVChannelListUpdated()+1338)
10-15 09:01:27.694   994  2485 E ifs_default                : IFS#05 pc 005281ef  /system/lib/libSmartMW.so (SmartMW::Content::TVReplay::TVReplayUpdater::run()+1202)
10-15 09:01:27.694   994  2485 E ifs_default                : IFS#06 pc 00074cd9  /system/lib/libQt5Core.so
10-15 09:01:27.694   994  2485 E ifs_default                : IFS#07 pc 00016ea3  /system/lib/libc.so (__pthread_start(void*)+30)
10-15 09:01:27.694   994  2485 E ifs_default                : IFS#08 pc 00014deb  /system/lib/libc.so (__start_thread+6)
10-15 09:01:27.694   994  2485 E ifs_default                : [0;0m
10-15 09:01:27.695   994  2485 E [0;1;31m[byt]Cat::Cup[0m::getProviderNameFromChannelId: ChannelId unknown
10-15 09:01:27.695   994  2485 E [0;1;31m[byt]Cat::Cup[0m::requestCatchup: ChannelId unknown. Can't get catalog of Id channel 449
10-15 09:01:27.695   994  2485 E [0;1;31m[byt]Cat::Cup[0m::getData: Error on CUP GET command 1
10-15 09:01:27.695   994  2485 E ifs_default                : [0;0m[0;34m[09:01:27.695 (1408:2485:SmartMWTVReplayUpdater)src/IFSBTTVReplayServicesClient.cpp:0292->getContentsForService][1m[1;31m[4mIFS_ERROR: cannot setup tvreplay bytel catalog with error: [0;0m
10-15 09:01:27.695   994  2485 E ifs_default                : [1m[1;31mifsCallstack:[0;0m
10-15 09:01:27.725   994  2485 E ifs_default                : [1m[1;31mIFS#00 pc 000031ad  /system/lib/libbacktrace.so (Backtrace::Unwind(unsigned int, ucontext*)+8)
10-15 09:01:27.725   994  2485 E ifs_default                : IFS#01 pc 0000d061  /system/lib/libutils.so (android::CallStack::update(int, int)+52)
10-15 09:01:27.725   994  2485 E ifs_default                : IFS#02 pc 000610a9  /system/lib/libIFSToolbox.so (ifsGetCallstack(int)+32)
10-15 09:01:27.725   994  2485 E ifs_default                : IFS#03 pc 006a816f  /system/lib/libSmartMW.so (IFSData::TVReplay::IFSBTTVReplayServicesClient::getContentsForService(long, bool)+914)
10-15 09:01:27.725   994  2485 E ifs_default                : IFS#04 pc 00527ac7  /system/lib/libSmartMW.so (SmartMW::Content::TVReplay::TVReplayUpdater::onTVChannelListUpdated()+1338)
10-15 09:01:27.725   994  2485 E ifs_default                : IFS#05 pc 005281ef  /system/lib/libSmartMW.so (SmartMW::Content::TVReplay::TVReplayUpdater::run()+1202)
10-15 09:01:27.725   994  2485 E ifs_default                : IFS#06 pc 00074cd9  /system/lib/libQt5Core.so
10-15 09:01:27.725   994  2485 E ifs_default                : IFS#07 pc 00016ea3  /system/lib/libc.so (__pthread_start(void*)+30)
10-15 09:01:27.725   994  2485 E ifs_default                : IFS#08 pc 00014deb  /system/lib/libc.so (__start_thread+6)
10-15 09:01:27.725   994  2485 E ifs_default                : [0;0m
10-15 09:01:27.836  1495  3037 I Icing   : Indexing done 3A719AD171B568BB75EF36D60258AB75C4B2C1AD
10-15 09:01:27.837  1495  3037 I Icing   : Indexing AAE61C530124A0D78FB0B5AD35D8932BFC8E6AAA from com.google.android.music
10-15 09:01:28.016  1495  3037 I Icing   : Indexing done AAE61C530124A0D78FB0B5AD35D8932BFC8E6AAA
10-15 09:01:28.018  1495  3037 I Icing   : Indexing 26D12AC5499FCED60BAFB4C1F63EADA2E3F15C8D from com.google.android.gms
10-15 09:01:28.049  1495  3037 I Icing   : Indexing done 26D12AC5499FCED60BAFB4C1F63EADA2E3F15C8D
10-15 09:01:28.050  1495  3037 I Icing   : Indexing 434F807518E4D2E6E80B0E4536CE7654DE6498E5 from com.google.android.gms
10-15 09:01:28.060  1495  3037 I Icing   : Indexing done 434F807518E4D2E6E80B0E4536CE7654DE6498E5
10-15 09:01:28.060  1495  3037 I Icing   : Not indexing corpus from package com.google.android.videos as it has never connected
10-15 09:01:28.061  1495  3037 E Icing   : Aborting indexing of corpus shows
10-15 09:01:28.062  1495  3037 I Icing   : Indexing 30C3113B74DC8723F1DCCEE01A94EA31BE5438FE from com.google.android.gms
10-15 09:01:28.074  1495  3037 I Icing   : Indexing done 30C3113B74DC8723F1DCCEE01A94EA31BE5438FE
10-15 09:01:28.074  1495  3037 I Icing   : Indexing 05E5BAB2353ED8AAB003C9564C5D24D3F0558FB9 from com.google.android.gms
10-15 09:01:28.089  1495  3037 I Icing   : Indexing done 05E5BAB2353ED8AAB003C9564C5D24D3F0558FB9
10-15 09:01:28.095  1495  3037 I Icing   : Not indexing corpus from package com.google.android.videos as it has never connected
10-15 09:01:28.095  1495  3037 E Icing   : Aborting indexing of corpus movies
10-15 09:01:28.098  1495  3037 I Icing   : Indexing F9E3D5E58B483599F1AEAE583FA967DC6140C573 from com.google.android.gms
10-15 09:01:28.136   698   927 V AutoDiag.Probe: keyboard_plugged=false
10-15 09:01:28.141  1495  1510 I art     : Background sticky concurrent mark sweep GC freed 3171(172KB) AllocSpace objects, 0(0B) LOS objects, 2% free, 8MB/8MB, paused 10.840ms total 49.372ms
10-15 09:01:28.147   698   927 V AutoDiag.Probe: keyboard_name=
10-15 09:01:28.151  1495  3037 I Icing   : Indexing done F9E3D5E58B483599F1AEAE583FA967DC6140C573
10-15 09:01:28.152  1495  3037 I Icing   : Indexing ACA790F807DFCB9CE3D5C193D513F6048E35C2F8 from com.google.android.music
10-15 09:01:28.160   698   927 V AutoDiag.Probe: keyboard_layout=
10-15 09:01:28.177   698   927 V AutoDiag.Probe: mouse_plugged=false
10-15 09:01:28.188   698   927 V AutoDiag.Probe: mouse_name=
10-15 09:01:28.196   698   927 V AutoDiag.Probe: gamepad_plugged=false
10-15 09:01:28.208   698   927 V AutoDiag.Probe: gamepad_name=
10-15 09:01:28.305   551   916 I ActivityManager: START u0 {act=android.intent.action.MAIN cat=[android.intent.category.LAUNCHER] flg=0x10208000 cmp=com.android.tv.settings/.connectivity.NetworkActivity} from uid 10098 on display 0
10-15 09:01:28.312   551   916 V WindowManager: addAppToken: AppWindowToken{d040996 token=Token{354220b1 ActivityRecord{217a0758 u0 com.android.tv.settings/.connectivity.NetworkActivity t4}}} to stack=0 task=4 at 0
10-15 09:01:28.326   802   802 D LeanbackLauncher: onPause
10-15 09:01:28.351  1495  3037 I Icing   : Indexing done ACA790F807DFCB9CE3D5C193D513F6048E35C2F8
10-15 09:01:28.352  1495  3037 I Icing   : Indexing 5733F8563B1DD9A97A189C77A84EB7792A8CD3E6 from com.google.android.music
10-15 09:01:28.474   994  3089 E [0;1;31m[byt]Utils::dns[0m::dns_create_sock: Failed to get dns server ip
10-15 09:01:28.475   994  3089 E [0;1;31m[byt]Utils::dns[0m::dns_init_global: Failed to init resolver
10-15 09:01:28.475   994  3089 E [0;1;31m[byt]PfsProxy::AnonymousRequestTask[0m::DoRun: No Response Received !
10-15 09:01:28.475   994  3089 E [0;1;31m[byt]Comm::Pfs[0m::cbkRet: Result of Pfsproxy request gives error 4
10-15 09:01:28.476   994  2309 I [0;1;36m[byt]Comm::Pfs[0m::COMM_PFS_isNetworkAndTime: Check Network
10-15 09:01:28.528   551   583 I ActivityManager: Start proc 3090:com.neosesame.comfm.tv/u0a16 for service com.neosesame.comfm.tv/.recommendation.UpdateRecommendationsService
10-15 09:01:28.561   551   605 D WifiService: New client listening to asynchronous messages
10-15 09:01:28.601  1495  3037 I Icing   : Indexing done 5733F8563B1DD9A97A189C77A84EB7792A8CD3E6
10-15 09:01:28.606   551   583 I ActivityManager: Start proc 3111:com.google.android.play.games/u0a119 for service com.google.android.play.games/com.google.android.gms.games.pano.recommendation.GamesRecommendationsService
10-15 09:01:28.619  1495  3037 I Icing   : Indexing 4367C94579CBC933C9C9647B4975767F18A49420 from com.google.android.gms
10-15 09:01:28.738  2502  2502 W System.err: com.android.volley.NoConnectionError: java.net.UnknownHostException: Unable to resolve host "api.ocs.fr": No address associated with hostname
10-15 09:01:28.841  2502  2502 W System.err: 	at com.android.volley.toolbox.BasicNetwork.performRequest(BasicNetwork.java:151)
10-15 09:01:28.841  2502  2502 W System.err: 	at com.android.volley.NetworkDispatcher.run(NetworkDispatcher.java:112)
10-15 09:01:28.842  2502  2502 W System.err: Caused by: java.net.UnknownHostException: Unable to resolve host "api.ocs.fr": No address associated with hostname
10-15 09:01:28.852  2502  2502 W System.err: 	at java.net.InetAddress.lookupHostByName(InetAddress.java:457)
10-15 09:01:28.852  2502  2502 W System.err: 	at java.net.InetAddress.getAllByNameImpl(InetAddress.java:252)
10-15 09:01:28.852  2502  2502 W System.err: 	at java.net.InetAddress.getAllByName(InetAddress.java:215)
10-15 09:01:28.852  2502  2502 W System.err: 	at com.android.okhttp.HostResolver$1.getAllByName(HostResolver.java:29)
10-15 09:01:28.852  2502  2502 W System.err: 	at com.android.okhttp.internal.http.RouteSelector.resetNextInetSocketAddress(RouteSelector.java:232)
10-15 09:01:28.852  2502  2502 W System.err: 	at com.android.okhttp.internal.http.RouteSelector.next(RouteSelector.java:124)
10-15 09:01:28.852  2502  2502 W System.err: 	at com.android.okhttp.internal.http.HttpEngine.connect(HttpEngine.java:272)
10-15 09:01:28.852  2502  2502 W System.err: 	at com.android.okhttp.internal.http.HttpEngine.sendRequest(HttpEngine.java:211)
10-15 09:01:28.852  2502  2502 W System.err: 	at com.android.okhttp.internal.http.HttpURLConnectionImpl.execute(HttpURLConnectionImpl.java:382)
10-15 09:01:28.852  2502  2502 W System.err: 	at com.android.okhttp.internal.http.HttpURLConnectionImpl.getResponse(HttpURLConnectionImpl.java:332)
10-15 09:01:28.852  2502  2502 W System.err: 	at com.android.okhttp.internal.http.HttpURLConnectionImpl.getResponseCode(HttpURLConnectionImpl.java:500)
10-15 09:01:28.852  2502  2502 W System.err: 	at com.android.okhttp.internal.http.DelegatingHttpsURLConnection.getResponseCode(DelegatingHttpsURLConnection.java:105)
10-15 09:01:28.852  2502  2502 W System.err: 	at com.android.okhttp.internal.http.HttpsURLConnectionImpl.getResponseCode(HttpsURLConnectionImpl.java:25)
10-15 09:01:28.852  2502  2502 W System.err: 	at com.android.volley.toolbox.HurlStack.performRequest(HurlStack.java:110)
10-15 09:01:28.852  2502  2502 W System.err: 	at com.android.volley.toolbox.BasicNetwork.performRequest(BasicNetwork.java:96)
10-15 09:01:28.852  2502  2502 W System.err: 	... 1 more
10-15 09:01:28.853  2502  2502 W System.err: Caused by: android.system.GaiException: android_getaddrinfo failed: EAI_NODATA (No address associated with hostname)
10-15 09:01:28.873  1495  1510 I art     : Background partial concurrent mark sweep GC freed 17801(1127KB) AllocSpace objects, 5(80KB) LOS objects, 34% free, 7MB/11MB, paused 5.573ms total 227.833ms
10-15 09:01:28.890  2502  2502 W System.err: 	at libcore.io.Posix.android_getaddrinfo(Native Method)
10-15 09:01:28.891  2502  2502 W System.err: 	at libcore.io.ForwardingOs.android_getaddrinfo(ForwardingOs.java:55)
10-15 09:01:28.891  2502  2502 W System.err: 	at java.net.InetAddress.lookupHostByName(InetAddress.java:438)
10-15 09:01:28.891  2502  2502 W System.err: 	... 15 more
10-15 09:01:28.897  3090  3142 D UpdateRecommendationsService: Updating recommendation cards
10-15 09:01:28.901  3090  3142 V a       : getRecommendations url =http://radioalademande.tv/android-tv/recommendation.json
10-15 09:01:28.949   551  1050 I art     : Explicit concurrent mark sweep GC freed 20865(1086KB) AllocSpace objects, 5(274KB) LOS objects, 16% free, 20MB/24MB, paused 3.237ms total 234.491ms
10-15 09:01:28.968  2845  2845 I [SpotifyTV](90650){................main@SpotifyTVService:-1}....................: BridgeService initializing
10-15 09:01:28.973  2845  2845 I [SpotifyTV](90657){................main@kl:-1}..................................: System volume at startup: 100/100.0
10-15 09:01:29.114  3111  3111 E PopupManager: No content view usable to display popups. Popups will not be displayed in response to this client's calls. Use setViewForPopups() to set your content view.
10-15 09:01:29.140  3111  3145 E PopupManager: No content view usable to display popups. Popups will not be displayed in response to this client's calls. Use setViewForPopups() to set your content view.
10-15 09:01:29.203  1495  3037 D Icing   : Loaded CLD2 Version V2.0 - 20141016
10-15 09:01:29.268  1495  1512 W GamesServiceBroker: Client connected with SDK 8487000, Services 9083836, and Games 37230836
10-15 09:01:29.337   551  1011 I ActivityManager: Start proc 3153:com.google.android.play.games.ui/u0a119 for service com.google.android.play.games/com.google.android.gms.games.service.PlayGamesBridgeService
10-15 09:01:29.398  1495  3149 E PopupManager: No content view usable to display popups. Popups will not be displayed in response to this client's calls. Use setViewForPopups() to set your content view.
10-15 09:01:29.400  3090  3090 W System.err: com.android.volley.n: java.net.UnknownHostException: Unable to resolve host "radioalademande.tv": No address associated with hostname
10-15 09:01:29.401  3090  3090 W System.err: 	at com.android.volley.toolbox.a.a(Unknown Source)
10-15 09:01:29.401  3090  3090 W System.err: 	at com.android.volley.k.run(Unknown Source)
10-15 09:01:29.401  3090  3090 W System.err: Caused by: java.net.UnknownHostException: Unable to resolve host "radioalademande.tv": No address associated with hostname
10-15 09:01:29.401  3090  3090 W System.err: 	at java.net.InetAddress.lookupHostByName(InetAddress.java:457)
10-15 09:01:29.401  3090  3090 W System.err: 	at java.net.InetAddress.getAllByNameImpl(InetAddress.java:252)
10-15 09:01:29.401  3090  3090 W System.err: 	at java.net.InetAddress.getAllByName(InetAddress.java:215)
10-15 09:01:29.401  3090  3090 W System.err: 	at com.android.okhttp.HostResolver$1.getAllByName(HostResolver.java:29)
10-15 09:01:29.401  3090  3090 W System.err: 	at com.android.okhttp.internal.http.RouteSelector.resetNextInetSocketAddress(RouteSelector.java:232)
10-15 09:01:29.401  3090  3090 W System.err: 	at com.android.okhttp.internal.http.RouteSelector.next(RouteSelector.java:124)
10-15 09:01:29.402  3090  3090 W System.err: 	at com.android.okhttp.internal.http.HttpEngine.connect(HttpEngine.java:272)
10-15 09:01:29.402  3090  3090 W System.err: 	at com.android.okhttp.internal.http.HttpEngine.sendRequest(HttpEngine.java:211)
10-15 09:01:29.402  3090  3090 W System.err: 	at com.android.okhttp.internal.http.HttpURLConnectionImpl.execute(HttpURLConnectionImpl.java:382)
10-15 09:01:29.402  3090  3090 W System.err: 	at com.android.okhttp.internal.http.HttpURLConnectionImpl.getResponse(HttpURLConnectionImpl.java:332)
10-15 09:01:29.402  3090  3090 W System.err: 	at com.android.okhttp.internal.http.HttpURLConnectionImpl.getResponseCode(HttpURLConnectionImpl.java:500)
10-15 09:01:29.402  3090  3090 W System.err: 	at com.android.volley.toolbox.l.a(Unknown Source)
10-15 09:01:29.402  3090  3090 W System.err: 	... 2 more
10-15 09:01:29.402  3090  3090 W System.err: Caused by: android.system.GaiException: android_getaddrinfo failed: EAI_NODATA (No address associated with hostname)
10-15 09:01:29.402  3090  3090 W System.err: 	at libcore.io.Posix.android_getaddrinfo(Native Method)
10-15 09:01:29.402  3090  3090 W System.err: 	at libcore.io.ForwardingOs.android_getaddrinfo(ForwardingOs.java:55)
10-15 09:01:29.402  3090  3090 W System.err: 	at java.net.InetAddress.lookupHostByName(InetAddress.java:438)
10-15 09:01:29.402  3090  3090 W System.err: 	... 13 more
10-15 09:01:29.427  1495  3172 W GamesServiceBroker: Client connected with SDK 8487000, Services 9083836, and Games 37230836
10-15 09:01:29.434  1871  1871 W GridLayoutManager:2131689570: setSelectionSmooth should not be called before first layout pass
10-15 09:01:29.475  1871  3174 D OpenGLRenderer: Use EGL_SWAP_BEHAVIOR_PRESERVED: true
10-15 09:01:29.478  1871  1871 D v_gal   : [tid= 1871] _ConstructOs:397, gal3d.ko already insmoded, count=0
10-15 09:01:29.481   994  3175 E [0;1;31m[byt]Utils::dns[0m::dns_create_sock: Failed to get dns server ip
10-15 09:01:29.481   994  3175 E [0;1;31m[byt]Utils::dns[0m::dns_init_global: Failed to init resolver
10-15 09:01:29.481   994  3175 E [0;1;31m[byt]PfsProxy::AnonymousRequestTask[0m::DoRun: No Response Received !
10-15 09:01:29.482   994  3175 E [0;1;31m[byt]Comm::Pfs[0m::cbkRet: Result of Pfsproxy request gives error 4
10-15 09:01:29.482   994  2309 I [0;1;36m[byt]Comm::Pfs[0m::COMM_PFS_isNetworkAndTime: Check Network
10-15 09:01:29.531  1871  1871 I v_gralloc:  > Map buffer=0xb4873900: surface=0xb488c908 physical=0x2eb80000 logical=0xac4dd000
10-15 09:01:29.531  1871  1871 I v_gralloc: Register buffer=0xb4873900 from pid=551: size=768x768 format=1 usage=0x00000100 info=8:9:240000-0:0:0
10-15 09:01:29.531  1871  1871 I gralloc : bg2_gralloc_register_buffer:431, handle=0xb4873900, width=768, height=768, surface=0xb488c908, phy=0x2eb80000, halFormat=212
10-15 09:01:29.532  1871  1871 I gralloc : bg2_gralloc_register_buffer 446. MV_OSAL_Init success!
10-15 09:01:29.539  1871  1871 I gralloc : bg2_gralloc_register_buffer 458. AMP_Initialize success!
10-15 09:01:29.540  1871  1871 I gralloc : bg2_gralloc_register_buffer 469. AMP_FACTORY_CreateDisplayService success!
10-15 09:01:29.540  1871  1871 I gralloc : bg2_gralloc_register_buffer:484, AMP_BD_Map finished, err=0x0, BDId=0x2b7, hnd->hBD=0xb0163000
10-15 09:01:29.541  1871  1871 D Atlas   : Validating map...
10-15 09:01:29.545   551  1113 V WindowManager: Adding window Window{1c67cef7 u0 com.android.tv.settings/com.android.tv.settings.connectivity.NetworkActivity} at 6 of 7 (after Window{fdabf3d u0 com.google.android.leanbacklauncher/com.google.android.leanbacklauncher.MainActivity})
10-15 09:01:29.561  1495  3037 I Icing   : Indexing done 4367C94579CBC933C9C9647B4975767F18A49420
10-15 09:01:29.573  2845  2845 D SpotifyTV: JNI - creating bridge
10-15 09:01:29.575   137   584 W mv_audio_hw: Function out_get_latency(), Line 339, AMP_SND_QueryLatency_Mix get latency faile 320002
10-15 09:01:29.577  2845  2845 W AudioTrack: AUDIO_OUTPUT_FLAG_FAST denied by client
10-15 09:01:29.644   551   604 D WifiNative-wlan0: doBoolean: DRIVER RXFILTER-STOP
10-15 09:01:29.645   703   703 I wpa_supplicant: the nl80211 driver cmd is RXFILTER-STOP
10-15 09:01:29.646  2845  2845 I [SpotifyTV](91328){................main@SpotifyTVService:-1}....................: Acquired Wifi multicast lock
10-15 09:01:29.647   551   604 D WifiNative-wlan0: DRIVER RXFILTER-STOP: returned true
10-15 09:01:29.647   551   604 D WifiNative-wlan0: doBoolean: DRIVER RXFILTER-ADD 2
10-15 09:01:29.648   703   703 I wpa_supplicant: the nl80211 driver cmd is RXFILTER-ADD 2
10-15 09:01:29.650   551   604 D WifiNative-wlan0: DRIVER RXFILTER-ADD 2: returned true
10-15 09:01:29.650   551   604 D WifiNative-wlan0: doBoolean: DRIVER RXFILTER-START
10-15 09:01:29.650   703   703 I wpa_supplicant: the nl80211 driver cmd is RXFILTER-START
10-15 09:01:29.651   551   604 D WifiNative-wlan0: DRIVER RXFILTER-START: returned true
10-15 09:01:29.661  2845  2845 I [SpotifyTV](91344){................main@SpotifyTVService:-1}....................: BridgeService initialized
10-15 09:01:29.666  1871  3174 I OpenGLRenderer: Initialized EGL, version 1.4
10-15 09:01:29.689  1495  3149 E PopupManager: No content view usable to display popups. Popups will not be displayed in response to this client's calls. Use setViewForPopups() to set your content view.
10-15 09:01:29.691  1871  3174 D OpenGLRenderer: Enabling debug mode 0
10-15 09:01:29.693  1495  3171 W GamesServiceBroker: Client connected with SDK 8487000, Services 9083836, and Games 37230836
10-15 09:01:29.698  1495  3149 E PopupManager: No content view usable to display popups. Popups will not be displayed in response to this client's calls. Use setViewForPopups() to set your content view.
10-15 09:01:29.709  1495  3171 W GamesServiceBroker: Client connected with SDK 8487000, Services 9083836, and Games 37230836
10-15 09:01:29.749  2845  3194 D SpotifyTV: JNI - startMDNS
10-15 09:01:29.751  2845  3194 W [SpotifyTV](91434){..........Thread-334@kp:-1}..................................: MDNS has stopped. Was this on purpose?
10-15 09:01:29.757  1871  3174 I v_egl   : veglGetDisplayInfo processName=com.android.tv.settings
10-15 09:01:29.758   105   550 I gralloc : bg2_gralloc_alloc:98 enter, w=1920, h=1080, format=0x1, usage=0xb00
10-15 09:01:29.766  1477  1477 I Auth    : [AuthDelegateWrapper] Service intent: Intent { act=com.google.android.gsf.notouch.LAUNCH_AUTH_UI pkg=com.google.android.gsf.notouch }.
10-15 09:01:29.815   105   550 I v_gralloc:  > Map buffer=0xb2a4af60: surface=0xb29f2708 physical=0x23d09000 logical=0xab879000
10-15 09:01:29.816   105   550 I v_gralloc: Allocate buffer=0xb2a4af60  for pid=1871: size=1920x1080 format=1 usage=0x00000B00 info=2e:9:7e9000-0:0:0 gid=558
10-15 09:01:29.816   105   550 I gralloc : bg2_gralloc_alloc:243,  handle=0xb2a4af60, alignedWidth=1920, alignedHeight=1080, stride=7680, ori_phys=0x23d09000, cur_phy=0x23d09000, pixelFormat=19,android_Format=1, vaddr=0xab879000
10-15 09:01:29.816   105   550 I gralloc : OVERLAY: Unexpected format ot usage[F:1, U:2816]
10-15 09:01:29.849  1495  3149 V AccountUtils: 0 accounts found with uca feature
10-15 09:01:29.871  1495  3199 D DropBoxEntryAddedChimeraService: User is not opted-in to Usage & Diagnostics.
10-15 09:01:29.901  1871  3174 I v_gralloc:  > Map buffer=0xafc398a0: surface=0xab974208 physical=0x23d09000 logical=0xab017000
10-15 09:01:29.901  1871  3174 I v_gralloc: Register buffer=0xafc398a0 from pid=1871: size=1920x1080 format=1 usage=0x00000B00 info=2e:9:7e9000-0:0:0
10-15 09:01:29.901  1871  3174 I gralloc : bg2_gralloc_register_buffer:431, handle=0xafc398a0, width=1920, height=1080, surface=0xab974208, phy=0x23d09000, halFormat=306
10-15 09:01:29.901  1871  3174 I gralloc : bg2_gralloc_register_buffer:484, AMP_BD_Map finished, err=0x0, BDId=0x22f, hnd->hBD=0xb00be000
10-15 09:01:29.902   105  1707 E BufferQueueProducer: [com.android.tv.settings/com.android.tv.settings.connectivity.NetworkActivity] dequeueBuffer: can't dequeue multiple buffers without setting the buffer count
10-15 09:01:29.902  1871  3174 I v_egl   : procName=com.android.tv.settings, bufferCount=3
10-15 09:01:29.903   105  1708 I gralloc : bg2_gralloc_free:376, handle=0xb2a4af60, surface=0xb29f2708, base=0xab879000, phy=0x23d09000
10-15 09:01:29.904  1871  3174 I gralloc : bg2_gralloc_unregister_buffer:536, hnd=0xafc398a0, surface=0xab974208, phy=0x23d09000, vaddr=0xab017000
10-15 09:01:29.906  1871  3174 I gralloc : bg2_gralloc_unregister_buffer 553. registered_buffers change to 1
10-15 09:01:29.906   105   121 I gralloc : bg2_gralloc_alloc:98 enter, w=1920, h=1080, format=0x1, usage=0x300b00
10-15 09:01:29.922  1495  3149 E PopupManager: No content view usable to display popups. Popups will not be displayed in response to this client's calls. Use setViewForPopups() to set your content view.
10-15 09:01:29.933  1495  3171 W GamesServiceBroker: Client connected with SDK 8487000, Services 9083836, and Games 37230836
10-15 09:01:29.975   105   121 I v_gralloc:  > Map buffer=0xb5c3c600: surface=0xb5c55508 physical=0x255e9000 logical=0xab7ee000
10-15 09:01:29.975   105   121 I v_gralloc: Allocate buffer=0xb5c3c600  for pid=1871: size=1920x1080 format=1 usage=0x00300B00 info=2f:9:874000-30:6:8800 gid=559
10-15 09:01:29.975   105   121 I gralloc : bg2_gralloc_alloc:243,  handle=0xb5c3c600, alignedWidth=1920, alignedHeight=1152, stride=7680, ori_phys=0x255e9000, cur_phy=0x25670000, pixelFormat=19,android_Format=1, vaddr=0xab7ee000
10-15 09:01:29.975   105   121 I gralloc : OVERLAY: Unexpected format ot usage[F:1, U:3148544]
10-15 09:01:30.019  1871  3174 I v_gralloc:  > Map buffer=0xafc398a0: surface=0xab974208 physical=0x255e9000 logical=0xa0bb2000
10-15 09:01:30.019  1871  3174 I v_gralloc: Register buffer=0xafc398a0 from pid=1871: size=1920x1080 format=1 usage=0x00300B00 info=2f:9:874000-30:6:8800
10-15 09:01:30.019  1871  3174 I gralloc : bg2_gralloc_register_buffer:431, handle=0xafc398a0, width=1920, height=1080, surface=0xab974208, phy=0x255e9000, halFormat=212
10-15 09:01:30.019  1871  3174 I gralloc : bg2_gralloc_register_buffer:484, AMP_BD_Map finished, err=0x0, BDId=0x22e, hnd->hBD=0xb00be000
