06-06 17:47:54.105   802   802 D LoggingUtils:     score: 0.01665279
06-06 17:47:54.105   802   802 D LoggingUtils:     tag_name: "nowtification-prefix-yt:show:-MbbTnDsDGQ"
06-06 17:47:54.105   802   802 D LoggingUtils:     unnormalized_priority: 0
06-06 17:47:54.105   802   802 D LoggingUtils:   >
06-06 17:47:54.105   802   802 D LoggingUtils:   recommendations <
06-06 17:47:54.105   802   802 D LoggingUtils:     bucket_id: 0
06-06 17:47:54.105   802   802 D LoggingUtils:     normalized_priority: 0.024994792
06-06 17:47:54.105   802   802 D LoggingUtils:     notification_id: 0
06-06 17:47:54.105   802   802 D LoggingUtils:     package_name: "com.google.android.videos"
06-06 17:47:54.105   802   802 D LoggingUtils:     position: 8
06-06 17:47:54.105   802   802 D LoggingUtils:     score: 0.006248698
06-06 17:47:54.105   802   802 D LoggingUtils:     tag_name: "nowtification-prefix-yt:show:1TMRxgzLTD8"
06-06 17:47:54.105   802   802 D LoggingUtils:     unnormalized_priority: -1
06-06 17:47:54.105   802   802 D LoggingUtils:   >
06-06 17:47:54.105   802   802 D LoggingUtils: >
06-06 17:47:54.105   802   802 D LoggingUtils: type: 2
06-06 17:47:54.127  1477  2717 W art     : Long monitor contention event with owner method=void gft.close() from SourceFile:92 waiters=0 for 834ms
06-06 17:47:54.150   802   802 V PartnerAdapter: onNewRecommendation  Enregistrements  blacklist com.ifeelsmart.smartui
06-06 17:47:54.162  3657  3657 I cr_ChildProcessService: Creating new ChildProcessService pid=3657
06-06 17:47:54.163  2757  2757 E chromium: [2757:2757:ERROR:timezone_settings.cc(173)] GetTimezoneID: Cannot read timezone symlink /data/share/chrome/localtime
06-06 17:47:54.163  2757  2757 E chromium: [2757:2757:ERROR:timezone_settings.cc(244)] Got an empty string for timezone, default to 'America/New_York
06-06 17:47:54.198  2757  2757 I chromium: [2757:2757:INFO:timezone_settings.cc(326)] Setting system timezone to America/New_York
06-06 17:47:54.198  2757  3651 E chromium: [2757:3651:ERROR:timezone_settings.cc(173)] GetTimezoneID: Cannot read timezone symlink /data/share/chrome/localtime
06-06 17:47:54.199  2757  3651 E chromium: [2757:3651:ERROR:timezone_settings.cc(204)] SetTimezoneID: Cannot find timezone file /usr/share/zoneinfo/America/New_York
06-06 17:47:54.205  2757  2757 I chromium: [2757:2757:INFO:cast_extension_ids.cc(70)] New cast extension id added: boadgeojelhgndaghljhdicfkmllpafd
06-06 17:47:54.205  2757  2757 I chromium: [2757:2757:INFO:cast_extension_ids.cc(70)] New cast extension id added: dliochdbjfkdbacpmhlcpmleaejidimm
06-06 17:47:54.205  2757  2757 I chromium: [2757:2757:INFO:cast_extension_ids.cc(70)] New cast extension id added: hfaagokkkhdbgiakmmlclaapfelnkoah
06-06 17:47:54.205  2757  2757 I chromium: [2757:2757:INFO:cast_extension_ids.cc(70)] New cast extension id added: fmfcbgogabcbclcofgocippekhfcmgfj
06-06 17:47:54.205  2757  2757 I chromium: [2757:2757:INFO:cast_extension_ids.cc(70)] New cast extension id added: pkedcjkdefgpdelpbcmbmeomcjbeemfm
06-06 17:47:54.205  2757  2757 I chromium: [2757:2757:INFO:cast_extension_ids.cc(70)] New cast extension id added: enhhojjnijigcajfphajepfemndkmdlo
06-06 17:47:54.207  2757  2757 I chromium: [2757:2757:INFO:device_info_impl.cc(531)] SSDP Config ID is increased: id=1
06-06 17:47:54.207  2757  2757 E chromium: [2757:2757:ERROR:device_info_impl.cc(122)] Cannot get MAC address.
06-06 17:47:54.207  2757  2757 I chromium: [2757:2757:INFO:device_info_impl.cc(126)] MAC address for : 00:00:00:00:00:00
06-06 17:47:54.208  2757  2757 E chromium: [2757:2757:ERROR:device_info_impl.cc(59)] Cannot read file: /data/bootid
06-06 17:47:54.208  2757  2757 I chromium: [2757:2757:INFO:device_info_impl.cc(155)] SSDP Boot ID: 0
06-06 17:47:54.208  2757  2757 I chromium: [2757:2757:INFO:device_info_impl.cc(159)] SSDP Config ID: 1
06-06 17:47:54.213  2757  2757 W chromium: [2757:2757:WARNING:application_manager_impl.cc(164)] Cannot read application config file: /system/bin/app.conf
06-06 17:47:54.213  2757  2757 I chromium: [2757:2757:INFO:application_manager_impl.cc(176)] Application manager is initialized.
06-06 17:47:54.213  2757  2757 I chromium: [2757:2757:INFO:mdns_manager_impl.cc(144)] MdnsManager is initialized
06-06 17:47:54.238  2757  3688 I chromium: [2757:3688:INFO:mdns_app_filter.cc(462)] MdnsAppFilter initialized
06-06 17:47:54.263  2757  2757 I chromium: [2757:2757:INFO:dial_request_handler.cc(186)] DIAL request handler is initialized.
06-06 17:47:54.263  2757  2757 I chromium: [2757:2757:INFO:dial_request_handler.cc(199)] SSDP device description request handler is initialized.
06-06 17:47:54.264  2757  2757 I chromium: [2757:2757:INFO:config_downloader.cc(134)] Set config periodic interval: min=300, max=420
06-06 17:47:54.273  2757  2757 I chromium: [2757:2757:INFO:virtual_device_manager.cc(41)] Added virtual device: id=4da76046-96bb-4941-8dee-27362daa2a63
06-06 17:47:54.273  2757  3688 W chromium: [2757:3688:WARNING:device_info_impl.cc(338)] No hotspot supported in this system.
06-06 17:47:54.310  2757  2757 I chromium: [2757:2757:INFO:crypto_manager.cc(246)] Public key: MIIBCgKCAQEA1SXYesXVirkvjdWoUloacOQDaxOJicLFPF9JO8WkicgLBMLIxkXe4/8UCEvx05ZhWkMAGJfbBUOwe57JTUchhsKUHdkr/06BV5l0Ul0Ycjiz1TvUmVEcKm+9BpT1LbQ984l4DMdfqaNvW83m9LwSvt9/x9O6wNTNU+66m54j8rzsKRafHLUScVBctqe6tNcyzGnUM8Dc/QT9UVGD0anDS0IA0l8RXl9I+Nd/WTYEuwn5NKsY6l3PFJ8BRv/yXGeGB8Ni5qX9Kg9ZfV3m1I4TVclZnJC3Tn7GgdnJg0+Iwa1f6z8fcayQJaybatkWaQyZSAm0yhBUrao5akBd4rPQHQIDAQAB
06-06 17:47:54.311  2757  2757 I chromium: [2757:2757:INFO:crypto_manager.cc(258)] Public modulus: 1SXYesXVirkvjdWoUloacOQDaxOJicLFPF9JO8WkicgLBMLIxkXe4_8UCEvx05ZhWkMAGJfbBUOwe57JTUchhsKUHdkr_06BV5l0Ul0Ycjiz1TvUmVEcKm-9BpT1LbQ984l4DMdfqaNvW83m9LwSvt9_x9O6wNTNU-66m54j8rzsKRafHLUScVBctqe6tNcyzGnUM8Dc_QT9UVGD0anDS0IA0l8RXl9I-Nd_WTYEuwn5NKsY6l3PFJ8BRv_yXGeGB8Ni5qX9Kg9ZfV3m1I4TVclZnJC3Tn7GgdnJg0-Iwa1f6z8fcayQJaybatkWaQyZSAm0yhBUrao5akBd4rPQHQ
06-06 17:47:54.311  2757  2757 I chromium: [2757:2757:INFO:crypto_manager.cc(263)] Public exponent: AQAB
06-06 17:47:54.312  2757  2757 I chromium: [2757:2757:INFO:setup_manager.cc(258)] opt-in.audio-hdr: 0
06-06 17:47:54.312  2757  2757 I chromium: [2757:2757:INFO:setup_manager.cc(260)] opt-in.hdmi-prefer-50hz: 0
06-06 17:47:54.312  2757  2757 I chromium: [2757:2757:INFO:setup_manager.cc(262)] opt-in.location: 0
06-06 17:47:54.312  2757  2757 I chromium: [2757:2757:INFO:setup_manager.cc(264)] opt-in.opencast: 0
06-06 17:47:54.312  2757  2757 I chromium: [2757:2757:INFO:setup_manager.cc(266)] opt-in.stats: 1
06-06 17:47:54.312  2757  2757 I chromium: [2757:2757:INFO:setup_manager.cc(267)] tos-accepted: 1
06-06 17:47:54.312  2757  2757 I chromium: [2757:2757:INFO:setup_manager.cc(269)] audio.digital: 0
06-06 17:47:54.312  2757  2757 I chromium: [2757:2757:INFO:setup_manager.cc(275)] virtual-channel: 
06-06 17:47:54.313  2757  2757 I chromium: [2757:2757:INFO:locale_manager.cc(272)] Current timezone (auto): America/New_York
06-06 17:47:54.313  2757  2757 I chromium: [2757:2757:INFO:locale_manager.cc(289)] Current time format: 12-hour
06-06 17:47:54.313  2757  2757 I chromium: [2757:2757:INFO:locale_manager.cc(300)] No locale. Set default from ICU: en-US@posix
06-06 17:47:54.330  3657  3684 I cr_LibraryLoader: Time to load native libraries: 148 ms (timestamps 6275-6423)
06-06 17:47:54.330  3657  3684 I cr_LibraryLoader: Expected native library version number "", actual native library version number ""
06-06 17:47:54.333  3657  3684 I cr_LibraryLoader: Using linker: org.chromium.base.library_loader.LegacyLinker
06-06 17:47:54.334  3657  3684 I chromium: [INFO:library_loader_hooks.cc(122)] Chromium logging enabled: level = 0, default verbosity = 0
06-06 17:47:54.340  2757  2777 W art     : Suspending all threads took: 95.489ms
06-06 17:47:54.358  2757  3691 I chromium: [2757:3691:INFO:endpoint_with_namespace_handler.cc(30)] Added a namespace handler: local_idTr@n$p0rt-0, namespace=urn:x-cast:com.google.cast.tp.connection
06-06 17:47:54.358  2757  3691 I chromium: [2757:3691:INFO:endpoint_with_namespace_handler.cc(30)] Added a namespace handler: local_idTr@n$p0rt-0, namespace=urn:x-cast:com.google.cast.tp.heartbeat
06-06 17:47:54.358  2757  3691 I chromium: [2757:3691:INFO:endpoint_with_namespace_handler.cc(30)] Added a namespace handler: local_idTr@n$p0rt-0, namespace=urn:x-cast:com.google.cast.tp.deviceauth
06-06 17:47:54.358  2757  3691 I chromium: [2757:3691:INFO:v2_transport.cc(164)] V2Transport initialized.
06-06 17:47:54.359  2757  3691 I chromium: [2757:3691:INFO:endpoint_with_namespace_handler.cc(30)] Added a namespace handler: local_idreceiver-0, namespace=urn:x-cast:com.google.cast.receiver.debug
06-06 17:47:54.359  2757  2757 W chromium: [2757:2757:WARNING:resource_bundle_android.cc(101)] locale_file_path.empty() for locale 
06-06 17:47:54.359  2757  3691 I chromium: [2757:3691:INFO:endpoint_with_namespace_handler.cc(30)] Added a namespace handler: local_idreceiver-0, namespace=urn:x-cast:com.google.cast.receiver
06-06 17:47:54.359  2757  3691 I chromium: [2757:3691:INFO:endpoint_with_namespace_handler.cc(30)] Added a namespace handler: local_idreceiver-0, namespace=urn:x-cast:com.google.cast.proximity
06-06 17:47:54.359  2757  2757 W chromium: [2757:2757:WARNING:resource_bundle_android.cc(101)] locale_file_path.empty() for locale 
06-06 17:47:54.359  2757  3691 I chromium: [2757:3691:INFO:endpoint_with_namespace_handler.cc(30)] Added a namespace handler: local_idreceiver-0, namespace=urn:x-cast:com.google.cast.resource
06-06 17:47:54.359  2757  3691 I chromium: [2757:3691:INFO:v2_transport.cc(294)] Cast V2 endpoint added: id=receiver-0
06-06 17:47:54.362  2757  2757 I chromium: [2757:2757:INFO:locale_manager.cc(316)] Actual locale loaded: en-US
06-06 17:47:54.362  2757  2757 I chromium: [2757:2757:INFO:locale_manager.cc(555)] New country code: US
06-06 17:47:54.363  2757  2757 I chromium: [2757:2757:INFO:daily_reboot.cc(87)] Daily reboot is disabled
06-06 17:47:54.363  2757  2757 W chromium: [2757:2757:WARNING:cast_crypto_keys_openssl.cc(277)] No valid ESN read.
06-06 17:47:54.364  2757  2757 W chromium: [2757:2757:WARNING:cast_crypto_keys_openssl.cc(292)] Invalid or no DKE value read.
06-06 17:47:54.364  2757  2757 W chromium: [2757:2757:WARNING:cast_crypto_keys_openssl.cc(306)] Invalid or no DKH value read.
06-06 17:47:54.364  2757  2757 W chromium: [2757:2757:WARNING:cast_crypto_keys_openssl.cc(367)] Invalid or no DKW value read/computed.
06-06 17:47:54.388  2757  2757 I chromium: [2757:2757:INFO:gcm_client.cc(81)] GCM Dir = /data/data/com.google.android.apps.mediashell/cache/gcm
06-06 17:47:54.389  2757  2757 I chromium: [2757:2757:INFO:chromecast_service.cc(850)] kMaxVideoResolution=1920x1080 fps=60
06-06 17:47:54.389  2757  2757 I chromium: [2757:2757:INFO:chromecast_service.cc(860)] Registering enable_hls_sample_aes=0
06-06 17:47:54.390  2757  3693 I chromium: [2757:3693:INFO:wifi_proximity.cc(165)] Request scan.
06-06 17:47:54.419  1781  1799 I art     : Background partial concurrent mark sweep GC freed 13546(534KB) AllocSpace objects, 3(48KB) LOS objects, 41% free, 1464KB/2MB, paused 2.251ms total 141.377ms
06-06 17:47:54.491  2757  3687 I chromium: [2757:3687:INFO:media_manager_impl.cc(471)] New device volume control state: new_type=1, old_type=0
06-06 17:47:54.492  2757  3687 I chromium: [2757:3687:INFO:media_manager_impl.cc(507)] New audio volume: new=1, old=0
06-06 17:47:54.492  2757  3687 E chromium: [2757:3687:ERROR:avsettings_android.cc(120)] Not implemented reached in virtual bool chromecast::AvSettingsAndroid::GetScreenResolution(int*, int*)
06-06 17:47:54.492  2757  3687 E chromium: [2757:3687:ERROR:media_manager_impl.cc(556)] GetScreenResolution failed.
06-06 17:47:54.492  2757  3687 I chromium: [2757:3687:INFO:media_manager_impl.cc(150)] Media manager is initialized.
06-06 17:47:54.520  2757  3645 I chromium: [2757:3645:INFO:connectivity_checker_impl.cc(94)] Global connection is: Up
06-06 17:47:54.527  2757  2777 W art     : Suspending all threads took: 32.992ms
06-06 17:47:54.534  2757  2757 I chromium: [2757:2757:INFO:client_auth_creds_openssl.cc(332)] Imported client auth cert:8288405857901290433
06-06 17:47:54.535  2757  2757 I chromium: [2757:2757:INFO:client_auth_creds_openssl.cc(343)] Imported client auth private key
06-06 17:47:54.535  2757  2757 I chromium: [2757:2757:INFO:client_auth_signer.cc(89)] Created singleton instance of ClientAuthSigner.
06-06 17:47:54.548   698   927 D AutoDiag.Probe: Error 210: cpu_load_lastminute=99
06-06 17:47:54.551  2757  2757 I chromium: [2757:2757:INFO:cast_metrics_service_client.cc(103)] Metrics client ID set: 4D062FF4-8A6C-4E4A-AE83-F08EB0622905
06-06 17:47:54.551  2757  2757 I chromium: [2757:2757:INFO:device_info_impl.cc(386)] Metrics client ID: 4D062FF4-8A6C-4E4A-AE83-F08EB0622905
06-06 17:47:54.553  2757  2757 I chromium: [2757:2757:INFO:cast_metrics_service_client.cc(103)] Metrics client ID set: 4D062FF4-8A6C-4E4A-AE83-F08EB0622905
06-06 17:47:54.553  2757  2757 I chromium: [2757:2757:INFO:device_info_impl.cc(386)] Metrics client ID: 4D062FF4-8A6C-4E4A-AE83-F08EB0622905
06-06 17:47:54.565  2757  2757 I chromium: [2757:2757:INFO:url_request_context_factory.cc(407)] Initialized app network delegate.
06-06 17:47:54.566  2757  2757 I chromium: [2757:2757:INFO:url_request_context_factory.cc(409)] Initialized system network delegate.
06-06 17:47:54.606  1495  3583 V CheckinRequestBuilder: No Subscriptions found on the device
06-06 17:47:54.611  2757  3645 I chromium: [2757:3645:INFO:cast_http_user_agent_settings.cc(49)] Locale changed: accept_language=fr-FR
06-06 17:47:54.611  2757  2757 I chromium: [2757:2757:INFO:cast_receiver_impl.cc(531)] Cast receiver started.
06-06 17:47:54.611  2757  3691 I chromium: [2757:3691:INFO:v2_transport.cc(435)] V2Transport::CreatSelfSignedCertificateWithKey called.
06-06 17:47:54.611  2757  3688 I chromium: [2757:3688:INFO:mdns_manager_impl.cc(214)] Primary interface for service discovery has changed: ifindex=3
06-06 17:47:54.613  2757  2757 I chromium: [2757:2757:INFO:cast_receiver_impl.cc(666)] Network is globally connected. Schedule config downloading.
06-06 17:47:54.616   551   551 D ZenLog  : disable_effects: 0|fr.bouyguestelecom.tv.autodiag|797|null|1000,listenerHints
06-06 17:47:54.620  1495  3581 I PeopleSync: Setting subscription: result=true [d454ca2f]
06-06 17:47:54.628   551   551 D ZenLog  : disable_effects: 0|fr.bouyguestelecom.tv.autodiag|799|null|1000,listenerHints
06-06 17:47:54.636   698   927 I AutoDiag.NotificationUtils: Error 799 notified to SmartUI
06-06 17:47:54.638   994   994 D SmartUI : AppReceiver receive broadcast: fr.bouyguestelecom.tv.NOTIFICATION
06-06 17:47:54.650   994   994 W Bundle  : Key ignoreIntent expected String but value was a android.app.PendingIntent.  The default value <null> was returned.
06-06 17:47:54.654  1495  3581 I PeopleSync: Starting sync, feed=null [d454ca2f]
06-06 17:47:54.678   994   994 W Bundle  : Attempt to cast generated internal exception:
06-06 17:47:54.678   994   994 W Bundle  : java.lang.ClassCastException: android.app.PendingIntent cannot be cast to java.lang.String
06-06 17:47:54.678   994   994 W Bundle  : 	at android.os.BaseBundle.getString(BaseBundle.java:921)
06-06 17:47:54.678   994   994 W Bundle  : 	at android.content.Intent.getStringExtra(Intent.java:5060)
06-06 17:47:54.678   994   994 W Bundle  : 	at com.ifeelsmart.common.IFSNativeActivity.JNIOnBroadcastReceived(Native Method)
06-06 17:47:54.678   994   994 W Bundle  : 	at com.ifeelsmart.common.IFSNativeActivity.access$000(IFSNativeActivity.java:101)
06-06 17:47:54.678   994   994 W Bundle  : 	at com.ifeelsmart.common.IFSNativeActivity$IFSBroadcastReceiver2.onReceive(IFSNativeActivity.java:121)
06-06 17:47:54.678   994   994 W Bundle  : 	at android.app.LoadedApk$ReceiverDispatcher$Args.run(LoadedApk.java:866)
06-06 17:47:54.678   994   994 W Bundle  : 	at android.os.Handler.handleCallback(Handler.java:739)
06-06 17:47:54.678   994   994 W Bundle  : 	at android.os.Handler.dispatchMessage(Handler.java:95)
06-06 17:47:54.678   994   994 W Bundle  : 	at android.os.Looper.loop(Looper.java:135)
06-06 17:47:54.678   994   994 W Bundle  : 	at android.app.ActivityThread.main(ActivityThread.java:5254)
06-06 17:47:54.678   994   994 W Bundle  : 	at java.lang.reflect.Method.invoke(Native Method)
06-06 17:47:54.678   994   994 W Bundle  : 	at java.lang.reflect.Method.invoke(Method.java:372)
06-06 17:47:54.678   994   994 W Bundle  : 	at com.android.internal.os.ZygoteInit$MethodAndArgsCaller.run(ZygoteInit.java:903)
06-06 17:47:54.678   994   994 W Bundle  : 	at com.android.internal.os.ZygoteInit.main(ZygoteInit.java:698)
06-06 17:47:54.719  1114  1129 I art     : Background sticky concurrent mark sweep GC freed 2032(367KB) AllocSpace objects, 13(208KB) LOS objects, 40% free, 967KB/1637KB, paused 2.431ms total 120.418ms
06-06 17:47:54.751   137   137 D WVCdm   : Instantiating CDM.
06-06 17:47:54.753   137   137 I WVCdm   : CdmEngine::OpenSession
06-06 17:47:54.753   137   137 I WVCdm   : Level3 Library Dec 11 2014 16:13:16
06-06 17:47:54.835   137   137 W WVCdm   : Could not read /data/mediadrm/IDM1013/ay64.dat2: No such file or directory
06-06 17:47:54.946   994  1009 I art     : Background sticky concurrent mark sweep GC freed 12928(723KB) AllocSpace objects, 0(0B) LOS objects, 19% free, 2MB/2MB, paused 4.012ms total 101.839ms
06-06 17:47:54.990  2757  3691 I chromium: [2757:3691:INFO:transport_creds.cc(155)] Self-signed certificate created: CN=4da76046-96bb-4941-8dee-27362daa2a63
06-06 17:47:55.072   137   137 D WVCdm   : OEMCrypto_Initialize Level 1 success. I will use level 1.
06-06 17:47:55.130   464   464 I cpusvc  : [restore_max_freq] max freq gonna restore to: 1200000
06-06 17:47:55.234  1495  3581 I PeopleSync: Sync start: cannotHavePeople=true isPageExistenceCheckOnly=false
06-06 17:47:55.258   551   604 E WifiStateMachine: WifiStateMachine CMD_START_SCAN source -2 txSuccessRate=267,69 rxSuccessRate=417,69 targetRoamBSSID=dc:71:44:c2:00:e8 RSSI=-56
06-06 17:47:55.284   137   137 I WVCdm   : CdmEngine::QueryKeyControlInfo
06-06 17:47:55.285   137   611 I WVCdm   : CdmEngine::OpenSession
06-06 17:47:55.314  2757  2757 I chromium: [2757:2757:INFO:jni_client_auth_creds.cc(164)] Cast: signing message with length 35
06-06 17:47:55.369   137   611 I WVCdm   : CdmEngine::QueryKeyControlInfo
06-06 17:47:55.370  2757  3691 I chromium: [2757:3691:INFO:jni_client_auth_creds.cc(164)] Cast: signing message with length 35
06-06 17:47:55.539   994   994 D SmartUI : AppReceiver receive broadcast: android.intent.action.PACKAGE_CHANGED
06-06 17:47:55.565   994   994 D SmartUI : AppReceiver receive broadcast: android.intent.action.PACKAGE_CHANGED
06-06 17:47:55.698  1495  3710 D PkgBroadcastIntentOp: Received broadcast action=android.intent.action.PACKAGE_CHANGED and uri=com.google.android.gms
06-06 17:47:55.698  1495  3710 I PkgBroadcastIntentOp: Null package name or gms related package.  Ignoring.
06-06 17:47:55.771   551   596 I InputReader: Reconfiguring input devices.  changes=0x00000010
06-06 17:47:55.791  1495  3710 D WearableController: Received broadcast action=android.intent.action.PACKAGE_CHANGED and uri=com.google.android.gms
06-06 17:47:55.831   551   551 D BackupManagerService: Received broadcast Intent { act=android.intent.action.PACKAGE_CHANGED dat=package:com.google.android.gms flg=0x4000010 (has extras) }
06-06 17:47:55.831   551   551 I BackupManagerService: Unbinding ComponentInfo{com.google.android.gms/com.google.android.gms.backup.BackupTransportService}
06-06 17:47:55.837   551   551 I BackupManagerService: Binding to transport host ComponentInfo{com.google.android.gms/com.google.android.gms.backup.BackupTransportService}
06-06 17:47:55.859   551   551 D BackupManagerService: Received broadcast Intent { act=android.intent.action.PACKAGE_CHANGED dat=package:fr.bouyguestelecom.agent.custo flg=0x4000010 (has extras) }
06-06 17:47:56.055   551   569 W Searchables: No web search activity found
06-06 17:47:56.130   551   569 W Searchables: No web search activity found
06-06 17:47:56.161   137   611 I WVCdm   : CdmEngine::CloseSession
06-06 17:47:56.163   137   137 I WVCdm   : CdmEngine::CloseSession
06-06 17:47:56.164  2757  2757 I chromium: [2757:2757:INFO:config_downloader.cc(200)] Downloading config: headers='Accept: application/protobuf', url=https://chromecast-alpha.sandbox.google.com/cast/chromecast/device/baseconfig?m=BouygtelTV&M=Arcadyan&p=HMB4213H&b=1.18.55065&c=wifi&d=271011530201150&t=1465228074&s=ivDQDuRVTlDLbyaH3LL5HN5Lj%2BNlFg3dBshxTMXsm%2B8rmUSuD83QTDYlM26AX2HJgd8p0qUJ6jkbipcB0bxX8fKBwVjYqieLaScsmDPWxf8gv82IhLFJQUoLBTZSKwlx5WAKWG0DdFzbESCRXi%2F%2FtT9rHa0J70nD1HAL3fR7Qj38mibma8M2N6TC24QRzNG91%2BzrGEyh2YmaknA%2FdfcHbGxpxM9LFg%2Ff%2BYW7cCMYt3eQd4tRnDCGk6HCkwTHo4mtPcN2bMGJcchF%2FYHr%2B5hbMPqFmTDgowmOaDIf5SDf9TXa8MTlVKRWqKSSMF6blJPtgAovdyp5DGdCHVIHJb2BXw%3D%3D&x=MIID%2FTCCAuWgAwIBAgIEwnkjwTANBgkqhkiG9w0BAQUFADCBkTELMAkGA1UEBhMCVVMxEzARBgNVBAgMCldhc2hpbmd0b24xETAPBgNVBAcMCEtpcmtsYW5kMRMwEQYDVQQKDApHb29nbGUgSW5jMREwDwYDVQQLDAhXaWRldmluZTEyMDAGA1UEAwwpQXJjYWR5YW4gQm91eWd0ZWxUViBNYXJ2ZWxsIEJHMlEgQ2FzdCBJQ0EwHhcNMTYwNDI2MTQwODA4WhcNMTcwNDI2MTQwODA4WjB7MQswCQYDVQQGEwJVUzETMBEGA1UECAwKV2FzaGluZ3RvbjERMA8GA1UEBwwIS2lya2xhbmQxEzARBgNVBAoMCkdvb2dsZSBJbmMxETAPBgNVBAsMCFdpZGV2aW5lMRwwGgYDVQQDDBM4Mjg4NDA1ODU3OTAxMjkwNDMzMIIBIjANBgkqhkiG9w0BAQEFAAOCAQ8AMIIBCgKCAQEAv6MHSNqLLezXwIae5j1tCMAdP7Jv9Jj926kpH%2BX5VXX%2BA%2FyfMmY%2F1uT8rQH9gEpRZkbuas0muW8dJ52l9AILIF5GRVAYAlkLmutxcvI5zfwykIRNJU0p7gjXMrRinVpA38bpxd%2FxBhYLhJfbbQvrd2QcCQ2KMJavpl91grfJPN%2Bb69pG4fXn3K%2FnSFHcMNaKHXEGC0E%2BhFoSL46w1nlFNFL3oowqBgOvvMd6NruxuXQwYg%2Fqh9enwKW8aRfBMnC9AO6SUoDL5LQI0GW%2F%2FW9%2FeLIoNWXrOzOrZ7gNqm0qU1E3kh8q%2Foepm9iZq%2BR3vzzJskJ2%2F%2FuRer3Ym3KE3bnWNQIDAQABo3IwcDAMBgNVHRMBAf8EAjAAMAsGA1UdDwQEAwIHgDATBgNVHSUEDDAKBggrBgEFBQcDAjAdBgNVHQ4EFgQU0TpSxdfiv95ANtM8AJ%2FPiq1lnScwHwYDVR0jBBgwFoAUIxSnYtClF4T75sK0gDoiuJtQv68wDQYJKoZIhvcNAQEFBQADggEBACE0nXnoA7LjGlhq6h6dw%2BRJws1B9UdzJGpavUGS%2Fx8Zcw6dLRr6owYzZDkL%2BGm4fm973%2BZ%2FXg%2FtJ3YcxIPKChdt800%2BrmVo50muz85tpU%2B3nbCa93tMotBMwIoCs1pFjd61HbXT%2Bp5LcW5fcEvjBBQqqB1FiTOKTbZv5cQbULLF%2BwZ9B8bXvlyIDiJ6MDQK6KOSNFQIPMldFruHPBR1oI%2FdGqbfSeLtvICo%2BKFzW4Df0raAs%2FCD6YgqVNTbpq7FJ2iT4mUaPNo5o4WzI94J3l4rqvxA1Oet6qFecKIVMH9u5R4orMEH6r2p6Z6rJ%2BA7S4i%2BbYNcmr7SThnQ23FDXx0%3D&r=
06-06 17:47:56.166   137   137 I WVCdm   : L3 Terminate.
06-06 17:47:56.181  2757  3691 I chromium: [2757:3691:INFO:v2_transport.cc(452)] About to flush SSL session cache
06-06 17:47:56.411  1495  3037 I Icing   : updateResources: need to parse nrl{com.google.android.gms}
06-06 17:47:56.470  2757  2757 I chromium: [2757:2757:INFO:cast_receiver_impl.cc(611)] Cast receiver resumed.
06-06 17:47:56.489  2757  3691 E chromium: [2757:3691:ERROR:socket_posix.cc(121)] bind() returned an error, errno=98: Address already in use
06-06 17:47:56.489  2757  3691 I chromium: [2757:3691:INFO:v2_ssl_socket.cc(633)] IPv6 socket probably supports both IPv4 and IPv6
06-06 17:47:56.490  2757  3691 I chromium: [2757:3691:INFO:v2_ssl_socket.cc(640)] Listening to port:8009
06-06 17:47:56.491  2757  3691 E chromium: [2757:3691:ERROR:socket_posix.cc(121)] bind() returned an error, errno=2: No such file or directory
06-06 17:47:56.491  2757  3691 E chromium: [2757:3691:ERROR:unix_domain_server_socket_posix.cc(90)] Could not bind unix domain socket to /tmp/cast-control: No such file or directory
06-06 17:47:56.491  2757  3691 I chromium: [2757:3691:INFO:v2_unix_domain_socket_factory.cc(77)] Cast V2 Unix domain socket is listening: path=/tmp/cast-control
06-06 17:47:56.491  2757  3691 E chromium: [2757:3691:ERROR:v2_unix_domain_socket_factory.cc(79)] Listen error: -6
06-06 17:47:56.504  1495  3714 E IcingInternalCorpora: Unknown Contacts update mode: MAYBE
06-06 17:47:56.511  2757  3691 I chromium: [2757:3691:INFO:endpoint_with_namespace_handler.cc(30)] Added a namespace handler: local_idreceiver-0, namespace=urn:x-cast:com.google.cast.setup
06-06 17:47:56.511  2757  3693 I chromium: [2757:3693:INFO:ble_setup.cc(152)] BLE setup initialized.
06-06 17:47:56.511  2757  2757 E chromium: [2757:2757:ERROR:chromecast_service.cc(709)] Not implemented reached in void chromecast::ChromecastService::OnOptInLocationChanged()
06-06 17:47:56.511  2757  2757 I chromium: [2757:2757:INFO:chromecast_service.cc(509)] Initial error code: 0
06-06 17:47:56.513  2757  3641 E chromium: [2757:3641:ERROR:unix_stream_client_socket.cc(51)] Cannot connect unix socket: /dev/socket/panel: No such file or directory
06-06 17:47:56.528  2757  3689 I chromium: [2757:3689:INFO:cast_web_server.cc(138)] Http server for Cast receiver started: port=8008
06-06 17:47:56.551   551   604 D WifiNative-wlan0: doString: [SIGNAL_POLL]
06-06 17:47:56.603   551   551 V BackupManagerService: Connected to transport ComponentInfo{com.google.android.gms/com.google.android.gms.backup.BackupTransportService}
06-06 17:47:56.604   551   551 V BackupManagerService: Registering transport com.google.android.gms/.backup.BackupTransportService::com.google.android.gms/.backup.BackupTransportService = com.android.internal.backup.IBackupTransport$Stub$Proxy@2cff1aa1
06-06 17:47:56.668  2757  3693 I chromium: [2757:3693:INFO:setup_state.cc(200)] Setup state changed: SETUP_STATE_UNKNOWN (0) -> SETUP_STATE_CONNECTED (60)
06-06 17:47:56.730  1477  1492 I art     : Background sticky concurrent mark sweep GC freed 15097(1082KB) AllocSpace objects, 3(48KB) LOS objects, 12% free, 7MB/9MB, paused 2.418ms total 235.464ms
06-06 17:47:56.744  2757  2757 D CastReceiverServiceBase: Started
06-06 17:47:56.842  2757  2757 D cr_ChildProcLauncher: [ChildProcessLauncher.java:646] on connect callback, pid=3657 context=-1346125096 callbackType=1
06-06 17:47:56.849  2757  2757 D AvSettingsAndroid: HDMI plug update: action=android.media.action.HDMI_AUDIO_PLUG, plug=1
06-06 17:47:56.850  2757  2757 D AvSettingsAndroid: Max channel count = 6
06-06 17:47:56.850  2757  2757 D AvSettingsAndroid: Extra encoding = 2
06-06 17:47:56.850  2757  2757 D AvSettingsAndroid: Extra encoding = 5
06-06 17:47:56.850  2757  2757 I chromium: [2757:2757:INFO:mdns_manager_impl.cc(275)] Successfully registered service: type=_googlecast
06-06 17:47:56.850  2757  3687 I chromium: [2757:3687:INFO:media_manager_impl.cc(545)] New audio codecs supported: new_codecs=16, old_codecs=0
06-06 17:47:56.954  3657  3684 D v_gal   : [tid= 3684] _ConstructOs:397, gal3d.ko already insmoded, count=0
06-06 17:47:56.991  3657  3684 E libEGL  : validate_display:255 error 3008 (EGL_BAD_DISPLAY)
06-06 17:47:57.025  2757  2757 D AvSettingsAndroid: Got intent: android.media.MASTER_MUTE_CHANGED_ACTION
06-06 17:47:57.029  1477  1477 I Auth    : [AuthDelegateWrapper] Service intent: Intent { act=com.google.android.gsf.notouch.LAUNCH_AUTH_UI pkg=com.google.android.gsf.notouch }.
06-06 17:47:57.056   137   137 I WVCdm   : CdmEngine::OpenSession
06-06 17:47:57.056   137   137 I WVCdm   : Level3 Library Dec 11 2014 16:13:16
06-06 17:47:57.085   137   137 W WVCdm   : Could not read /data/mediadrm/IDM1013/ay64.dat2: No such file or directory
06-06 17:47:57.109  2757  2757 I chromium: [2757:2757:INFO:metrics_util.cc(103)] Metrics stat: total=0
06-06 17:47:57.109  2757  2757 I chromium: [2757:2757:INFO:metrics_util.cc(255)] Count histogram: SetVolumeLevel, sample=100, boundary=101
06-06 17:47:57.175  2757  2757 I chromium: [2757:2757:INFO:metrics_recorder_impl.cc(442)] Upload opt-out event with response code 200
06-06 17:47:57.176  2757  2757 I chromium: [2757:2757:INFO:cast_receiver_impl.cc(851)] Discovery started or updated: state=idle
06-06 17:47:57.178  2757  3688 I chromium: [2757:3688:INFO:mdns_app_filter.cc(948)] Created mDNS socket for interface:name=wlan0, address=192.168.1.61, index=3
06-06 17:47:57.178  2757  3688 I chromium: [2757:3688:INFO:mdns_app_filter.cc(807)] MdnsAppFilter is starting.
06-06 17:47:57.179  2757  2757 D AutoStartListener: Starting Cast Receiver service if not started yet.
06-06 17:47:57.197  2757  2757 I chromium: [2757:2757:INFO:config_downloader.cc(303)] Received Protobuf config response
06-06 17:47:57.211  3657  3722 I OMXClient: Using client-side OMX mux.
06-06 17:47:57.266   137   137 D WVCdm   : OEMCrypto_Initialize Level 1 success. I will use level 1.
06-06 17:47:57.300  1477  1477 I GCoreNlp: shouldConfirmNlp, NLP off. Ensuring opt-in disabled
06-06 17:47:57.346  2757  2757 D IdleScreenApplicationFactory: Creating daemon idle app: E8C28D3C
06-06 17:47:57.351   137   137 I WVCdm   : CdmEngine::QueryKeyControlInfo
06-06 17:47:57.352  2757  3698 I chromium: [2757:3698:INFO:jni_client_auth_creds.cc(164)] Cast: signing message with length 35
06-06 17:47:57.366  2757  2757 I chromium: [2757:2757:INFO:receiver_namespace_handler.cc(453)] Schedule RUNNING check for new current app
06-06 17:47:57.387  2757  2757 D IdleScreenApplication: Start idle app: IdleScreenApp(E8C28D3C:idle-0), postData=
06-06 17:47:57.409  2757  3723 I chromium: [2757:3723:INFO:libupnp_util.cc(164)] SSDP server is initialized: upnp_addr=192.168.1.61, root_device_desc_url=http://192.168.1.61:8008/ssdp/device-desc.xml
06-06 17:47:57.428  2757  2757 I chromium: [2757:2757:INFO:application_manager_impl.cc(810)] App starting: E8C28D3C (Backdrop)
06-06 17:47:57.429  2757  3645 I chromium: [2757:3645:INFO:application_identification_settings.cc(103)] new ApplicationIdentificationSettings session_id: 6467C4D6-2CAE-46FC-8A5D-371D2F59ABC1 app_id: E8C28D3C app_device_id: 32066279AA2472ED1319F2DDC5D104BC flags: 23 headers: 2047
06-06 17:47:57.429  2757  2757 I chromium: [2757:2757:INFO:application_manager_impl.cc(823)] App started: E8C28D3C (Backdrop), instance=idle-0
06-06 17:47:57.430  2757  3691 I chromium: [2757:3691:INFO:v2_transport.cc(294)] Cast V2 endpoint added: id=idle-0
06-06 17:47:57.441  3657  3722 D OmxCoreMaster: loadCore() line 327: In loadCore 327
06-06 17:47:57.441  3657  3722 D BerlinOmxCore: BerlinCore() line 111: Initialize amp client
06-06 17:47:57.458  3657  3722 W linker  : libBerlinVideo.so: unused DT entry: type 0x6ffffffe arg 0xec2c
06-06 17:47:57.458  3657  3722 W linker  : libBerlinVideo.so: unused DT entry: type 0x6fffffff arg 0x4
06-06 17:47:57.462  3657  3722 W linker  : libffmpeg_avcodec.so: unused DT entry: type 0x6ffffffe arg 0x5754
06-06 17:47:57.462  3657  3722 W linker  : libffmpeg_avcodec.so: unused DT entry: type 0x6fffffff arg 0x2
06-06 17:47:57.465  3657  3722 W linker  : libffmpeg_avformat.so: unused DT entry: type 0x6ffffffe arg 0x5b18
06-06 17:47:57.465  3657  3722 W linker  : libffmpeg_avformat.so: unused DT entry: type 0x6fffffff arg 0x2
06-06 17:47:57.475  3657  3722 W linker  : libffmpeg_swresample.so: unused DT entry: type 0x6ffffffe arg 0xc94
06-06 17:47:57.475  3657  3722 W linker  : libffmpeg_swresample.so: unused DT entry: type 0x6fffffff arg 0x1
06-06 17:47:57.478  3657  3722 W linker  : libffmpeg_swscale.so: unused DT entry: type 0x6ffffffe arg 0xe20
06-06 17:47:57.478  3657  3722 W linker  : libffmpeg_swscale.so: unused DT entry: type 0x6fffffff arg 0x1
06-06 17:47:57.493  3657  3722 W linker  : libffmpeg_avcodec.so has text relocations. This is wasting memory and prevents security hardening. Please fix.
06-06 17:47:57.545  3657  3722 W linker  : libBerlinAudio.so: unused DT entry: type 0x6ffffffe arg 0x720c
06-06 17:47:57.545  3657  3722 W linker  : libBerlinAudio.so: unused DT entry: type 0x6fffffff arg 0x4
06-06 17:47:57.561  3657  3722 D OmxCoreMaster: recordComponentAndRole() line 227: In recordComponentAndRole 227
06-06 17:47:57.561  3657  3722 D CreateVideoComponentEntry: CreateComponentEntry() line 46: Omx Create Component OMX.Marvell.video_decoder.avc
06-06 17:47:57.562  3657  3722 D BerlinOmxAmpVideoDecoder: componentDeInit() line 483: Function Enter
06-06 17:47:57.562  3657  3722 D BerlinOmxAmpVideoDecoder: destroyHardwareResource() line 2090: Function Enter
06-06 17:47:57.562  3657  3722 D BerlinOmxAmpVideoDecoder: destroyHardwareResource() line 2109: Function Exit
06-06 17:47:57.562  3657  3722 D BerlinOmxAmpVideoDecoder: ~OmxAmpVideoDecoder() line 341: destroyed
06-06 17:47:57.562  3657  3722 D BerlinOmxAmpVideoDecoder: componentDeInit() line 489: Function Exit
06-06 17:47:57.562  3657  3722 D OmxCoreMaster: recordComponentAndRole() line 235: Comp OMX.Marvell.video_decoder.avc, have 1 roles
06-06 17:47:57.562  3657  3722 D CreateVideoComponentEntry: CreateComponentEntry() line 46: Omx Create Component OMX.Marvell.video_decoder.avc
06-06 17:47:57.562  3657  3722 D BerlinOmxAmpVideoDecoder: componentDeInit() line 483: Function Enter
06-06 17:47:57.562  3657  3722 D BerlinOmxAmpVideoDecoder: destroyHardwareResource() line 2090: Function Enter
06-06 17:47:57.562  3657  3722 D BerlinOmxAmpVideoDecoder: destroyHardwareResource() line 2109: Function Exit
06-06 17:47:57.563  3657  3722 D BerlinOmxAmpVideoDecoder: ~OmxAmpVideoDecoder() line 341: destroyed
06-06 17:47:57.563  3657  3722 D BerlinOmxAmpVideoDecoder: componentDeInit() line 489: Function Exit
06-06 17:47:57.563  3657  3722 D CreateVideoComponentEntry: CreateComponentEntry() line 46: Omx Create Component OMX.Marvell.video_decoder.avc.secure
06-06 17:47:57.563  3657  3722 D BerlinOmxAmpVideoDecoder: componentDeInit() line 483: Function Enter
06-06 17:47:57.563  3657  3722 D BerlinOmxAmpVideoDecoder: destroyHardwareResource() line 2090: Function Enter
06-06 17:47:57.563  3657  3722 D BerlinOmxAmpVideoDecoder: destroyHardwareResource() line 2109: Function Exit
06-06 17:47:57.563  3657  3722 D BerlinOmxAmpVideoDecoder: ~OmxAmpVideoDecoder() line 341: destroyed
06-06 17:47:57.563  3657  3722 D BerlinOmxAmpVideoDecoder: componentDeInit() line 489: Function Exit
06-06 17:47:57.563  3657  3722 D OmxCoreMaster: recordComponentAndRole() line 235: Comp OMX.Marvell.video_decoder.avc.secure, have 1 roles
06-06 17:47:57.563  3657  3722 D CreateVideoComponentEntry: CreateComponentEntry() line 46: Omx Create Component OMX.Marvell.video_decoder.avc.secure
06-06 17:47:57.563  3657  3722 D BerlinOmxAmpVideoDecoder: componentDeInit() line 483: Function Enter
06-06 17:47:57.563  3657  3722 D BerlinOmxAmpVideoDecoder: destroyHardwareResource() line 2090: Function Enter
06-06 17:47:57.564  3657  3722 D BerlinOmxAmpVideoDecoder: destroyHardwareResource() line 2109: Function Exit
06-06 17:47:57.564  3657  3722 D BerlinOmxAmpVideoDecoder: ~OmxAmpVideoDecoder() line 341: destroyed
06-06 17:47:57.564  3657  3722 D BerlinOmxAmpVideoDecoder: componentDeInit() line 489: Function Exit
06-06 17:47:57.564  3657  3722 D CreateVideoComponentEntry: CreateComponentEntry() line 46: Omx Create Component OMX.Marvell.video_decoder.h263
06-06 17:47:57.564  3657  3722 D BerlinOmxAmpVideoDecoder: componentDeInit() line 483: Function Enter
06-06 17:47:57.564  3657  3722 D BerlinOmxAmpVideoDecoder: destroyHardwareResource() line 2090: Function Enter
06-06 17:47:57.564  3657  3722 D BerlinOmxAmpVideoDecoder: destroyHardwareResource() line 2109: Function Exit
06-06 17:47:57.564  3657  3722 D BerlinOmxAmpVideoDecoder: ~OmxAmpVideoDecoder() line 341: destroyed
06-06 17:47:57.564  3657  3722 D BerlinOmxAmpVideoDecoder: componentDeInit() line 489: Function Exit
06-06 17:47:57.564  3657  3722 D OmxCoreMaster: recordComponentAndRole() line 235: Comp OMX.Marvell.video_decoder.h263, have 1 roles
06-06 17:47:57.564  3657  3722 D CreateVideoComponentEntry: CreateComponentEntry() line 46: Omx Create Component OMX.Marvell.video_decoder.h263
06-06 17:47:57.564  3657  3722 D BerlinOmxAmpVideoDecoder: componentDeInit() line 483: Function Enter
06-06 17:47:57.564  3657  3722 D BerlinOmxAmpVideoDecoder: destroyHardwareResource() line 2090: Function Enter
06-06 17:47:57.564  3657  3722 D BerlinOmxAmpVideoDecoder: destroyHardwareResource() line 2109: Function Exit
06-06 17:47:57.564  3657  3722 D BerlinOmxAmpVideoDecoder: ~OmxAmpVideoDecoder() line 341: destroyed
06-06 17:47:57.564  3657  3722 D BerlinOmxAmpVideoDecoder: componentDeInit() line 489: Function Exit
06-06 17:47:57.564  3657  3722 D CreateVideoComponentEntry: CreateComponentEntry() line 46: Omx Create Component OMX.Marvell.video_decoder.mpeg2
06-06 17:47:57.564  3657  3722 D BerlinOmxAmpVideoDecoder: componentDeInit() line 483: Function Enter
06-06 17:47:57.564  3657  3722 D BerlinOmxAmpVideoDecoder: destroyHardwareResource() line 2090: Function Enter
06-06 17:47:57.564  3657  3722 D BerlinOmxAmpVideoDecoder: destroyHardwareResource() line 2109: Function Exit
06-06 17:47:57.564  3657  3722 D BerlinOmxAmpVideoDecoder: ~OmxAmpVideoDecoder() line 341: destroyed
06-06 17:47:57.564  3657  3722 D BerlinOmxAmpVideoDecoder: componentDeInit() line 489: Function Exit
06-06 17:47:57.564  3657  3722 D OmxCoreMaster: recordComponentAndRole() line 235: Comp OMX.Marvell.video_decoder.mpeg2, have 1 roles
06-06 17:47:57.564  3657  3722 D CreateVideoComponentEntry: CreateComponentEntry() line 46: Omx Create Component OMX.Marvell.video_decoder.mpeg2
06-06 17:47:57.564  3657  3722 D BerlinOmxAmpVideoDecoder: componentDeInit() line 483: Function Enter
06-06 17:47:57.565  3657  3722 D BerlinOmxAmpVideoDecoder: destroyHardwareResource() line 2090: Function Enter
06-06 17:47:57.565  3657  3722 D BerlinOmxAmpVideoDecoder: destroyHardwareResource() line 2109: Function Exit
06-06 17:47:57.565  3657  3722 D BerlinOmxAmpVideoDecoder: ~OmxAmpVideoDecoder() line 341: destroyed
06-06 17:47:57.565  3657  3722 D BerlinOmxAmpVideoDecoder: componentDeInit() line 489: Function Exit
06-06 17:47:57.565  3657  3722 D CreateVideoComponentEntry: CreateComponentEntry() line 46: Omx Create Component OMX.Marvell.video_decoder.mpeg4
06-06 17:47:57.565  3657  3722 D BerlinOmxAmpVideoDecoder: componentDeInit() line 483: Function Enter
06-06 17:47:57.565  3657  3722 D BerlinOmxAmpVideoDecoder: destroyHardwareResource() line 2090: Function Enter
06-06 17:47:57.565  3657  3722 D BerlinOmxAmpVideoDecoder: destroyHardwareResource() line 2109: Function Exit
06-06 17:47:57.565  3657  3722 D BerlinOmxAmpVideoDecoder: ~OmxAmpVideoDecoder() line 341: destroyed
06-06 17:47:57.565  3657  3722 D BerlinOmxAmpVideoDecoder: componentDeInit() line 489: Function Exit
06-06 17:47:57.565  3657  3722 D OmxCoreMaster: recordComponentAndRole() line 235: Comp OMX.Marvell.video_decoder.mpeg4, have 1 roles
06-06 17:47:57.565  3657  3722 D CreateVideoComponentEntry: CreateComponentEntry() line 46: Omx Create Component OMX.Marvell.video_decoder.mpeg4
06-06 17:47:57.566  3657  3722 D BerlinOmxAmpVideoDecoder: componentDeInit() line 483: Function Enter
06-06 17:47:57.566  3657  3722 D BerlinOmxAmpVideoDecoder: destroyHardwareResource() line 2090: Function Enter
06-06 17:47:57.566  3657  3722 D BerlinOmxAmpVideoDecoder: destroyHardwareResource() line 2109: Function Exit
06-06 17:47:57.566  3657  3722 D BerlinOmxAmpVideoDecoder: ~OmxAmpVideoDecoder() line 341: destroyed
06-06 17:47:57.566  3657  3722 D BerlinOmxAmpVideoDecoder: componentDeInit() line 489: Function Exit
06-06 17:47:57.566  3657  3722 D CreateVideoComponentEntry: CreateComponentEntry() line 46: Omx Create Component OMX.Marvell.video_decoder.vpx
06-06 17:47:57.566  3657  3722 D BerlinOmxAmpVideoDecoder: componentDeInit() line 483: Function Enter
06-06 17:47:57.566  3657  3722 D BerlinOmxAmpVideoDecoder: destroyHardwareResource() line 2090: Function Enter
06-06 17:47:57.566  3657  3722 D BerlinOmxAmpVideoDecoder: destroyHardwareResource() line 2109: Function Exit
06-06 17:47:57.566  3657  3722 D BerlinOmxAmpVideoDecoder: ~OmxAmpVideoDecoder() line 341: destroyed
06-06 17:47:57.566  3657  3722 D BerlinOmxAmpVideoDecoder: componentDeInit() line 489: Function Exit
06-06 17:47:57.566  3657  3722 D OmxCoreMaster: recordComponentAndRole() line 235: Comp OMX.Marvell.video_decoder.vpx, have 1 roles
06-06 17:47:57.566  3657  3722 D CreateVideoComponentEntry: CreateComponentEntry() line 46: Omx Create Component OMX.Marvell.video_decoder.vpx
06-06 17:47:57.566  3657  3722 D BerlinOmxAmpVideoDecoder: componentDeInit() line 483: Function Enter
06-06 17:47:57.566  3657  3722 D BerlinOmxAmpVideoDecoder: destroyHardwareResource() line 2090: Function Enter
06-06 17:47:57.566  3657  3722 D BerlinOmxAmpVideoDecoder: destroyHardwareResource() line 2109: Function Exit
06-06 17:47:57.566  3657  3722 D BerlinOmxAmpVideoDecoder: ~OmxAmpVideoDecoder() line 341: destroyed
06-06 17:47:57.566  3657  3722 D BerlinOmxAmpVideoDecoder: componentDeInit() line 489: Function Exit
06-06 17:47:57.566  3657  3722 D CreateVideoComponentEntry: CreateComponentEntry() line 46: Omx Create Component OMX.Marvell.video_decoder.vp8
06-06 17:47:57.566  3657  3722 D BerlinOmxAmpVideoDecoder: componentDeInit() line 483: Function Enter
06-06 17:47:57.566  3657  3722 D BerlinOmxAmpVideoDecoder: destroyHardwareResource() line 2090: Function Enter
06-06 17:47:57.566  3657  3722 D BerlinOmxAmpVideoDecoder: destroyHardwareResource() line 2109: Function Exit
06-06 17:47:57.566  3657  3722 D BerlinOmxAmpVideoDecoder: ~OmxAmpVideoDecoder() line 341: destroyed
06-06 17:47:57.566  3657  3722 D BerlinOmxAmpVideoDecoder: componentDeInit() line 489: Function Exit
06-06 17:47:57.566  3657  3722 D OmxCoreMaster: recordComponentAndRole() line 235: Comp OMX.Marvell.video_decoder.vp8, have 1 roles
06-06 17:47:57.566  3657  3722 D CreateVideoComponentEntry: CreateComponentEntry() line 46: Omx Create Component OMX.Marvell.video_decoder.vp8
06-06 17:47:57.566  3657  3722 D BerlinOmxAmpVideoDecoder: componentDeInit() line 483: Function Enter
06-06 17:47:57.566  3657  3722 D BerlinOmxAmpVideoDecoder: destroyHardwareResource() line 2090: Function Enter
06-06 17:47:57.566  3657  3722 D BerlinOmxAmpVideoDecoder: destroyHardwareResource() line 2109: Function Exit
06-06 17:47:57.566  3657  3722 D BerlinOmxAmpVideoDecoder: ~OmxAmpVideoDecoder() line 341: destroyed
06-06 17:47:57.566  3657  3722 D BerlinOmxAmpVideoDecoder: componentDeInit() line 489: Function Exit
06-06 17:47:57.566  3657  3722 D CreateVideoComponentEntry: CreateComponentEntry() line 46: Omx Create Component OMX.Marvell.video_decoder.vp9
06-06 17:47:57.566  3657  3722 D BerlinOmxAmpVideoDecoder: componentDeInit() line 483: Function Enter
06-06 17:47:57.566  3657  3722 D BerlinOmxAmpVideoDecoder: destroyHardwareResource() line 2090: Function Enter
06-06 17:47:57.566  3657  3722 D BerlinOmxAmpVideoDecoder: destroyHardwareResource() line 2109: Function Exit
06-06 17:47:57.567  3657  3722 D BerlinOmxAmpVideoDecoder: ~OmxAmpVideoDecoder() line 341: destroyed
06-06 17:47:57.567  3657  3722 D BerlinOmxAmpVideoDecoder: componentDeInit() line 489: Function Exit
06-06 17:47:57.567  3657  3722 D OmxCoreMaster: recordComponentAndRole() line 235: Comp OMX.Marvell.video_decoder.vp9, have 1 roles
06-06 17:47:57.567  3657  3722 D CreateVideoComponentEntry: CreateComponentEntry() line 46: Omx Create Component OMX.Marvell.video_decoder.vp9
06-06 17:47:57.567  3657  3722 D BerlinOmxAmpVideoDecoder: componentDeInit() line 483: Function Enter
06-06 17:47:57.567  3657  3722 D BerlinOmxAmpVideoDecoder: destroyHardwareResource() line 2090: Function Enter
06-06 17:47:57.567  3657  3722 D BerlinOmxAmpVideoDecoder: destroyHardwareResource() line 2109: Function Exit
06-06 17:47:57.567  3657  3722 D BerlinOmxAmpVideoDecoder: ~OmxAmpVideoDecoder() line 341: destroyed
06-06 17:47:57.567  3657  3722 D BerlinOmxAmpVideoDecoder: componentDeInit() line 489: Function Exit
06-06 17:47:57.567  3657  3722 D CreateVideoComponentEntry: CreateComponentEntry() line 46: Omx Create Component OMX.Marvell.video_decoder.vc1
06-06 17:47:57.567  3657  3722 D BerlinOmxAmpVideoDecoder: componentDeInit() line 483: Function Enter
06-06 17:47:57.567  3657  3722 D BerlinOmxAmpVideoDecoder: destroyHardwareResource() line 2090: Function Enter
06-06 17:47:57.567  3657  3722 D BerlinOmxAmpVideoDecoder: destroyHardwareResource() line 2109: Function Exit
06-06 17:47:57.567  3657  3722 D BerlinOmxAmpVideoDecoder: ~OmxAmpVideoDecoder() line 341: destroyed
06-06 17:47:57.567  3657  3722 D BerlinOmxAmpVideoDecoder: componentDeInit() line 489: Function Exit
06-06 17:47:57.567  3657  3722 D OmxCoreMaster: recordComponentAndRole() line 235: Comp OMX.Marvell.video_decoder.vc1, have 1 roles
06-06 17:47:57.567  3657  3722 D CreateVideoComponentEntry: CreateComponentEntry() line 46: Omx Create Component OMX.Marvell.video_decoder.vc1
06-06 17:47:57.567  3657  3722 D BerlinOmxAmpVideoDecoder: componentDeInit() line 483: Function Enter
06-06 17:47:57.567  3657  3722 D BerlinOmxAmpVideoDecoder: destroyHardwareResource() line 2090: Function Enter
06-06 17:47:57.567  3657  3722 D BerlinOmxAmpVideoDecoder: destroyHardwareResource() line 2109: Function Exit
06-06 17:47:57.567  3657  3722 D BerlinOmxAmpVideoDecoder: ~OmxAmpVideoDecoder() line 341: destroyed
06-06 17:47:57.567  3657  3722 D BerlinOmxAmpVideoDecoder: componentDeInit() line 489: Function Exit
06-06 17:47:57.567  3657  3722 D CreateVideoComponentEntry: CreateComponentEntry() line 46: Omx Create Component OMX.Marvell.video_decoder.vc1.secure
06-06 17:47:57.567  3657  3722 D BerlinOmxAmpVideoDecoder: componentDeInit() line 483: Function Enter
06-06 17:47:57.567  3657  3722 D BerlinOmxAmpVideoDecoder: destroyHardwareResource() line 2090: Function Enter
06-06 17:47:57.567  3657  3722 D BerlinOmxAmpVideoDecoder: destroyHardwareResource() line 2109: Function Exit
06-06 17:47:57.567  3657  3722 D BerlinOmxAmpVideoDecoder: ~OmxAmpVideoDecoder() line 341: destroyed
06-06 17:47:57.567  3657  3722 D BerlinOmxAmpVideoDecoder: componentDeInit() line 489: Function Exit
06-06 17:47:57.567  3657  3722 D OmxCoreMaster: recordComponentAndRole() line 235: Comp OMX.Marvell.video_decoder.vc1.secure, have 1 roles
06-06 17:47:57.567  3657  3722 D CreateVideoComponentEntry: CreateComponentEntry() line 46: Omx Create Component OMX.Marvell.video_decoder.vc1.secure
06-06 17:47:57.567  3657  3722 D BerlinOmxAmpVideoDecoder: componentDeInit() line 483: Function Enter
06-06 17:47:57.567  3657  3722 D BerlinOmxAmpVideoDecoder: destroyHardwareResource() line 2090: Function Enter
06-06 17:47:57.567  3657  3722 D BerlinOmxAmpVideoDecoder: destroyHardwareResource() line 2109: Function Exit
06-06 17:47:57.567  3657  3722 D BerlinOmxAmpVideoDecoder: ~OmxAmpVideoDecoder() line 341: destroyed
06-06 17:47:57.567  3657  3722 D BerlinOmxAmpVideoDecoder: componentDeInit() line 489: Function Exit
06-06 17:47:57.567  3657  3722 D CreateVideoComponentEntry: CreateComponentEntry() line 46: Omx Create Component OMX.Marvell.video_decoder.msmpeg4
06-06 17:47:57.567  3657  3722 D BerlinOmxAmpVideoDecoder: componentDeInit() line 483: Function Enter
06-06 17:47:57.567  3657  3722 D BerlinOmxAmpVideoDecoder: destroyHardwareResource() line 2090: Function Enter
06-06 17:47:57.567  3657  3722 D BerlinOmxAmpVideoDecoder: destroyHardwareResource() line 2109: Function Exit
06-06 17:47:57.567  3657  3722 D BerlinOmxAmpVideoDecoder: ~OmxAmpVideoDecoder() line 341: destroyed
06-06 17:47:57.567  3657  3722 D BerlinOmxAmpVideoDecoder: componentDeInit() line 489: Function Exit
06-06 17:47:57.567  3657  3722 D OmxCoreMaster: recordComponentAndRole() line 235: Comp OMX.Marvell.video_decoder.msmpeg4, have 1 roles
06-06 17:47:57.567  3657  3722 D CreateVideoComponentEntry: CreateComponentEntry() line 46: Omx Create Component OMX.Marvell.video_decoder.msmpeg4
06-06 17:47:57.567  3657  3722 D BerlinOmxAmpVideoDecoder: componentDeInit() line 483: Function Enter
06-06 17:47:57.567  3657  3722 D BerlinOmxAmpVideoDecoder: destroyHardwareResource() line 2090: Function Enter
06-06 17:47:57.567  3657  3722 D BerlinOmxAmpVideoDecoder: destroyHardwareResource() line 2109: Function Exit
06-06 17:47:57.567  3657  3722 D BerlinOmxAmpVideoDecoder: ~OmxAmpVideoDecoder() line 341: destroyed
06-06 17:47:57.567  3657  3722 D BerlinOmxAmpVideoDecoder: componentDeInit() line 489: Function Exit
06-06 17:47:57.567  3657  3722 D CreateVideoComponentEntry: CreateComponentEntry() line 46: Omx Create Component OMX.Marvell.video_decoder.hevc
06-06 17:47:57.567  3657  3722 D BerlinOmxAmpVideoDecoder: componentDeInit() line 483: Function Enter
06-06 17:47:57.567  3657  3722 D BerlinOmxAmpVideoDecoder: destroyHardwareResource() line 2090: Function Enter
06-06 17:47:57.567  3657  3722 D BerlinOmxAmpVideoDecoder: destroyHardwareResource() line 2109: Function Exit
06-06 17:47:57.567  3657  3722 D BerlinOmxAmpVideoDecoder: ~OmxAmpVideoDecoder() line 341: destroyed
06-06 17:47:57.567  3657  3722 D BerlinOmxAmpVideoDecoder: componentDeInit() line 489: Function Exit
06-06 17:47:57.568  3657  3722 D OmxCoreMaster: recordComponentAndRole() line 235: Comp OMX.Marvell.video_decoder.hevc, have 1 roles
06-06 17:47:57.568  3657  3722 D CreateVideoComponentEntry: CreateComponentEntry() line 46: Omx Create Component OMX.Marvell.video_decoder.hevc
06-06 17:47:57.568  3657  3722 D BerlinOmxAmpVideoDecoder: componentDeInit() line 483: Function Enter
06-06 17:47:57.568  3657  3722 D BerlinOmxAmpVideoDecoder: destroyHardwareResource() line 2090: Function Enter
06-06 17:47:57.568  3657  3722 D BerlinOmxAmpVideoDecoder: destroyHardwareResource() line 2109: Function Exit
06-06 17:47:57.568  3657  3722 D BerlinOmxAmpVideoDecoder: ~OmxAmpVideoDecoder() line 341: destroyed
06-06 17:47:57.569  3657  3722 D BerlinOmxAmpVideoDecoder: componentDeInit() line 489: Function Exit
06-06 17:47:57.569  3657  3722 D CreateVideoComponentEntry: CreateComponentEntry() line 46: Omx Create Component OMX.Marvell.video_decoder.hevc.secure
06-06 17:47:57.569  3657  3722 D BerlinOmxAmpVideoDecoder: componentDeInit() line 483: Function Enter
06-06 17:47:57.569  3657  3722 D BerlinOmxAmpVideoDecoder: destroyHardwareResource() line 2090: Function Enter
06-06 17:47:57.569  3657  3722 D BerlinOmxAmpVideoDecoder: destroyHardwareResource() line 2109: Function Exit
06-06 17:47:57.569  3657  3722 D BerlinOmxAmpVideoDecoder: ~OmxAmpVideoDecoder() line 341: destroyed
06-06 17:47:57.569  3657  3722 D BerlinOmxAmpVideoDecoder: componentDeInit() line 489: Function Exit
